{
  "aktørId": "42",
  "vilkårsgrunnlagHistorikk": [],
  "skjemaVersjon": 1337
}