{
  "aktørId": "42",
  "arbeidsgivere": [
    {
      "vedtaksperioder": [
        {
          "fom": "2018-01-01",
          "tom": "2018-01-31",
          "tilstand": "AVSLUTTET",
          "skjæringstidspunkt": "2018-01-01"
        }
      ]
    }
  ],
  "vilkårsgrunnlagHistorikk": [
    {
      "id": "{id}",
      "opprettet": "{opprettet}",
      "vilkårsgrunnlag": []
    },
    {
      "id": "2e081d1f-385f-4132-a0bf-d3e45e31f343",
      "opprettet": "2022-09-12T21:23:44.419492",
      "vilkårsgrunnlag": [
        {
          "skjæringstidspunkt": "2018-01-01",
          "type": "Vilkårsprøving",
          "avviksprosent": "Infinity",
          "sykepengegrunnlag": {
            "sykepengegrunnlag": 372000.0,
            "inntektsgrunnlag": 372000.0,
            "grunnbeløp": 561804.0,
            "arbeidsgiverInntektsopplysninger": [
              {
                "orgnummer": "987654321",
                "inntektsopplysning": {
                  "id": "91161fed-7353-4d6a-a5ab-fe06e18e9833",
                  "dato": "2018-01-01",
                  "hendelseId": "8d83f029-762a-45df-9d5d-0f879ad1be01",
                  "beløp": 31000.0,
                  "kilde": "INNTEKTSMELDING",
                  "tidsstempel": "2022-09-12T21:23:44.287785"
                }
              }
            ],
            "begrensning": "ER_IKKE_6G_BEGRENSET",
            "deaktiverteArbeidsforhold": [],
            "vurdertInfotrygd": false,
            "minsteinntekt": 46817.0,
            "oppfyllerMinsteinntektskrav": true
          },
          "sammenligningsgrunnlag": {
            "sammenligningsgrunnlag": 372000.0,
            "arbeidsgiverInntektsopplysninger": [
              {
                "orgnummer": "987654321",
                "inntektsopplysning": {
                  "id": "b850783c-dd82-45cd-97f1-21ef73f7cbac",
                  "skatteopplysninger": [
                    {
                      "dato": "2018-01-01",
                      "hendelseId": "38e7698c-4b91-444a-8887-066af8aa8a9b",
                      "beløp": 31000.0,
                      "kilde": "SKATT_SAMMENLIGNINGSGRUNNLAG",
                      "tidsstempel": "2022-09-12T21:23:44.327695",
                      "måned": "2017-01",
                      "type": "LØNNSINNTEKT",
                      "fordel": "kontantytelse",
                      "beskrivelse": "fastloenn"
                    },
                    {
                      "dato": "2018-01-01",
                      "hendelseId": "38e7698c-4b91-444a-8887-066af8aa8a9b",
                      "beløp": 31000.0,
                      "kilde": "SKATT_SAMMENLIGNINGSGRUNNLAG",
                      "tidsstempel": "2022-09-12T21:23:44.327695",
                      "måned": "2017-02",
                      "type": "LØNNSINNTEKT",
                      "fordel": "kontantytelse",
                      "beskrivelse": "fastloenn"
                    },
                    {
                      "dato": "2018-01-01",
                      "hendelseId": "38e7698c-4b91-444a-8887-066af8aa8a9b",
                      "beløp": 31000.0,
                      "kilde": "SKATT_SAMMENLIGNINGSGRUNNLAG",
                      "tidsstempel": "2022-09-12T21:23:44.327695",
                      "måned": "2017-03",
                      "type": "LØNNSINNTEKT",
                      "fordel": "kontantytelse",
                      "beskrivelse": "fastloenn"
                    },
                    {
                      "dato": "2018-01-01",
                      "hendelseId": "38e7698c-4b91-444a-8887-066af8aa8a9b",
                      "beløp": 31000.0,
                      "kilde": "SKATT_SAMMENLIGNINGSGRUNNLAG",
                      "tidsstempel": "2022-09-12T21:23:44.327695",
                      "måned": "2017-04",
                      "type": "LØNNSINNTEKT",
                      "fordel": "kontantytelse",
                      "beskrivelse": "fastloenn"
                    },
                    {
                      "dato": "2018-01-01",
                      "hendelseId": "38e7698c-4b91-444a-8887-066af8aa8a9b",
                      "beløp": 31000.0,
                      "kilde": "SKATT_SAMMENLIGNINGSGRUNNLAG",
                      "tidsstempel": "2022-09-12T21:23:44.327695",
                      "måned": "2017-05",
                      "type": "LØNNSINNTEKT",
                      "fordel": "kontantytelse",
                      "beskrivelse": "fastloenn"
                    },
                    {
                      "dato": "2018-01-01",
                      "hendelseId": "38e7698c-4b91-444a-8887-066af8aa8a9b",
                      "beløp": 31000.0,
                      "kilde": "SKATT_SAMMENLIGNINGSGRUNNLAG",
                      "tidsstempel": "2022-09-12T21:23:44.327695",
                      "måned": "2017-06",
                      "type": "LØNNSINNTEKT",
                      "fordel": "kontantytelse",
                      "beskrivelse": "fastloenn"
                    },
                    {
                      "dato": "2018-01-01",
                      "hendelseId": "38e7698c-4b91-444a-8887-066af8aa8a9b",
                      "beløp": 31000.0,
                      "kilde": "SKATT_SAMMENLIGNINGSGRUNNLAG",
                      "tidsstempel": "2022-09-12T21:23:44.327695",
                      "måned": "2017-07",
                      "type": "LØNNSINNTEKT",
                      "fordel": "kontantytelse",
                      "beskrivelse": "fastloenn"
                    },
                    {
                      "dato": "2018-01-01",
                      "hendelseId": "38e7698c-4b91-444a-8887-066af8aa8a9b",
                      "beløp": 31000.0,
                      "kilde": "SKATT_SAMMENLIGNINGSGRUNNLAG",
                      "tidsstempel": "2022-09-12T21:23:44.327695",
                      "måned": "2017-08",
                      "type": "LØNNSINNTEKT",
                      "fordel": "kontantytelse",
                      "beskrivelse": "fastloenn"
                    },
                    {
                      "dato": "2018-01-01",
                      "hendelseId": "38e7698c-4b91-444a-8887-066af8aa8a9b",
                      "beløp": 31000.0,
                      "kilde": "SKATT_SAMMENLIGNINGSGRUNNLAG",
                      "tidsstempel": "2022-09-12T21:23:44.327695",
                      "måned": "2017-09",
                      "type": "LØNNSINNTEKT",
                      "fordel": "kontantytelse",
                      "beskrivelse": "fastloenn"
                    },
                    {
                      "dato": "2018-01-01",
                      "hendelseId": "38e7698c-4b91-444a-8887-066af8aa8a9b",
                      "beløp": 31000.0,
                      "kilde": "SKATT_SAMMENLIGNINGSGRUNNLAG",
                      "tidsstempel": "2022-09-12T21:23:44.327695",
                      "måned": "2017-10",
                      "type": "LØNNSINNTEKT",
                      "fordel": "kontantytelse",
                      "beskrivelse": "fastloenn"
                    },
                    {
                      "dato": "2018-01-01",
                      "hendelseId": "38e7698c-4b91-444a-8887-066af8aa8a9b",
                      "beløp": 31000.0,
                      "kilde": "SKATT_SAMMENLIGNINGSGRUNNLAG",
                      "tidsstempel": "2022-09-12T21:23:44.327695",
                      "måned": "2017-11",
                      "type": "LØNNSINNTEKT",
                      "fordel": "kontantytelse",
                      "beskrivelse": "fastloenn"
                    },
                    {
                      "dato": "2018-01-01",
                      "hendelseId": "38e7698c-4b91-444a-8887-066af8aa8a9b",
                      "beløp": 31000.0,
                      "kilde": "SKATT_SAMMENLIGNINGSGRUNNLAG",
                      "tidsstempel": "2022-09-12T21:23:44.327695",
                      "måned": "2017-12",
                      "type": "LØNNSINNTEKT",
                      "fordel": "kontantytelse",
                      "beskrivelse": "fastloenn"
                    }
                  ]
                }
              }
            ]
          },
          "opptjening": {
            "arbeidsforhold": [
              {
                "orgnummer": "987654321",
                "ansattPerioder": [
                  {
                    "ansattFom": "1970-01-01",
                    "ansattTom": null,
                    "deaktivert": false
                  }
                ]
              }
            ],
            "opptjeningFom": "1970-01-01",
            "opptjeningTom": "2018-01-01"
          },
          "medlemskapstatus": "JA",
          "vurdertOk": true,
          "meldingsreferanseId": "38e7698c-4b91-444a-8887-066af8aa8a9b",
          "vilkårsgrunnlagId": "48a28645-1754-4696-8eea-2ba3c3b9eb53"
        }
      ]
    }
  ],
  "skjemaVersjon": 178
}