{
  "arbeidsgivere": [
    {
      "vedtaksperioder": [
        {
          "fom": "2018-01-01",
          "tom": "2018-01-16",
          "tilstand": "AVSLUTTET_UTEN_UTBETALING",
          "skjæringstidspunkt": "2018-01-01"
        },
        {
          "fom": "2018-02-01",
          "tom": "2018-02-28",
          "tilstand": "AVSLUTTET",
          "skjæringstidspunkt": "2018-01-01"
        }
      ]
    }
  ],
  "vilkårsgrunnlagHistorikk": [
    {
      "vilkårsgrunnlag": [
        {
          "skjæringstidspunkt": "2018-01-01",
          "type": "Infotrygd",
          "sykepengegrunnlag": {
            "sykepengegrunnlag": 372000.0,
            "inntektsgrunnlag": 372000.0,
            "grunnbeløp": 561804.0,
            "arbeidsgiverInntektsopplysninger": [
              {
                "orgnummer": "987654321",
                "inntektsopplysning": {
                  "id": "9847034a-3a93-409f-ae4a-abd4266b3148",
                  "dato": "2018-01-01",
                  "hendelseId": "38b07028-2da3-4d82-8e56-54ca69505642",
                  "beløp": 31000.0,
                  "kilde": "INFOTRYGD",
                  "tidsstempel": "2022-08-31T09:52:08.472441"
                }
              }
            ],
            "begrensning": "VURDERT_I_INFOTRYGD",
            "deaktiverteArbeidsforhold": [],
            "vurdertInfotrygd": true,
            "minsteinntekt": 46817.0,
            "oppfyllerMinsteinntektskrav": true
          },
          "vilkårsgrunnlagId": "83d1fbd3-5e75-4489-ab24-a04b043bd8f1"
        }
      ]
    },
    {
      "id": "be741b83-7296-4c20-9264-9bc8557c46ff",
      "opprettet": "2022-09-09T10:09:14.181883",
      "vilkårsgrunnlag": [
        {
          "skjæringstidspunkt": "2018-01-01",
          "type": "Vilkårsprøving",
          "avviksprosent": 0.0,
          "sykepengegrunnlag": {
            "sykepengegrunnlag": 372000.0,
            "inntektsgrunnlag": 372000.0,
            "grunnbeløp": 561804.0,
            "arbeidsgiverInntektsopplysninger": [
              {
                "orgnummer": "987654321",
                "inntektsopplysning": {
                  "id": "7219811c-3429-4f9f-a324-e31630cca562",
                  "dato": "2018-01-01",
                  "hendelseId": "a77a9b77-bc06-4478-b7c0-da6c9859fa13",
                  "beløp": 31000.0,
                  "kilde": "INNTEKTSMELDING",
                  "tidsstempel": "2022-09-09T10:09:14.12847"
                }
              }
            ],
            "begrensning": "ER_IKKE_6G_BEGRENSET",
            "deaktiverteArbeidsforhold": [],
            "vurdertInfotrygd": false,
            "minsteinntekt": 46817.0,
            "oppfyllerMinsteinntektskrav": true
          },
          "sammenligningsgrunnlag": {
            "sammenligningsgrunnlag": 372000.0,
            "arbeidsgiverInntektsopplysninger": [
              {
                "orgnummer": "987654321",
                "inntektsopplysning": {
                  "id": "cb4af7b3-e73b-46c6-9236-9c2e6489ec6d",
                  "skatteopplysninger": [
                    {
                      "dato": "2018-01-01",
                      "hendelseId": "937c181b-7c46-4fcc-a1c7-8126005131b1",
                      "beløp": 31000.0,
                      "kilde": "SKATT_SAMMENLIGNINGSGRUNNLAG",
                      "tidsstempel": "2022-09-09T10:09:14.169012",
                      "måned": "2017-01",
                      "type": "LØNNSINNTEKT",
                      "fordel": "kontantytelse",
                      "beskrivelse": "fastloenn"
                    },
                    {
                      "dato": "2018-01-01",
                      "hendelseId": "937c181b-7c46-4fcc-a1c7-8126005131b1",
                      "beløp": 31000.0,
                      "kilde": "SKATT_SAMMENLIGNINGSGRUNNLAG",
                      "tidsstempel": "2022-09-09T10:09:14.169012",
                      "måned": "2017-02",
                      "type": "LØNNSINNTEKT",
                      "fordel": "kontantytelse",
                      "beskrivelse": "fastloenn"
                    },
                    {
                      "dato": "2018-01-01",
                      "hendelseId": "937c181b-7c46-4fcc-a1c7-8126005131b1",
                      "beløp": 31000.0,
                      "kilde": "SKATT_SAMMENLIGNINGSGRUNNLAG",
                      "tidsstempel": "2022-09-09T10:09:14.169012",
                      "måned": "2017-03",
                      "type": "LØNNSINNTEKT",
                      "fordel": "kontantytelse",
                      "beskrivelse": "fastloenn"
                    },
                    {
                      "dato": "2018-01-01",
                      "hendelseId": "937c181b-7c46-4fcc-a1c7-8126005131b1",
                      "beløp": 31000.0,
                      "kilde": "SKATT_SAMMENLIGNINGSGRUNNLAG",
                      "tidsstempel": "2022-09-09T10:09:14.169012",
                      "måned": "2017-04",
                      "type": "LØNNSINNTEKT",
                      "fordel": "kontantytelse",
                      "beskrivelse": "fastloenn"
                    },
                    {
                      "dato": "2018-01-01",
                      "hendelseId": "937c181b-7c46-4fcc-a1c7-8126005131b1",
                      "beløp": 31000.0,
                      "kilde": "SKATT_SAMMENLIGNINGSGRUNNLAG",
                      "tidsstempel": "2022-09-09T10:09:14.169012",
                      "måned": "2017-05",
                      "type": "LØNNSINNTEKT",
                      "fordel": "kontantytelse",
                      "beskrivelse": "fastloenn"
                    },
                    {
                      "dato": "2018-01-01",
                      "hendelseId": "937c181b-7c46-4fcc-a1c7-8126005131b1",
                      "beløp": 31000.0,
                      "kilde": "SKATT_SAMMENLIGNINGSGRUNNLAG",
                      "tidsstempel": "2022-09-09T10:09:14.169012",
                      "måned": "2017-06",
                      "type": "LØNNSINNTEKT",
                      "fordel": "kontantytelse",
                      "beskrivelse": "fastloenn"
                    },
                    {
                      "dato": "2018-01-01",
                      "hendelseId": "937c181b-7c46-4fcc-a1c7-8126005131b1",
                      "beløp": 31000.0,
                      "kilde": "SKATT_SAMMENLIGNINGSGRUNNLAG",
                      "tidsstempel": "2022-09-09T10:09:14.169012",
                      "måned": "2017-07",
                      "type": "LØNNSINNTEKT",
                      "fordel": "kontantytelse",
                      "beskrivelse": "fastloenn"
                    },
                    {
                      "dato": "2018-01-01",
                      "hendelseId": "937c181b-7c46-4fcc-a1c7-8126005131b1",
                      "beløp": 31000.0,
                      "kilde": "SKATT_SAMMENLIGNINGSGRUNNLAG",
                      "tidsstempel": "2022-09-09T10:09:14.169012",
                      "måned": "2017-08",
                      "type": "LØNNSINNTEKT",
                      "fordel": "kontantytelse",
                      "beskrivelse": "fastloenn"
                    },
                    {
                      "dato": "2018-01-01",
                      "hendelseId": "937c181b-7c46-4fcc-a1c7-8126005131b1",
                      "beløp": 31000.0,
                      "kilde": "SKATT_SAMMENLIGNINGSGRUNNLAG",
                      "tidsstempel": "2022-09-09T10:09:14.169012",
                      "måned": "2017-09",
                      "type": "LØNNSINNTEKT",
                      "fordel": "kontantytelse",
                      "beskrivelse": "fastloenn"
                    },
                    {
                      "dato": "2018-01-01",
                      "hendelseId": "937c181b-7c46-4fcc-a1c7-8126005131b1",
                      "beløp": 31000.0,
                      "kilde": "SKATT_SAMMENLIGNINGSGRUNNLAG",
                      "tidsstempel": "2022-09-09T10:09:14.169012",
                      "måned": "2017-10",
                      "type": "LØNNSINNTEKT",
                      "fordel": "kontantytelse",
                      "beskrivelse": "fastloenn"
                    },
                    {
                      "dato": "2018-01-01",
                      "hendelseId": "937c181b-7c46-4fcc-a1c7-8126005131b1",
                      "beløp": 31000.0,
                      "kilde": "SKATT_SAMMENLIGNINGSGRUNNLAG",
                      "tidsstempel": "2022-09-09T10:09:14.169012",
                      "måned": "2017-11",
                      "type": "LØNNSINNTEKT",
                      "fordel": "kontantytelse",
                      "beskrivelse": "fastloenn"
                    },
                    {
                      "dato": "2018-01-01",
                      "hendelseId": "937c181b-7c46-4fcc-a1c7-8126005131b1",
                      "beløp": 31000.0,
                      "kilde": "SKATT_SAMMENLIGNINGSGRUNNLAG",
                      "tidsstempel": "2022-09-09T10:09:14.169012",
                      "måned": "2017-12",
                      "type": "LØNNSINNTEKT",
                      "fordel": "kontantytelse",
                      "beskrivelse": "fastloenn"
                    }
                  ]
                }
              }
            ]
          },
          "opptjening": {
            "arbeidsforhold": [
              {
                "orgnummer": "987654321",
                "ansattPerioder": [
                  {
                    "ansattFom": "1970-01-01",
                    "ansattTom": null,
                    "deaktivert": false
                  }
                ]
              }
            ],
            "opptjeningFom": "1970-01-01",
            "opptjeningTom": "2018-01-01"
          },
          "medlemskapstatus": "JA",
          "vurdertOk": true,
          "meldingsreferanseId": "937c181b-7c46-4fcc-a1c7-8126005131b1",
          "vilkårsgrunnlagId": "bc6b51ef-4d7a-4605-912e-6a5a34055f31"
        },
        {
          "skjæringstidspunkt": "2018-01-17",
          "type": "Infotrygd",
          "sykepengegrunnlag": {
            "sykepengegrunnlag": 372000.0,
            "inntektsgrunnlag": 372000.0,
            "grunnbeløp": 561804.0,
            "arbeidsgiverInntektsopplysninger": [
              {
                "orgnummer": "987654321",
                "inntektsopplysning": {
                  "id": "9847034a-3a93-409f-ae4a-abd4266b3148",
                  "dato": "2018-01-01",
                  "hendelseId": "38b07028-2da3-4d82-8e56-54ca69505642",
                  "beløp": 31000.0,
                  "kilde": "INFOTRYGD",
                  "tidsstempel": "2022-08-31T09:52:08.472441"
                }
              }
            ],
            "begrensning": "VURDERT_I_INFOTRYGD",
            "deaktiverteArbeidsforhold": [],
            "vurdertInfotrygd": true,
            "minsteinntekt": 46817.0,
            "oppfyllerMinsteinntektskrav": true
          },
          "vilkårsgrunnlagId": "83d1fbd3-5e75-4489-ab24-a04b043bd8f1"
        }
      ]
    }
  ],
  "skjemaVersjon": 177
}