{
  "aktørId": "42",
  "arbeidsgivere": [
    {
      "vedtaksperioder": [
        {
          "fom": "2018-01-22",
          "tom": "2018-02-11",
          "tilstand": "AVVENTER_GJENNOMFØRT_REVURDERING",
          "skjæringstidspunkt": "2018-01-22"
        },
        {
          "fom": "2018-02-12",
          "tom": "2018-02-20",
          "tilstand": "AVVENTER_HISTORIKK_REVURDERING",
          "skjæringstidspunkt": "2018-01-22"
        }
      ]
    }
  ],
  "vilkårsgrunnlagHistorikk": [
    {
      "id": "{id}",
      "opprettet": "{opprettet}",
      "vilkårsgrunnlag": [
        {
          "skjæringstidspunkt": "2018-01-22",
          "type": "Vilkårsprøving",
          "avviksprosent": 0.0,
          "sykepengegrunnlag": {
            "sykepengegrunnlag": 372000.0,
            "inntektsgrunnlag": 372000.0,
            "grunnbeløp": 561804.0,
            "arbeidsgiverInntektsopplysninger": [
              {
                "orgnummer": "987654321",
                "inntektsopplysning": {
                  "id": "4be57f40-db94-4b5f-bae8-81e812681e93",
                  "dato": "2018-01-22",
                  "hendelseId": "b5df9755-22b5-49de-9a1f-74c61baa86c2",
                  "beløp": 31000.0,
                  "kilde": "INNTEKTSMELDING",
                  "tidsstempel": "2022-09-13T13:09:23.931756"
                }
              }
            ],
            "begrensning": "ER_IKKE_6G_BEGRENSET",
            "deaktiverteArbeidsforhold": [],
            "vurdertInfotrygd": false,
            "minsteinntekt": 46817.0,
            "oppfyllerMinsteinntektskrav": true
          },
          "sammenligningsgrunnlag": {
            "sammenligningsgrunnlag": 372000.0,
            "arbeidsgiverInntektsopplysninger": [
              {
                "orgnummer": "987654321",
                "inntektsopplysning": {
                  "id": "c0e7488f-e9d9-487c-9acc-fe1d66f36575",
                  "skatteopplysninger": [
                    {
                      "dato": "2018-01-22",
                      "hendelseId": "e36b4208-fe11-4db5-8972-61b6580f1bc5",
                      "beløp": 31000.0,
                      "kilde": "SKATT_SAMMENLIGNINGSGRUNNLAG",
                      "tidsstempel": "2022-09-13T13:09:23.945707",
                      "måned": "2017-01",
                      "type": "LØNNSINNTEKT",
                      "fordel": "kontantytelse",
                      "beskrivelse": "fastloenn"
                    },
                    {
                      "dato": "2018-01-22",
                      "hendelseId": "e36b4208-fe11-4db5-8972-61b6580f1bc5",
                      "beløp": 31000.0,
                      "kilde": "SKATT_SAMMENLIGNINGSGRUNNLAG",
                      "tidsstempel": "2022-09-13T13:09:23.945707",
                      "måned": "2017-02",
                      "type": "LØNNSINNTEKT",
                      "fordel": "kontantytelse",
                      "beskrivelse": "fastloenn"
                    },
                    {
                      "dato": "2018-01-22",
                      "hendelseId": "e36b4208-fe11-4db5-8972-61b6580f1bc5",
                      "beløp": 31000.0,
                      "kilde": "SKATT_SAMMENLIGNINGSGRUNNLAG",
                      "tidsstempel": "2022-09-13T13:09:23.945707",
                      "måned": "2017-03",
                      "type": "LØNNSINNTEKT",
                      "fordel": "kontantytelse",
                      "beskrivelse": "fastloenn"
                    },
                    {
                      "dato": "2018-01-22",
                      "hendelseId": "e36b4208-fe11-4db5-8972-61b6580f1bc5",
                      "beløp": 31000.0,
                      "kilde": "SKATT_SAMMENLIGNINGSGRUNNLAG",
                      "tidsstempel": "2022-09-13T13:09:23.945707",
                      "måned": "2017-04",
                      "type": "LØNNSINNTEKT",
                      "fordel": "kontantytelse",
                      "beskrivelse": "fastloenn"
                    },
                    {
                      "dato": "2018-01-22",
                      "hendelseId": "e36b4208-fe11-4db5-8972-61b6580f1bc5",
                      "beløp": 31000.0,
                      "kilde": "SKATT_SAMMENLIGNINGSGRUNNLAG",
                      "tidsstempel": "2022-09-13T13:09:23.945707",
                      "måned": "2017-05",
                      "type": "LØNNSINNTEKT",
                      "fordel": "kontantytelse",
                      "beskrivelse": "fastloenn"
                    },
                    {
                      "dato": "2018-01-22",
                      "hendelseId": "e36b4208-fe11-4db5-8972-61b6580f1bc5",
                      "beløp": 31000.0,
                      "kilde": "SKATT_SAMMENLIGNINGSGRUNNLAG",
                      "tidsstempel": "2022-09-13T13:09:23.945707",
                      "måned": "2017-06",
                      "type": "LØNNSINNTEKT",
                      "fordel": "kontantytelse",
                      "beskrivelse": "fastloenn"
                    },
                    {
                      "dato": "2018-01-22",
                      "hendelseId": "e36b4208-fe11-4db5-8972-61b6580f1bc5",
                      "beløp": 31000.0,
                      "kilde": "SKATT_SAMMENLIGNINGSGRUNNLAG",
                      "tidsstempel": "2022-09-13T13:09:23.945707",
                      "måned": "2017-07",
                      "type": "LØNNSINNTEKT",
                      "fordel": "kontantytelse",
                      "beskrivelse": "fastloenn"
                    },
                    {
                      "dato": "2018-01-22",
                      "hendelseId": "e36b4208-fe11-4db5-8972-61b6580f1bc5",
                      "beløp": 31000.0,
                      "kilde": "SKATT_SAMMENLIGNINGSGRUNNLAG",
                      "tidsstempel": "2022-09-13T13:09:23.945707",
                      "måned": "2017-08",
                      "type": "LØNNSINNTEKT",
                      "fordel": "kontantytelse",
                      "beskrivelse": "fastloenn"
                    },
                    {
                      "dato": "2018-01-22",
                      "hendelseId": "e36b4208-fe11-4db5-8972-61b6580f1bc5",
                      "beløp": 31000.0,
                      "kilde": "SKATT_SAMMENLIGNINGSGRUNNLAG",
                      "tidsstempel": "2022-09-13T13:09:23.945707",
                      "måned": "2017-09",
                      "type": "LØNNSINNTEKT",
                      "fordel": "kontantytelse",
                      "beskrivelse": "fastloenn"
                    },
                    {
                      "dato": "2018-01-22",
                      "hendelseId": "e36b4208-fe11-4db5-8972-61b6580f1bc5",
                      "beløp": 31000.0,
                      "kilde": "SKATT_SAMMENLIGNINGSGRUNNLAG",
                      "tidsstempel": "2022-09-13T13:09:23.945707",
                      "måned": "2017-10",
                      "type": "LØNNSINNTEKT",
                      "fordel": "kontantytelse",
                      "beskrivelse": "fastloenn"
                    },
                    {
                      "dato": "2018-01-22",
                      "hendelseId": "e36b4208-fe11-4db5-8972-61b6580f1bc5",
                      "beløp": 31000.0,
                      "kilde": "SKATT_SAMMENLIGNINGSGRUNNLAG",
                      "tidsstempel": "2022-09-13T13:09:23.945707",
                      "måned": "2017-11",
                      "type": "LØNNSINNTEKT",
                      "fordel": "kontantytelse",
                      "beskrivelse": "fastloenn"
                    },
                    {
                      "dato": "2018-01-22",
                      "hendelseId": "e36b4208-fe11-4db5-8972-61b6580f1bc5",
                      "beløp": 31000.0,
                      "kilde": "SKATT_SAMMENLIGNINGSGRUNNLAG",
                      "tidsstempel": "2022-09-13T13:09:23.945707",
                      "måned": "2017-12",
                      "type": "LØNNSINNTEKT",
                      "fordel": "kontantytelse",
                      "beskrivelse": "fastloenn"
                    }
                  ]
                }
              }
            ]
          },
          "opptjening": {
            "arbeidsforhold": [
              {
                "orgnummer": "987654321",
                "ansattPerioder": [
                  {
                    "ansattFom": "1970-01-01",
                    "ansattTom": null,
                    "deaktivert": false
                  }
                ]
              }
            ],
            "opptjeningFom": "1970-01-01",
            "opptjeningTom": "2018-01-22"
          },
          "medlemskapstatus": "JA",
          "vurdertOk": true,
          "meldingsreferanseId": "e36b4208-fe11-4db5-8972-61b6580f1bc5",
          "vilkårsgrunnlagId": "5fe2070a-e0e3-4580-b44e-bb34d5ad7a5b"
        }
      ]
    },
    {
      "id": "79bd3e59-9677-4080-a3d3-903709c1b82a",
      "opprettet": "2022-09-13T13:09:23.946661",
      "vilkårsgrunnlag": [
        {
          "skjæringstidspunkt": "2018-01-24",
          "type": "Vilkårsprøving",
          "avviksprosent": 0.2,
          "sykepengegrunnlag": {
            "sykepengegrunnlag": 446400.0,
            "inntektsgrunnlag": 446400.0,
            "grunnbeløp": 561804.0,
            "arbeidsgiverInntektsopplysninger": [
              {
                "orgnummer": "987654321",
                "inntektsopplysning": {
                  "id": "c8e646cb-5b91-4c9a-a4e5-7672ac8a0216",
                  "dato": "2018-01-24",
                  "hendelseId": "54523d52-6a1d-402a-9111-2bc5d5a5556a",
                  "beløp": 37200.0,
                  "kilde": "INNTEKTSMELDING",
                  "tidsstempel": "2022-09-13T13:09:23.832548"
                }
              }
            ],
            "begrensning": "ER_IKKE_6G_BEGRENSET",
            "deaktiverteArbeidsforhold": [],
            "vurdertInfotrygd": false,
            "minsteinntekt": 46817.0,
            "oppfyllerMinsteinntektskrav": true
          },
          "sammenligningsgrunnlag": {
            "sammenligningsgrunnlag": 372000.0,
            "arbeidsgiverInntektsopplysninger": [
              {
                "orgnummer": "987654321",
                "inntektsopplysning": {
                  "id": "9c19d0ab-9472-4138-81d5-257e5b5e4e7d",
                  "skatteopplysninger": [
                    {
                      "dato": "2018-01-24",
                      "hendelseId": "408c468f-fefd-4f2d-b618-ab78682f549c",
                      "beløp": 31000.0,
                      "kilde": "SKATT_SAMMENLIGNINGSGRUNNLAG",
                      "tidsstempel": "2022-09-13T13:09:23.866721",
                      "måned": "2017-01",
                      "type": "LØNNSINNTEKT",
                      "fordel": "kontantytelse",
                      "beskrivelse": "fastloenn"
                    },
                    {
                      "dato": "2018-01-24",
                      "hendelseId": "408c468f-fefd-4f2d-b618-ab78682f549c",
                      "beløp": 31000.0,
                      "kilde": "SKATT_SAMMENLIGNINGSGRUNNLAG",
                      "tidsstempel": "2022-09-13T13:09:23.866721",
                      "måned": "2017-02",
                      "type": "LØNNSINNTEKT",
                      "fordel": "kontantytelse",
                      "beskrivelse": "fastloenn"
                    },
                    {
                      "dato": "2018-01-24",
                      "hendelseId": "408c468f-fefd-4f2d-b618-ab78682f549c",
                      "beløp": 31000.0,
                      "kilde": "SKATT_SAMMENLIGNINGSGRUNNLAG",
                      "tidsstempel": "2022-09-13T13:09:23.866721",
                      "måned": "2017-03",
                      "type": "LØNNSINNTEKT",
                      "fordel": "kontantytelse",
                      "beskrivelse": "fastloenn"
                    },
                    {
                      "dato": "2018-01-24",
                      "hendelseId": "408c468f-fefd-4f2d-b618-ab78682f549c",
                      "beløp": 31000.0,
                      "kilde": "SKATT_SAMMENLIGNINGSGRUNNLAG",
                      "tidsstempel": "2022-09-13T13:09:23.866721",
                      "måned": "2017-04",
                      "type": "LØNNSINNTEKT",
                      "fordel": "kontantytelse",
                      "beskrivelse": "fastloenn"
                    },
                    {
                      "dato": "2018-01-24",
                      "hendelseId": "408c468f-fefd-4f2d-b618-ab78682f549c",
                      "beløp": 31000.0,
                      "kilde": "SKATT_SAMMENLIGNINGSGRUNNLAG",
                      "tidsstempel": "2022-09-13T13:09:23.866721",
                      "måned": "2017-05",
                      "type": "LØNNSINNTEKT",
                      "fordel": "kontantytelse",
                      "beskrivelse": "fastloenn"
                    },
                    {
                      "dato": "2018-01-24",
                      "hendelseId": "408c468f-fefd-4f2d-b618-ab78682f549c",
                      "beløp": 31000.0,
                      "kilde": "SKATT_SAMMENLIGNINGSGRUNNLAG",
                      "tidsstempel": "2022-09-13T13:09:23.866721",
                      "måned": "2017-06",
                      "type": "LØNNSINNTEKT",
                      "fordel": "kontantytelse",
                      "beskrivelse": "fastloenn"
                    },
                    {
                      "dato": "2018-01-24",
                      "hendelseId": "408c468f-fefd-4f2d-b618-ab78682f549c",
                      "beløp": 31000.0,
                      "kilde": "SKATT_SAMMENLIGNINGSGRUNNLAG",
                      "tidsstempel": "2022-09-13T13:09:23.866721",
                      "måned": "2017-07",
                      "type": "LØNNSINNTEKT",
                      "fordel": "kontantytelse",
                      "beskrivelse": "fastloenn"
                    },
                    {
                      "dato": "2018-01-24",
                      "hendelseId": "408c468f-fefd-4f2d-b618-ab78682f549c",
                      "beløp": 31000.0,
                      "kilde": "SKATT_SAMMENLIGNINGSGRUNNLAG",
                      "tidsstempel": "2022-09-13T13:09:23.866721",
                      "måned": "2017-08",
                      "type": "LØNNSINNTEKT",
                      "fordel": "kontantytelse",
                      "beskrivelse": "fastloenn"
                    },
                    {
                      "dato": "2018-01-24",
                      "hendelseId": "408c468f-fefd-4f2d-b618-ab78682f549c",
                      "beløp": 31000.0,
                      "kilde": "SKATT_SAMMENLIGNINGSGRUNNLAG",
                      "tidsstempel": "2022-09-13T13:09:23.866721",
                      "måned": "2017-09",
                      "type": "LØNNSINNTEKT",
                      "fordel": "kontantytelse",
                      "beskrivelse": "fastloenn"
                    },
                    {
                      "dato": "2018-01-24",
                      "hendelseId": "408c468f-fefd-4f2d-b618-ab78682f549c",
                      "beløp": 31000.0,
                      "kilde": "SKATT_SAMMENLIGNINGSGRUNNLAG",
                      "tidsstempel": "2022-09-13T13:09:23.866721",
                      "måned": "2017-10",
                      "type": "LØNNSINNTEKT",
                      "fordel": "kontantytelse",
                      "beskrivelse": "fastloenn"
                    },
                    {
                      "dato": "2018-01-24",
                      "hendelseId": "408c468f-fefd-4f2d-b618-ab78682f549c",
                      "beløp": 31000.0,
                      "kilde": "SKATT_SAMMENLIGNINGSGRUNNLAG",
                      "tidsstempel": "2022-09-13T13:09:23.866721",
                      "måned": "2017-11",
                      "type": "LØNNSINNTEKT",
                      "fordel": "kontantytelse",
                      "beskrivelse": "fastloenn"
                    },
                    {
                      "dato": "2018-01-24",
                      "hendelseId": "408c468f-fefd-4f2d-b618-ab78682f549c",
                      "beløp": 31000.0,
                      "kilde": "SKATT_SAMMENLIGNINGSGRUNNLAG",
                      "tidsstempel": "2022-09-13T13:09:23.866721",
                      "måned": "2017-12",
                      "type": "LØNNSINNTEKT",
                      "fordel": "kontantytelse",
                      "beskrivelse": "fastloenn"
                    }
                  ]
                }
              }
            ]
          },
          "opptjening": {
            "arbeidsforhold": [
              {
                "orgnummer": "987654321",
                "ansattPerioder": [
                  {
                    "ansattFom": "1970-01-01",
                    "ansattTom": null,
                    "deaktivert": false
                  }
                ]
              }
            ],
            "opptjeningFom": "1970-01-01",
            "opptjeningTom": "2018-01-24"
          },
          "medlemskapstatus": "JA",
          "vurdertOk": true,
          "meldingsreferanseId": "408c468f-fefd-4f2d-b618-ab78682f549c",
          "vilkårsgrunnlagId": "31c63acb-281f-4e6f-bc1a-11f88cc6f545"
        },
        {
          "skjæringstidspunkt": "2018-01-22",
          "type": "Vilkårsprøving",
          "avviksprosent": 0.0,
          "sykepengegrunnlag": {
            "sykepengegrunnlag": 372000.0,
            "inntektsgrunnlag": 372000.0,
            "grunnbeløp": 561804.0,
            "arbeidsgiverInntektsopplysninger": [
              {
                "orgnummer": "987654321",
                "inntektsopplysning": {
                  "id": "4be57f40-db94-4b5f-bae8-81e812681e93",
                  "dato": "2018-01-22",
                  "hendelseId": "b5df9755-22b5-49de-9a1f-74c61baa86c2",
                  "beløp": 31000.0,
                  "kilde": "INNTEKTSMELDING",
                  "tidsstempel": "2022-09-13T13:09:23.931756"
                }
              }
            ],
            "begrensning": "ER_IKKE_6G_BEGRENSET",
            "deaktiverteArbeidsforhold": [],
            "vurdertInfotrygd": false,
            "minsteinntekt": 46817.0,
            "oppfyllerMinsteinntektskrav": true
          },
          "sammenligningsgrunnlag": {
            "sammenligningsgrunnlag": 372000.0,
            "arbeidsgiverInntektsopplysninger": [
              {
                "orgnummer": "987654321",
                "inntektsopplysning": {
                  "id": "c0e7488f-e9d9-487c-9acc-fe1d66f36575",
                  "skatteopplysninger": [
                    {
                      "dato": "2018-01-22",
                      "hendelseId": "e36b4208-fe11-4db5-8972-61b6580f1bc5",
                      "beløp": 31000.0,
                      "kilde": "SKATT_SAMMENLIGNINGSGRUNNLAG",
                      "tidsstempel": "2022-09-13T13:09:23.945707",
                      "måned": "2017-01",
                      "type": "LØNNSINNTEKT",
                      "fordel": "kontantytelse",
                      "beskrivelse": "fastloenn"
                    },
                    {
                      "dato": "2018-01-22",
                      "hendelseId": "e36b4208-fe11-4db5-8972-61b6580f1bc5",
                      "beløp": 31000.0,
                      "kilde": "SKATT_SAMMENLIGNINGSGRUNNLAG",
                      "tidsstempel": "2022-09-13T13:09:23.945707",
                      "måned": "2017-02",
                      "type": "LØNNSINNTEKT",
                      "fordel": "kontantytelse",
                      "beskrivelse": "fastloenn"
                    },
                    {
                      "dato": "2018-01-22",
                      "hendelseId": "e36b4208-fe11-4db5-8972-61b6580f1bc5",
                      "beløp": 31000.0,
                      "kilde": "SKATT_SAMMENLIGNINGSGRUNNLAG",
                      "tidsstempel": "2022-09-13T13:09:23.945707",
                      "måned": "2017-03",
                      "type": "LØNNSINNTEKT",
                      "fordel": "kontantytelse",
                      "beskrivelse": "fastloenn"
                    },
                    {
                      "dato": "2018-01-22",
                      "hendelseId": "e36b4208-fe11-4db5-8972-61b6580f1bc5",
                      "beløp": 31000.0,
                      "kilde": "SKATT_SAMMENLIGNINGSGRUNNLAG",
                      "tidsstempel": "2022-09-13T13:09:23.945707",
                      "måned": "2017-04",
                      "type": "LØNNSINNTEKT",
                      "fordel": "kontantytelse",
                      "beskrivelse": "fastloenn"
                    },
                    {
                      "dato": "2018-01-22",
                      "hendelseId": "e36b4208-fe11-4db5-8972-61b6580f1bc5",
                      "beløp": 31000.0,
                      "kilde": "SKATT_SAMMENLIGNINGSGRUNNLAG",
                      "tidsstempel": "2022-09-13T13:09:23.945707",
                      "måned": "2017-05",
                      "type": "LØNNSINNTEKT",
                      "fordel": "kontantytelse",
                      "beskrivelse": "fastloenn"
                    },
                    {
                      "dato": "2018-01-22",
                      "hendelseId": "e36b4208-fe11-4db5-8972-61b6580f1bc5",
                      "beløp": 31000.0,
                      "kilde": "SKATT_SAMMENLIGNINGSGRUNNLAG",
                      "tidsstempel": "2022-09-13T13:09:23.945707",
                      "måned": "2017-06",
                      "type": "LØNNSINNTEKT",
                      "fordel": "kontantytelse",
                      "beskrivelse": "fastloenn"
                    },
                    {
                      "dato": "2018-01-22",
                      "hendelseId": "e36b4208-fe11-4db5-8972-61b6580f1bc5",
                      "beløp": 31000.0,
                      "kilde": "SKATT_SAMMENLIGNINGSGRUNNLAG",
                      "tidsstempel": "2022-09-13T13:09:23.945707",
                      "måned": "2017-07",
                      "type": "LØNNSINNTEKT",
                      "fordel": "kontantytelse",
                      "beskrivelse": "fastloenn"
                    },
                    {
                      "dato": "2018-01-22",
                      "hendelseId": "e36b4208-fe11-4db5-8972-61b6580f1bc5",
                      "beløp": 31000.0,
                      "kilde": "SKATT_SAMMENLIGNINGSGRUNNLAG",
                      "tidsstempel": "2022-09-13T13:09:23.945707",
                      "måned": "2017-08",
                      "type": "LØNNSINNTEKT",
                      "fordel": "kontantytelse",
                      "beskrivelse": "fastloenn"
                    },
                    {
                      "dato": "2018-01-22",
                      "hendelseId": "e36b4208-fe11-4db5-8972-61b6580f1bc5",
                      "beløp": 31000.0,
                      "kilde": "SKATT_SAMMENLIGNINGSGRUNNLAG",
                      "tidsstempel": "2022-09-13T13:09:23.945707",
                      "måned": "2017-09",
                      "type": "LØNNSINNTEKT",
                      "fordel": "kontantytelse",
                      "beskrivelse": "fastloenn"
                    },
                    {
                      "dato": "2018-01-22",
                      "hendelseId": "e36b4208-fe11-4db5-8972-61b6580f1bc5",
                      "beløp": 31000.0,
                      "kilde": "SKATT_SAMMENLIGNINGSGRUNNLAG",
                      "tidsstempel": "2022-09-13T13:09:23.945707",
                      "måned": "2017-10",
                      "type": "LØNNSINNTEKT",
                      "fordel": "kontantytelse",
                      "beskrivelse": "fastloenn"
                    },
                    {
                      "dato": "2018-01-22",
                      "hendelseId": "e36b4208-fe11-4db5-8972-61b6580f1bc5",
                      "beløp": 31000.0,
                      "kilde": "SKATT_SAMMENLIGNINGSGRUNNLAG",
                      "tidsstempel": "2022-09-13T13:09:23.945707",
                      "måned": "2017-11",
                      "type": "LØNNSINNTEKT",
                      "fordel": "kontantytelse",
                      "beskrivelse": "fastloenn"
                    },
                    {
                      "dato": "2018-01-22",
                      "hendelseId": "e36b4208-fe11-4db5-8972-61b6580f1bc5",
                      "beløp": 31000.0,
                      "kilde": "SKATT_SAMMENLIGNINGSGRUNNLAG",
                      "tidsstempel": "2022-09-13T13:09:23.945707",
                      "måned": "2017-12",
                      "type": "LØNNSINNTEKT",
                      "fordel": "kontantytelse",
                      "beskrivelse": "fastloenn"
                    }
                  ]
                }
              }
            ]
          },
          "opptjening": {
            "arbeidsforhold": [
              {
                "orgnummer": "987654321",
                "ansattPerioder": [
                  {
                    "ansattFom": "1970-01-01",
                    "ansattTom": null,
                    "deaktivert": false
                  }
                ]
              }
            ],
            "opptjeningFom": "1970-01-01",
            "opptjeningTom": "2018-01-22"
          },
          "medlemskapstatus": "JA",
          "vurdertOk": true,
          "meldingsreferanseId": "e36b4208-fe11-4db5-8972-61b6580f1bc5",
          "vilkårsgrunnlagId": "5fe2070a-e0e3-4580-b44e-bb34d5ad7a5b"
        }
      ]
    },
    {
      "id": "269ff485-27e9-4c8d-bfce-8fee11d2d253",
      "opprettet": "2022-09-13T13:09:23.878693",
      "vilkårsgrunnlag": [
        {
          "skjæringstidspunkt": "2018-01-24",
          "type": "Vilkårsprøving",
          "avviksprosent": 0.2,
          "sykepengegrunnlag": {
            "sykepengegrunnlag": 446400.0,
            "inntektsgrunnlag": 446400.0,
            "grunnbeløp": 561804.0,
            "arbeidsgiverInntektsopplysninger": [
              {
                "orgnummer": "987654321",
                "inntektsopplysning": {
                  "id": "c8e646cb-5b91-4c9a-a4e5-7672ac8a0216",
                  "dato": "2018-01-24",
                  "hendelseId": "54523d52-6a1d-402a-9111-2bc5d5a5556a",
                  "beløp": 37200.0,
                  "kilde": "INNTEKTSMELDING",
                  "tidsstempel": "2022-09-13T13:09:23.832548"
                }
              }
            ],
            "begrensning": "ER_IKKE_6G_BEGRENSET",
            "deaktiverteArbeidsforhold": [],
            "vurdertInfotrygd": false,
            "minsteinntekt": 46817.0,
            "oppfyllerMinsteinntektskrav": true
          },
          "sammenligningsgrunnlag": {
            "sammenligningsgrunnlag": 372000.0,
            "arbeidsgiverInntektsopplysninger": [
              {
                "orgnummer": "987654321",
                "inntektsopplysning": {
                  "id": "9c19d0ab-9472-4138-81d5-257e5b5e4e7d",
                  "skatteopplysninger": [
                    {
                      "dato": "2018-01-24",
                      "hendelseId": "408c468f-fefd-4f2d-b618-ab78682f549c",
                      "beløp": 31000.0,
                      "kilde": "SKATT_SAMMENLIGNINGSGRUNNLAG",
                      "tidsstempel": "2022-09-13T13:09:23.866721",
                      "måned": "2017-01",
                      "type": "LØNNSINNTEKT",
                      "fordel": "kontantytelse",
                      "beskrivelse": "fastloenn"
                    },
                    {
                      "dato": "2018-01-24",
                      "hendelseId": "408c468f-fefd-4f2d-b618-ab78682f549c",
                      "beløp": 31000.0,
                      "kilde": "SKATT_SAMMENLIGNINGSGRUNNLAG",
                      "tidsstempel": "2022-09-13T13:09:23.866721",
                      "måned": "2017-02",
                      "type": "LØNNSINNTEKT",
                      "fordel": "kontantytelse",
                      "beskrivelse": "fastloenn"
                    },
                    {
                      "dato": "2018-01-24",
                      "hendelseId": "408c468f-fefd-4f2d-b618-ab78682f549c",
                      "beløp": 31000.0,
                      "kilde": "SKATT_SAMMENLIGNINGSGRUNNLAG",
                      "tidsstempel": "2022-09-13T13:09:23.866721",
                      "måned": "2017-03",
                      "type": "LØNNSINNTEKT",
                      "fordel": "kontantytelse",
                      "beskrivelse": "fastloenn"
                    },
                    {
                      "dato": "2018-01-24",
                      "hendelseId": "408c468f-fefd-4f2d-b618-ab78682f549c",
                      "beløp": 31000.0,
                      "kilde": "SKATT_SAMMENLIGNINGSGRUNNLAG",
                      "tidsstempel": "2022-09-13T13:09:23.866721",
                      "måned": "2017-04",
                      "type": "LØNNSINNTEKT",
                      "fordel": "kontantytelse",
                      "beskrivelse": "fastloenn"
                    },
                    {
                      "dato": "2018-01-24",
                      "hendelseId": "408c468f-fefd-4f2d-b618-ab78682f549c",
                      "beløp": 31000.0,
                      "kilde": "SKATT_SAMMENLIGNINGSGRUNNLAG",
                      "tidsstempel": "2022-09-13T13:09:23.866721",
                      "måned": "2017-05",
                      "type": "LØNNSINNTEKT",
                      "fordel": "kontantytelse",
                      "beskrivelse": "fastloenn"
                    },
                    {
                      "dato": "2018-01-24",
                      "hendelseId": "408c468f-fefd-4f2d-b618-ab78682f549c",
                      "beløp": 31000.0,
                      "kilde": "SKATT_SAMMENLIGNINGSGRUNNLAG",
                      "tidsstempel": "2022-09-13T13:09:23.866721",
                      "måned": "2017-06",
                      "type": "LØNNSINNTEKT",
                      "fordel": "kontantytelse",
                      "beskrivelse": "fastloenn"
                    },
                    {
                      "dato": "2018-01-24",
                      "hendelseId": "408c468f-fefd-4f2d-b618-ab78682f549c",
                      "beløp": 31000.0,
                      "kilde": "SKATT_SAMMENLIGNINGSGRUNNLAG",
                      "tidsstempel": "2022-09-13T13:09:23.866721",
                      "måned": "2017-07",
                      "type": "LØNNSINNTEKT",
                      "fordel": "kontantytelse",
                      "beskrivelse": "fastloenn"
                    },
                    {
                      "dato": "2018-01-24",
                      "hendelseId": "408c468f-fefd-4f2d-b618-ab78682f549c",
                      "beløp": 31000.0,
                      "kilde": "SKATT_SAMMENLIGNINGSGRUNNLAG",
                      "tidsstempel": "2022-09-13T13:09:23.866721",
                      "måned": "2017-08",
                      "type": "LØNNSINNTEKT",
                      "fordel": "kontantytelse",
                      "beskrivelse": "fastloenn"
                    },
                    {
                      "dato": "2018-01-24",
                      "hendelseId": "408c468f-fefd-4f2d-b618-ab78682f549c",
                      "beløp": 31000.0,
                      "kilde": "SKATT_SAMMENLIGNINGSGRUNNLAG",
                      "tidsstempel": "2022-09-13T13:09:23.866721",
                      "måned": "2017-09",
                      "type": "LØNNSINNTEKT",
                      "fordel": "kontantytelse",
                      "beskrivelse": "fastloenn"
                    },
                    {
                      "dato": "2018-01-24",
                      "hendelseId": "408c468f-fefd-4f2d-b618-ab78682f549c",
                      "beløp": 31000.0,
                      "kilde": "SKATT_SAMMENLIGNINGSGRUNNLAG",
                      "tidsstempel": "2022-09-13T13:09:23.866721",
                      "måned": "2017-10",
                      "type": "LØNNSINNTEKT",
                      "fordel": "kontantytelse",
                      "beskrivelse": "fastloenn"
                    },
                    {
                      "dato": "2018-01-24",
                      "hendelseId": "408c468f-fefd-4f2d-b618-ab78682f549c",
                      "beløp": 31000.0,
                      "kilde": "SKATT_SAMMENLIGNINGSGRUNNLAG",
                      "tidsstempel": "2022-09-13T13:09:23.866721",
                      "måned": "2017-11",
                      "type": "LØNNSINNTEKT",
                      "fordel": "kontantytelse",
                      "beskrivelse": "fastloenn"
                    },
                    {
                      "dato": "2018-01-24",
                      "hendelseId": "408c468f-fefd-4f2d-b618-ab78682f549c",
                      "beløp": 31000.0,
                      "kilde": "SKATT_SAMMENLIGNINGSGRUNNLAG",
                      "tidsstempel": "2022-09-13T13:09:23.866721",
                      "måned": "2017-12",
                      "type": "LØNNSINNTEKT",
                      "fordel": "kontantytelse",
                      "beskrivelse": "fastloenn"
                    }
                  ]
                }
              }
            ]
          },
          "opptjening": {
            "arbeidsforhold": [
              {
                "orgnummer": "987654321",
                "ansattPerioder": [
                  {
                    "ansattFom": "1970-01-01",
                    "ansattTom": null,
                    "deaktivert": false
                  }
                ]
              }
            ],
            "opptjeningFom": "1970-01-01",
            "opptjeningTom": "2018-01-24"
          },
          "medlemskapstatus": "JA",
          "vurdertOk": true,
          "meldingsreferanseId": "408c468f-fefd-4f2d-b618-ab78682f549c",
          "vilkårsgrunnlagId": "31c63acb-281f-4e6f-bc1a-11f88cc6f545"
        }
      ]
    }
  ],
  "skjemaVersjon": 177
}