{
  "aktørId": "42",
  "arbeidsgivere": [
    {
      "vedtaksperioder": [
        {
          "fom": "2018-01-01",
          "tom": "2018-01-31",
          "tilstand": "AVSLUTTET",
          "skjæringstidspunkt": "2018-01-01"
        }
      ]
    }
  ],
  "vilkårsgrunnlagHistorikk": [
    {
      "id": "{id}",
      "opprettet": "{opprettet}",
      "vilkårsgrunnlag": [
        {
          "skjæringstidspunkt": "2018-01-01",
          "type": "Infotrygd",
          "sykepengegrunnlag": {
            "sykepengegrunnlag": 0.0,
            "inntektsgrunnlag": 0.0,
            "grunnbeløp": 561804.0,
            "arbeidsgiverInntektsopplysninger": [
              {
                "orgnummer": "987654321",
                "inntektsopplysning": {
                  "id": "b574fcfa-6290-4ecd-b760-01dd3e6292fe",
                  "dato": "2018-01-17",
                  "hendelseId": "1511aa52-409d-4000-ba76-e6d025d8e81d",
                  "beløp": 31000.0,
                  "kilde": "INFOTRYGD",
                  "tidsstempel": "2022-09-14T15:23:18.03815"
                }
              }
            ],
            "begrensning": "VURDERT_I_INFOTRYGD",
            "deaktiverteArbeidsforhold": [],
            "vurdertInfotrygd": true,
            "minsteinntekt": 46817.0,
            "oppfyllerMinsteinntektskrav": true
          },
          "vilkårsgrunnlagId": "26fef994-27a6-487f-8c21-10195dc72b3d"
        }
      ]
    },
    {
      "id": "a1409adb-7e14-42eb-954b-c417c0533abf",
      "opprettet": "2022-09-14T15:23:18.093776",
      "vilkårsgrunnlag": [
        {
          "skjæringstidspunkt": "2018-01-01",
          "type": "Infotrygd",
          "sykepengegrunnlag": {
            "sykepengegrunnlag": 0.0,
            "inntektsgrunnlag": 0.0,
            "grunnbeløp": 561804.0,
            "arbeidsgiverInntektsopplysninger": [
              {
                "orgnummer": "987654321",
                "inntektsopplysning": {
                  "id": "b574fcfa-6290-4ecd-b760-01dd3e6292fe",
                  "dato": "2018-01-17",
                  "hendelseId": "1511aa52-409d-4000-ba76-e6d025d8e81d",
                  "beløp": 31000.0,
                  "kilde": "INFOTRYGD",
                  "tidsstempel": "2022-09-14T15:23:18.03815"
                }
              }
            ],
            "begrensning": "VURDERT_I_INFOTRYGD",
            "deaktiverteArbeidsforhold": [],
            "vurdertInfotrygd": true,
            "minsteinntekt": 46817.0,
            "oppfyllerMinsteinntektskrav": true
          },
          "vilkårsgrunnlagId": "e0e5ba02-4e5b-408b-9d5d-628045738280"
        },
        {
          "skjæringstidspunkt": "2018-01-17",
          "type": "Infotrygd",
          "sykepengegrunnlag": {
            "sykepengegrunnlag": 0.0,
            "inntektsgrunnlag": 0.0,
            "grunnbeløp": 561804.0,
            "arbeidsgiverInntektsopplysninger": [
              {
                "orgnummer": "987654321",
                "inntektsopplysning": {
                  "id": "b574fcfa-6290-4ecd-b760-01dd3e6292fe",
                  "dato": "2018-01-17",
                  "hendelseId": "1511aa52-409d-4000-ba76-e6d025d8e81d",
                  "beløp": 31000.0,
                  "kilde": "INFOTRYGD",
                  "tidsstempel": "2022-09-14T15:23:18.03815"
                }
              }
            ],
            "begrensning": "VURDERT_I_INFOTRYGD",
            "deaktiverteArbeidsforhold": [],
            "vurdertInfotrygd": true,
            "minsteinntekt": 46817.0,
            "oppfyllerMinsteinntektskrav": true
          },
          "vilkårsgrunnlagId": "26fef994-27a6-487f-8c21-10195dc72b3d"
        }
      ]
    }
  ],
  "infotrygdhistorikk": [
    {
      "arbeidsgiverutbetalingsperioder": [],
      "personutbetalingsperioder": []
    }
  ],
  "skjemaVersjon": 178
}