{
  "aktørId": "42",
  "arbeidsgivere": [
    {
      "vedtaksperioder": [
        {
          "fom": "2018-01-01",
          "tom": "2018-01-31",
          "tilstand": "AVVENTER_HISTORIKK",
          "skjæringstidspunkt": "2018-01-01"
        }
      ]
    }
  ],
  "vilkårsgrunnlagHistorikk": [
    {
      "id": "{id}",
      "opprettet": "{opprettet}",
      "vilkårsgrunnlag": [
        {
          "skjæringstidspunkt": "2018-01-01",
          "type": "Vilkårsprøving",
          "avviksprosent": 0.0,
          "sykepengegrunnlag": {
            "sykepengegrunnlag": 372000.0,
            "inntektsgrunnlag": 372000.0,
            "grunnbeløp": 561804.0,
            "arbeidsgiverInntektsopplysninger": [
              {
                "orgnummer": "987654321",
                "inntektsopplysning": {
                  "id": "d629bce4-60b2-47fd-856e-81d117c73f95",
                  "dato": "2018-01-01",
                  "hendelseId": "554b7c77-47eb-4dec-846b-46fbf1ae204b",
                  "beløp": 31000.0,
                  "kilde": "INNTEKTSMELDING",
                  "tidsstempel": "2022-09-15T14:43:10.751796"
                }
              }
            ],
            "begrensning": "ER_IKKE_6G_BEGRENSET",
            "deaktiverteArbeidsforhold": [],
            "vurdertInfotrygd": false,
            "minsteinntekt": 46817.0,
            "oppfyllerMinsteinntektskrav": true
          },
          "sammenligningsgrunnlag": {
            "sammenligningsgrunnlag": 372000.0,
            "arbeidsgiverInntektsopplysninger": [
              {
                "orgnummer": "987654321",
                "inntektsopplysning": {
                  "id": "5fb8d4e3-487f-42be-99af-94beb63eab57",
                  "skatteopplysninger": [
                    {
                      "dato": "2018-01-01",
                      "hendelseId": "0336e935-be68-4ae6-8fb0-d7dbe5607fe5",
                      "beløp": 31000.0,
                      "kilde": "SKATT_SAMMENLIGNINGSGRUNNLAG",
                      "tidsstempel": "2022-09-15T14:43:10.790841",
                      "måned": "2017-01",
                      "type": "LØNNSINNTEKT",
                      "fordel": "kontantytelse",
                      "beskrivelse": "fastloenn"
                    },
                    {
                      "dato": "2018-01-01",
                      "hendelseId": "0336e935-be68-4ae6-8fb0-d7dbe5607fe5",
                      "beløp": 31000.0,
                      "kilde": "SKATT_SAMMENLIGNINGSGRUNNLAG",
                      "tidsstempel": "2022-09-15T14:43:10.790841",
                      "måned": "2017-02",
                      "type": "LØNNSINNTEKT",
                      "fordel": "kontantytelse",
                      "beskrivelse": "fastloenn"
                    },
                    {
                      "dato": "2018-01-01",
                      "hendelseId": "0336e935-be68-4ae6-8fb0-d7dbe5607fe5",
                      "beløp": 31000.0,
                      "kilde": "SKATT_SAMMENLIGNINGSGRUNNLAG",
                      "tidsstempel": "2022-09-15T14:43:10.790841",
                      "måned": "2017-03",
                      "type": "LØNNSINNTEKT",
                      "fordel": "kontantytelse",
                      "beskrivelse": "fastloenn"
                    },
                    {
                      "dato": "2018-01-01",
                      "hendelseId": "0336e935-be68-4ae6-8fb0-d7dbe5607fe5",
                      "beløp": 31000.0,
                      "kilde": "SKATT_SAMMENLIGNINGSGRUNNLAG",
                      "tidsstempel": "2022-09-15T14:43:10.790841",
                      "måned": "2017-04",
                      "type": "LØNNSINNTEKT",
                      "fordel": "kontantytelse",
                      "beskrivelse": "fastloenn"
                    },
                    {
                      "dato": "2018-01-01",
                      "hendelseId": "0336e935-be68-4ae6-8fb0-d7dbe5607fe5",
                      "beløp": 31000.0,
                      "kilde": "SKATT_SAMMENLIGNINGSGRUNNLAG",
                      "tidsstempel": "2022-09-15T14:43:10.790841",
                      "måned": "2017-05",
                      "type": "LØNNSINNTEKT",
                      "fordel": "kontantytelse",
                      "beskrivelse": "fastloenn"
                    },
                    {
                      "dato": "2018-01-01",
                      "hendelseId": "0336e935-be68-4ae6-8fb0-d7dbe5607fe5",
                      "beløp": 31000.0,
                      "kilde": "SKATT_SAMMENLIGNINGSGRUNNLAG",
                      "tidsstempel": "2022-09-15T14:43:10.790841",
                      "måned": "2017-06",
                      "type": "LØNNSINNTEKT",
                      "fordel": "kontantytelse",
                      "beskrivelse": "fastloenn"
                    },
                    {
                      "dato": "2018-01-01",
                      "hendelseId": "0336e935-be68-4ae6-8fb0-d7dbe5607fe5",
                      "beløp": 31000.0,
                      "kilde": "SKATT_SAMMENLIGNINGSGRUNNLAG",
                      "tidsstempel": "2022-09-15T14:43:10.790841",
                      "måned": "2017-07",
                      "type": "LØNNSINNTEKT",
                      "fordel": "kontantytelse",
                      "beskrivelse": "fastloenn"
                    },
                    {
                      "dato": "2018-01-01",
                      "hendelseId": "0336e935-be68-4ae6-8fb0-d7dbe5607fe5",
                      "beløp": 31000.0,
                      "kilde": "SKATT_SAMMENLIGNINGSGRUNNLAG",
                      "tidsstempel": "2022-09-15T14:43:10.790841",
                      "måned": "2017-08",
                      "type": "LØNNSINNTEKT",
                      "fordel": "kontantytelse",
                      "beskrivelse": "fastloenn"
                    },
                    {
                      "dato": "2018-01-01",
                      "hendelseId": "0336e935-be68-4ae6-8fb0-d7dbe5607fe5",
                      "beløp": 31000.0,
                      "kilde": "SKATT_SAMMENLIGNINGSGRUNNLAG",
                      "tidsstempel": "2022-09-15T14:43:10.790841",
                      "måned": "2017-09",
                      "type": "LØNNSINNTEKT",
                      "fordel": "kontantytelse",
                      "beskrivelse": "fastloenn"
                    },
                    {
                      "dato": "2018-01-01",
                      "hendelseId": "0336e935-be68-4ae6-8fb0-d7dbe5607fe5",
                      "beløp": 31000.0,
                      "kilde": "SKATT_SAMMENLIGNINGSGRUNNLAG",
                      "tidsstempel": "2022-09-15T14:43:10.790841",
                      "måned": "2017-10",
                      "type": "LØNNSINNTEKT",
                      "fordel": "kontantytelse",
                      "beskrivelse": "fastloenn"
                    },
                    {
                      "dato": "2018-01-01",
                      "hendelseId": "0336e935-be68-4ae6-8fb0-d7dbe5607fe5",
                      "beløp": 31000.0,
                      "kilde": "SKATT_SAMMENLIGNINGSGRUNNLAG",
                      "tidsstempel": "2022-09-15T14:43:10.790841",
                      "måned": "2017-11",
                      "type": "LØNNSINNTEKT",
                      "fordel": "kontantytelse",
                      "beskrivelse": "fastloenn"
                    },
                    {
                      "dato": "2018-01-01",
                      "hendelseId": "0336e935-be68-4ae6-8fb0-d7dbe5607fe5",
                      "beløp": 31000.0,
                      "kilde": "SKATT_SAMMENLIGNINGSGRUNNLAG",
                      "tidsstempel": "2022-09-15T14:43:10.790841",
                      "måned": "2017-12",
                      "type": "LØNNSINNTEKT",
                      "fordel": "kontantytelse",
                      "beskrivelse": "fastloenn"
                    }
                  ]
                }
              }
            ]
          },
          "opptjening": {
            "arbeidsforhold": [
              {
                "orgnummer": "987654321",
                "ansattPerioder": [
                  {
                    "ansattFom": "1970-01-01",
                    "ansattTom": null,
                    "deaktivert": false
                  }
                ]
              }
            ],
            "opptjeningFom": "1970-01-01",
            "opptjeningTom": "2018-01-01"
          },
          "medlemskapstatus": "JA",
          "vurdertOk": true,
          "meldingsreferanseId": "0336e935-be68-4ae6-8fb0-d7dbe5607fe5",
          "vilkårsgrunnlagId": "735b9343-8759-479c-b79f-bc98e6414a64"
        }
      ]
    },
    {
      "id": "63dd0bd3-14b7-4152-980a-10d125a751fa",
      "opprettet": "2022-09-15T14:43:10.795151",
      "vilkårsgrunnlag": [
        {
          "skjæringstidspunkt": "2018-01-17",
          "type": "Infotrygd",
          "sykepengegrunnlag": {
            "sykepengegrunnlag": 372000.0,
            "inntektsgrunnlag": 372000.0,
            "grunnbeløp": 561804.0,
            "arbeidsgiverInntektsopplysninger": [
              {
                "orgnummer": "987654321",
                "inntektsopplysning": {
                  "id": "5c985d8b-d85a-4a75-bf8d-e8be83183199",
                  "dato": "2017-12-17",
                  "hendelseId": "7b0981df-bbf5-4252-8944-efa0b1a4da31",
                  "beløp": 31000.0,
                  "kilde": "INFOTRYGD",
                  "tidsstempel": "2022-09-15T14:43:10.770037"
                }
              }
            ],
            "begrensning": "VURDERT_I_INFOTRYGD",
            "deaktiverteArbeidsforhold": [],
            "vurdertInfotrygd": true,
            "minsteinntekt": 46817.0,
            "oppfyllerMinsteinntektskrav": true
          },
          "vilkårsgrunnlagId": "c1945704-3ede-46bc-b2b2-ee7d159ba9cd"
        },
        {
          "skjæringstidspunkt": "2018-01-01",
          "type": "Vilkårsprøving",
          "avviksprosent": 0.0,
          "sykepengegrunnlag": {
            "sykepengegrunnlag": 372000.0,
            "inntektsgrunnlag": 372000.0,
            "grunnbeløp": 561804.0,
            "arbeidsgiverInntektsopplysninger": [
              {
                "orgnummer": "987654321",
                "inntektsopplysning": {
                  "id": "d629bce4-60b2-47fd-856e-81d117c73f95",
                  "dato": "2018-01-01",
                  "hendelseId": "554b7c77-47eb-4dec-846b-46fbf1ae204b",
                  "beløp": 31000.0,
                  "kilde": "INNTEKTSMELDING",
                  "tidsstempel": "2022-09-15T14:43:10.751796"
                }
              }
            ],
            "begrensning": "ER_IKKE_6G_BEGRENSET",
            "deaktiverteArbeidsforhold": [],
            "vurdertInfotrygd": false,
            "minsteinntekt": 46817.0,
            "oppfyllerMinsteinntektskrav": true
          },
          "sammenligningsgrunnlag": {
            "sammenligningsgrunnlag": 372000.0,
            "arbeidsgiverInntektsopplysninger": [
              {
                "orgnummer": "987654321",
                "inntektsopplysning": {
                  "id": "5fb8d4e3-487f-42be-99af-94beb63eab57",
                  "skatteopplysninger": [
                    {
                      "dato": "2018-01-01",
                      "hendelseId": "0336e935-be68-4ae6-8fb0-d7dbe5607fe5",
                      "beløp": 31000.0,
                      "kilde": "SKATT_SAMMENLIGNINGSGRUNNLAG",
                      "tidsstempel": "2022-09-15T14:43:10.790841",
                      "måned": "2017-01",
                      "type": "LØNNSINNTEKT",
                      "fordel": "kontantytelse",
                      "beskrivelse": "fastloenn"
                    },
                    {
                      "dato": "2018-01-01",
                      "hendelseId": "0336e935-be68-4ae6-8fb0-d7dbe5607fe5",
                      "beløp": 31000.0,
                      "kilde": "SKATT_SAMMENLIGNINGSGRUNNLAG",
                      "tidsstempel": "2022-09-15T14:43:10.790841",
                      "måned": "2017-02",
                      "type": "LØNNSINNTEKT",
                      "fordel": "kontantytelse",
                      "beskrivelse": "fastloenn"
                    },
                    {
                      "dato": "2018-01-01",
                      "hendelseId": "0336e935-be68-4ae6-8fb0-d7dbe5607fe5",
                      "beløp": 31000.0,
                      "kilde": "SKATT_SAMMENLIGNINGSGRUNNLAG",
                      "tidsstempel": "2022-09-15T14:43:10.790841",
                      "måned": "2017-03",
                      "type": "LØNNSINNTEKT",
                      "fordel": "kontantytelse",
                      "beskrivelse": "fastloenn"
                    },
                    {
                      "dato": "2018-01-01",
                      "hendelseId": "0336e935-be68-4ae6-8fb0-d7dbe5607fe5",
                      "beløp": 31000.0,
                      "kilde": "SKATT_SAMMENLIGNINGSGRUNNLAG",
                      "tidsstempel": "2022-09-15T14:43:10.790841",
                      "måned": "2017-04",
                      "type": "LØNNSINNTEKT",
                      "fordel": "kontantytelse",
                      "beskrivelse": "fastloenn"
                    },
                    {
                      "dato": "2018-01-01",
                      "hendelseId": "0336e935-be68-4ae6-8fb0-d7dbe5607fe5",
                      "beløp": 31000.0,
                      "kilde": "SKATT_SAMMENLIGNINGSGRUNNLAG",
                      "tidsstempel": "2022-09-15T14:43:10.790841",
                      "måned": "2017-05",
                      "type": "LØNNSINNTEKT",
                      "fordel": "kontantytelse",
                      "beskrivelse": "fastloenn"
                    },
                    {
                      "dato": "2018-01-01",
                      "hendelseId": "0336e935-be68-4ae6-8fb0-d7dbe5607fe5",
                      "beløp": 31000.0,
                      "kilde": "SKATT_SAMMENLIGNINGSGRUNNLAG",
                      "tidsstempel": "2022-09-15T14:43:10.790841",
                      "måned": "2017-06",
                      "type": "LØNNSINNTEKT",
                      "fordel": "kontantytelse",
                      "beskrivelse": "fastloenn"
                    },
                    {
                      "dato": "2018-01-01",
                      "hendelseId": "0336e935-be68-4ae6-8fb0-d7dbe5607fe5",
                      "beløp": 31000.0,
                      "kilde": "SKATT_SAMMENLIGNINGSGRUNNLAG",
                      "tidsstempel": "2022-09-15T14:43:10.790841",
                      "måned": "2017-07",
                      "type": "LØNNSINNTEKT",
                      "fordel": "kontantytelse",
                      "beskrivelse": "fastloenn"
                    },
                    {
                      "dato": "2018-01-01",
                      "hendelseId": "0336e935-be68-4ae6-8fb0-d7dbe5607fe5",
                      "beløp": 31000.0,
                      "kilde": "SKATT_SAMMENLIGNINGSGRUNNLAG",
                      "tidsstempel": "2022-09-15T14:43:10.790841",
                      "måned": "2017-08",
                      "type": "LØNNSINNTEKT",
                      "fordel": "kontantytelse",
                      "beskrivelse": "fastloenn"
                    },
                    {
                      "dato": "2018-01-01",
                      "hendelseId": "0336e935-be68-4ae6-8fb0-d7dbe5607fe5",
                      "beløp": 31000.0,
                      "kilde": "SKATT_SAMMENLIGNINGSGRUNNLAG",
                      "tidsstempel": "2022-09-15T14:43:10.790841",
                      "måned": "2017-09",
                      "type": "LØNNSINNTEKT",
                      "fordel": "kontantytelse",
                      "beskrivelse": "fastloenn"
                    },
                    {
                      "dato": "2018-01-01",
                      "hendelseId": "0336e935-be68-4ae6-8fb0-d7dbe5607fe5",
                      "beløp": 31000.0,
                      "kilde": "SKATT_SAMMENLIGNINGSGRUNNLAG",
                      "tidsstempel": "2022-09-15T14:43:10.790841",
                      "måned": "2017-10",
                      "type": "LØNNSINNTEKT",
                      "fordel": "kontantytelse",
                      "beskrivelse": "fastloenn"
                    },
                    {
                      "dato": "2018-01-01",
                      "hendelseId": "0336e935-be68-4ae6-8fb0-d7dbe5607fe5",
                      "beløp": 31000.0,
                      "kilde": "SKATT_SAMMENLIGNINGSGRUNNLAG",
                      "tidsstempel": "2022-09-15T14:43:10.790841",
                      "måned": "2017-11",
                      "type": "LØNNSINNTEKT",
                      "fordel": "kontantytelse",
                      "beskrivelse": "fastloenn"
                    },
                    {
                      "dato": "2018-01-01",
                      "hendelseId": "0336e935-be68-4ae6-8fb0-d7dbe5607fe5",
                      "beløp": 31000.0,
                      "kilde": "SKATT_SAMMENLIGNINGSGRUNNLAG",
                      "tidsstempel": "2022-09-15T14:43:10.790841",
                      "måned": "2017-12",
                      "type": "LØNNSINNTEKT",
                      "fordel": "kontantytelse",
                      "beskrivelse": "fastloenn"
                    }
                  ]
                }
              }
            ]
          },
          "opptjening": {
            "arbeidsforhold": [
              {
                "orgnummer": "987654321",
                "ansattPerioder": [
                  {
                    "ansattFom": "1970-01-01",
                    "ansattTom": null,
                    "deaktivert": false
                  }
                ]
              }
            ],
            "opptjeningFom": "1970-01-01",
            "opptjeningTom": "2018-01-01"
          },
          "medlemskapstatus": "JA",
          "vurdertOk": true,
          "meldingsreferanseId": "0336e935-be68-4ae6-8fb0-d7dbe5607fe5",
          "vilkårsgrunnlagId": "735b9343-8759-479c-b79f-bc98e6414a64"
        }
      ]
    },
    {
      "id": "b0e302f5-10d8-4b18-8a30-bad29ea23249",
      "opprettet": "2022-09-15T14:43:10.773519",
      "vilkårsgrunnlag": [
        {
          "skjæringstidspunkt": "2017-12-17",
          "type": "Infotrygd",
          "sykepengegrunnlag": {
            "sykepengegrunnlag": 372000.0,
            "inntektsgrunnlag": 372000.0,
            "grunnbeløp": 561804.0,
            "arbeidsgiverInntektsopplysninger": [
              {
                "orgnummer": "987654321",
                "inntektsopplysning": {
                  "id": "5c985d8b-d85a-4a75-bf8d-e8be83183199",
                  "dato": "2017-12-17",
                  "hendelseId": "7b0981df-bbf5-4252-8944-efa0b1a4da31",
                  "beløp": 31000.0,
                  "kilde": "INFOTRYGD",
                  "tidsstempel": "2022-09-15T14:43:10.770037"
                }
              }
            ],
            "begrensning": "VURDERT_I_INFOTRYGD",
            "deaktiverteArbeidsforhold": [],
            "vurdertInfotrygd": true,
            "minsteinntekt": 46817.0,
            "oppfyllerMinsteinntektskrav": true
          },
          "vilkårsgrunnlagId": "c1945704-3ede-46bc-b2b2-ee7d159ba9cd"
        }
      ]
    }
  ],
  "infotrygdhistorikk": [
    {
      "arbeidsgiverutbetalingsperioder": [],
      "personutbetalingsperioder": [
        {
          "fom": "2017-12-01",
          "tom": "2017-12-28"
        }
      ]
    }
  ],
  "skjemaVersjon": 178
}