{
  "aktørId" : "42",
  "fødselsnummer" : "12029240045",
  "opprettet" : "2023-10-16T12:40:20.761988",
  "fødselsdato" : "1992-02-12",
  "dødsdato" : null,
  "arbeidsgivere" : [ {
    "inntektshistorikk" : [ {
      "id" : "b89920d1-551a-4442-9c97-147c3c0b5dd0",
      "dato" : "2018-01-03",
      "hendelseId" : "23838fcd-b164-49f3-82ad-39c9d4ab684e",
      "beløp" : 31000.0,
      "tidsstempel" : "2023-10-16T12:40:20.768467"
    } ],
    "sykdomshistorikk" : [ {
      "id" : "44e65312-5e19-4bff-aff8-365b5a10b566",
      "hendelseId" : "23838fcd-b164-49f3-82ad-39c9d4ab684e",
      "tidsstempel" : "2023-10-16T12:40:20.76592",
      "hendelseSykdomstidslinje" : {
        "låstePerioder" : [ ],
        "periode" : {
          "fom" : "2018-01-01",
          "tom" : "2018-01-17"
        },
        "dager" : [ {
          "fom" : "2018-01-01",
          "tom" : "2018-01-02",
          "type" : "ARBEIDSDAG",
          "kilde" : {
            "type" : "Inntektsmelding",
            "id" : "23838fcd-b164-49f3-82ad-39c9d4ab684e",
            "tidsstempel" : "2023-10-16T12:40:20.764651"
          }
        }, {
          "fom" : "2018-01-03",
          "tom" : "2018-01-17",
          "type" : "ARBEIDSGIVERDAG",
          "kilde" : {
            "type" : "Inntektsmelding",
            "id" : "23838fcd-b164-49f3-82ad-39c9d4ab684e",
            "tidsstempel" : "2023-10-16T12:40:20.764651"
          },
          "grad" : 100.0
        } ]
      },
      "beregnetSykdomstidslinje" : {
        "låstePerioder" : [ {
          "fom" : "2018-01-01",
          "tom" : "2018-01-17"
        } ],
        "periode" : {
          "fom" : "2018-01-01",
          "tom" : "2018-01-17"
        },
        "dager" : [ {
          "fom" : "2018-01-01",
          "tom" : "2018-01-02",
          "type" : "ARBEIDSDAG",
          "kilde" : {
            "type" : "Inntektsmelding",
            "id" : "23838fcd-b164-49f3-82ad-39c9d4ab684e",
            "tidsstempel" : "2023-10-16T12:40:20.764651"
          }
        }, {
          "fom" : "2018-01-03",
          "tom" : "2018-01-17",
          "type" : "SYKEDAG",
          "kilde" : {
            "type" : "Søknad",
            "id" : "acd248b3-597c-4210-8a3e-41778f3dc856",
            "tidsstempel" : "2018-01-01T00:00:00"
          },
          "grad" : 100.0
        } ]
      }
    }, {
      "id" : "bde460bb-5096-4e81-805a-bd6c94212afd",
      "hendelseId" : "acd248b3-597c-4210-8a3e-41778f3dc856",
      "tidsstempel" : "2023-10-16T12:40:20.762723",
      "hendelseSykdomstidslinje" : {
        "låstePerioder" : [ ],
        "periode" : {
          "fom" : "2018-01-01",
          "tom" : "2018-01-17"
        },
        "dager" : [ {
          "fom" : "2018-01-01",
          "tom" : "2018-01-17",
          "type" : "SYKEDAG",
          "kilde" : {
            "type" : "Søknad",
            "id" : "acd248b3-597c-4210-8a3e-41778f3dc856",
            "tidsstempel" : "2018-01-01T00:00:00"
          },
          "grad" : 100.0
        } ]
      },
      "beregnetSykdomstidslinje" : {
        "låstePerioder" : [ ],
        "periode" : {
          "fom" : "2018-01-01",
          "tom" : "2018-01-17"
        },
        "dager" : [ {
          "fom" : "2018-01-01",
          "tom" : "2018-01-17",
          "type" : "SYKEDAG",
          "kilde" : {
            "type" : "Søknad",
            "id" : "acd248b3-597c-4210-8a3e-41778f3dc856",
            "tidsstempel" : "2018-01-01T00:00:00"
          },
          "grad" : 100.0
        } ]
      }
    } ],
    "sykmeldingsperioder" : [ ],
    "utbetalinger" : [ ],
    "vedtaksperioder" : [ {
      "sykdomstidslinje" : {
        "låstePerioder" : [ ],
        "periode" : {
          "fom" : "2018-01-01",
          "tom" : "2018-01-17"
        },
        "dager" : [ {
          "fom" : "2018-01-01",
          "tom" : "2018-01-02",
          "type" : "ARBEIDSDAG",
          "kilde" : {
            "type" : "Inntektsmelding",
            "id" : "23838fcd-b164-49f3-82ad-39c9d4ab684e",
            "tidsstempel" : "2023-10-16T12:40:20.764651"
          }
        }, {
          "fom" : "2018-01-03",
          "tom" : "2018-01-17",
          "type" : "SYKEDAG",
          "kilde" : {
            "type" : "Søknad",
            "id" : "acd248b3-597c-4210-8a3e-41778f3dc856",
            "tidsstempel" : "2018-01-01T00:00:00"
          },
          "grad" : 100.0
        } ]
      },
      "id" : "96af2123-b815-47fc-ab7d-9ed1e00b78f0",
      "fom" : "2018-01-01",
      "tom" : "2018-01-17",
      "sykmeldingFom" : "2018-01-01",
      "sykmeldingTom" : "2018-01-17",
      "hendelseIder" : [ {
        "dokumentId" : "acd248b3-597c-4210-8a3e-41778f3dc856",
        "dokumenttype" : "Søknad"
      }, {
        "dokumentId" : "23838fcd-b164-49f3-82ad-39c9d4ab684e",
        "dokumenttype" : "InntektsmeldingDager"
      } ],
      "tilstand" : "AVSLUTTET_UTEN_UTBETALING",
      "generasjoner" : [
        {
          "id": "<! en random UUID !>",
          "tidsstempel": "2023-10-16T12:40:20.762618",
          "tilstand": "AVSLUTTET_UTEN_VEDTAK",
          "fom": "2018-01-01",
          "tom": "2018-01-17",
          "vedtakFattet": null,
          "avsluttet": "2023-10-16T12:40:20.768129",
          "endringer": [
            {
              "id": "<! en random UUID !>",
              "tidsstempel": "2023-10-16T12:40:20.762618",
              "sykmeldingsperiodeFom": "2018-01-01",
              "sykmeldingsperiodeTom": "2018-01-17",
              "fom": "2018-01-01",
              "tom": "2018-01-17",
              "utbetalingId": null,
              "vilkårsgrunnlagId": null,
              "sykdomstidslinje" : {
                "låstePerioder" : [ ],
                "periode" : {
                  "fom" : "2018-01-01",
                  "tom" : "2018-01-17"
                },
                "dager" : [ {
                  "fom" : "2018-01-01",
                  "tom" : "2018-01-17",
                  "type" : "SYKEDAG",
                  "kilde" : {
                    "type" : "Søknad",
                    "id" : "acd248b3-597c-4210-8a3e-41778f3dc856",
                    "tidsstempel" : "2018-01-01T00:00:00"
                  },
                  "grad" : 100.0
                } ]
              },
              "dokumentsporing": {
                "dokumentId" : "acd248b3-597c-4210-8a3e-41778f3dc856",
                "dokumenttype" : "Søknad"
              }
            },
            {
              "id": "<! en random UUID !>",
              "tidsstempel": "2023-10-16T12:40:20.765920",
              "sykmeldingsperiodeFom": "2018-01-01",
              "sykmeldingsperiodeTom": "2018-01-17",
              "fom": "2018-01-01",
              "tom": "2018-01-17",
              "utbetalingId": null,
              "vilkårsgrunnlagId": null,
              "sykdomstidslinje" : {
                "låstePerioder" : [ ],
                "periode" : {
                  "fom" : "2018-01-01",
                  "tom" : "2018-01-17"
                },
                "dager" : [ {
                  "fom" : "2018-01-01",
                  "tom" : "2018-01-02",
                  "type" : "ARBEIDSDAG",
                  "kilde" : {
                    "type" : "Inntektsmelding",
                    "id" : "23838fcd-b164-49f3-82ad-39c9d4ab684e",
                    "tidsstempel" : "2023-10-16T12:40:20.764651"
                  }
                }, {
                  "fom" : "2018-01-03",
                  "tom" : "2018-01-17",
                  "type" : "SYKEDAG",
                  "kilde" : {
                    "type" : "Søknad",
                    "id" : "acd248b3-597c-4210-8a3e-41778f3dc856",
                    "tidsstempel" : "2018-01-01T00:00:00"
                  },
                  "grad" : 100.0
                } ]
              },
              "dokumentsporing": {
                "dokumentId" : "23838fcd-b164-49f3-82ad-39c9d4ab684e",
                "dokumenttype" : "InntektsmeldingDager"
              }
            }
          ]
        }
      ],
      "skjæringstidspunkt" : "2018-01-03",
      "opprettet" : "2023-10-16T12:40:20.762618",
      "oppdatert" : "2023-10-16T12:40:20.768129"
    } ],
    "forkastede" : [ ],
    "refusjonshistorikk" : [ {
      "meldingsreferanseId" : "23838fcd-b164-49f3-82ad-39c9d4ab684e",
      "førsteFraværsdag" : "2018-01-03",
      "arbeidsgiverperioder" : [ {
        "fom" : "2018-01-03",
        "tom" : "2018-01-19"
      } ],
      "beløp" : 31000.0,
      "sisteRefusjonsdag" : null,
      "endringerIRefusjon" : [ ],
      "tidsstempel" : "2023-10-16T12:40:20.768478"
    } ],
    "id" : "a7516357-9005-4f38-aae1-4921df39c4c2",
    "organisasjonsnummer" : "a1",
    "beregnetUtbetalingstidslinjer" : [ ],
    "refusjonOpphører" : [ ],
    "feriepengeutbetalinger" : [ ]
  } ],
  "infotrygdhistorikk" : [ {
    "id" : "fe2a41c8-852e-49eb-a5ae-b7e36e442423",
    "tidsstempel" : "2023-10-16T12:40:20.763259",
    "hendelseId" : "26b62d28-dd5a-42c0-824a-bfc7a7308713",
    "ferieperioder" : [ ],
    "arbeidsgiverutbetalingsperioder" : [ ],
    "personutbetalingsperioder" : [ ],
    "inntekter" : [ ],
    "arbeidskategorikoder" : { },
    "oppdatert" : "2023-10-16T12:40:20.76322"
  } ],
  "vilkårsgrunnlagHistorikk" : [ ],
  "skjemaVersjon": 276
}