{
  "aktørId" : "42",
  "fødselsnummer" : "12029240045",
  "opprettet" : "2023-10-16T12:40:20.921296",
  "fødselsdato" : "1992-02-12",
  "dødsdato" : null,
  "arbeidsgivere" : [ {
    "inntektshistorikk" : [ {
      "id" : "1c53609e-78e8-4ed6-a0f8-3d2610652fc1",
      "dato" : "2018-01-01",
      "hendelseId" : "af2e11dc-38bc-4c03-b70d-b0ca46d621ad",
      "beløp" : 31000.0,
      "tidsstempel" : "2023-10-16T12:40:20.924462"
    } ],
    "sykdomshistorikk" : [ {
      "id" : "0f3beb4a-694e-461e-b4b8-133ac55a07cd",
      "hendelseId" : null,
      "tidsstempel" : "2023-10-16T12:40:20.933408",
      "hendelseSykdomstidslinje" : {
        "låstePerioder" : [ ],
        "periode" : null,
        "dager" : [ ]
      },
      "beregnetSykdomstidslinje" : {
        "låstePerioder" : [ ],
        "periode" : null,
        "dager" : [ ]
      }
    }, {
      "id" : "652384e7-a26b-4470-bc58-05058b6e89c1",
      "hendelseId" : "d306c782-aa46-472f-9702-1de0988fe620",
      "tidsstempel" : "2023-10-16T12:40:20.922235",
      "hendelseSykdomstidslinje" : {
        "låstePerioder" : [ ],
        "periode" : {
          "fom" : "2018-01-01",
          "tom" : "2018-01-31"
        },
        "dager" : [ {
          "fom" : "2018-01-01",
          "tom" : "2018-01-31",
          "type" : "SYKEDAG",
          "kilde" : {
            "type" : "Søknad",
            "id" : "d306c782-aa46-472f-9702-1de0988fe620",
            "tidsstempel" : "2018-01-01T00:00:00"
          },
          "grad" : 100.0
        } ]
      },
      "beregnetSykdomstidslinje" : {
        "låstePerioder" : [ ],
        "periode" : {
          "fom" : "2018-01-01",
          "tom" : "2018-01-31"
        },
        "dager" : [ {
          "fom" : "2018-01-01",
          "tom" : "2018-01-31",
          "type" : "SYKEDAG",
          "kilde" : {
            "type" : "Søknad",
            "id" : "d306c782-aa46-472f-9702-1de0988fe620",
            "tidsstempel" : "2018-01-01T00:00:00"
          },
          "grad" : 100.0
        } ]
      }
    } ],
    "sykmeldingsperioder" : [ ],
    "utbetalinger" : [ {
      "id" : "75ecc0f4-0399-4449-bbc7-dc971b3976ef",
      "korrelasjonsId" : "6a5ada0a-095f-49ab-9731-83463478f248",
      "beregningId" : "fc8a86b1-9257-4468-a819-ed3f13358211",
      "annulleringer" : [ ],
      "utbetalingstidslinje" : {
        "dager" : [ {
          "fom" : "2018-01-01",
          "tom" : "2018-01-16",
          "type" : "ArbeidsgiverperiodeDag",
          "grad" : 100.0,
          "totalGrad" : 100.0,
          "arbeidsgiverRefusjonsbeløp" : 1430.7692307692307,
          "grunnbeløpgrense" : 561804.0,
          "dekningsgrunnlag" : 1430.7692307692307,
          "aktuellDagsinntekt" : 1430.7692307692307,
          "arbeidsgiverbeløp" : 0.0,
          "personbeløp" : 0.0,
          "er6GBegrenset" : false
        }, {
          "fom" : "2018-01-17",
          "tom" : "2018-01-19",
          "type" : "NavDag",
          "grad" : 100.0,
          "totalGrad" : 100.0,
          "arbeidsgiverRefusjonsbeløp" : 1430.7692307692307,
          "grunnbeløpgrense" : 561804.0,
          "dekningsgrunnlag" : 1430.7692307692307,
          "aktuellDagsinntekt" : 1430.7692307692307,
          "arbeidsgiverbeløp" : 1431.0,
          "personbeløp" : 0.0,
          "er6GBegrenset" : false
        }, {
          "fom" : "2018-01-20",
          "tom" : "2018-01-21",
          "type" : "NavHelgDag",
          "grad" : 100.0,
          "totalGrad" : 100.0,
          "arbeidsgiverRefusjonsbeløp" : 0.0,
          "grunnbeløpgrense" : 561804.0,
          "dekningsgrunnlag" : 0.0,
          "aktuellDagsinntekt" : 0.0,
          "arbeidsgiverbeløp" : 0.0,
          "personbeløp" : 0.0,
          "er6GBegrenset" : false
        }, {
          "fom" : "2018-01-22",
          "tom" : "2018-01-26",
          "type" : "NavDag",
          "grad" : 100.0,
          "totalGrad" : 100.0,
          "arbeidsgiverRefusjonsbeløp" : 1430.7692307692307,
          "grunnbeløpgrense" : 561804.0,
          "dekningsgrunnlag" : 1430.7692307692307,
          "aktuellDagsinntekt" : 1430.7692307692307,
          "arbeidsgiverbeløp" : 1431.0,
          "personbeløp" : 0.0,
          "er6GBegrenset" : false
        }, {
          "fom" : "2018-01-27",
          "tom" : "2018-01-28",
          "type" : "NavHelgDag",
          "grad" : 100.0,
          "totalGrad" : 100.0,
          "arbeidsgiverRefusjonsbeløp" : 0.0,
          "grunnbeløpgrense" : 561804.0,
          "dekningsgrunnlag" : 0.0,
          "aktuellDagsinntekt" : 0.0,
          "arbeidsgiverbeløp" : 0.0,
          "personbeløp" : 0.0,
          "er6GBegrenset" : false
        }, {
          "fom" : "2018-01-29",
          "tom" : "2018-01-31",
          "type" : "NavDag",
          "grad" : 100.0,
          "totalGrad" : 100.0,
          "arbeidsgiverRefusjonsbeløp" : 1430.7692307692307,
          "grunnbeløpgrense" : 561804.0,
          "dekningsgrunnlag" : 1430.7692307692307,
          "aktuellDagsinntekt" : 1430.7692307692307,
          "arbeidsgiverbeløp" : 1431.0,
          "personbeløp" : 0.0,
          "er6GBegrenset" : false
        } ]
      },
      "arbeidsgiverOppdrag" : {
        "mottaker" : "a1",
        "fagområde" : "SPREF",
        "linjer" : [ {
          "fom" : "2018-01-17",
          "tom" : "2018-01-31",
          "satstype" : "DAG",
          "sats" : 1431,
          "grad" : 100,
          "stønadsdager" : 11,
          "totalbeløp" : 15741,
          "endringskode" : "NY",
          "delytelseId" : 1,
          "refDelytelseId" : null,
          "refFagsystemId" : null,
          "statuskode" : null,
          "datoStatusFom" : null,
          "klassekode" : "SPREFAG-IOP"
        } ],
        "fagsystemId" : "S24GO2WJGVCHHEHFHWYHKOE3PM",
        "endringskode" : "NY",
        "sisteArbeidsgiverdag" : "2018-01-16",
        "tidsstempel" : "2023-10-16T12:40:20.931095",
        "totalbeløp" : 15741,
        "nettoBeløp" : 15741,
        "stønadsdager" : 11,
        "avstemmingsnøkkel" : null,
        "status" : null,
        "overføringstidspunkt" : null,
        "erSimulert" : true,
        "simuleringsResultat" : {
          "totalbeløp" : 2000,
          "perioder" : [ {
            "fom" : "2018-01-17",
            "tom" : "2018-01-20",
            "utbetalinger" : [ {
              "forfallsdato" : "2018-01-21",
              "utbetalesTil" : {
                "id" : "a1",
                "navn" : "Org Orgesen AS"
              },
              "feilkonto" : false,
              "detaljer" : [ {
                "fom" : "2018-01-17",
                "tom" : "2018-01-20",
                "konto" : "81549300",
                "beløp" : 2000,
                "klassekode" : {
                  "kode" : "SPREFAG-IOP",
                  "beskrivelse" : "Sykepenger, Refusjon arbeidsgiver"
                },
                "uføregrad" : 100,
                "utbetalingstype" : "YTEL",
                "tilbakeføring" : false,
                "sats" : {
                  "sats" : 1000.0,
                  "antall" : 2,
                  "type" : "DAG"
                },
                "refunderesOrgnummer" : "a1"
              } ]
            } ]
          } ]
        }
      },
      "personOppdrag" : {
        "mottaker" : "12029240045",
        "fagområde" : "SP",
        "linjer" : [ ],
        "fagsystemId" : "N76T4GDJHBHWRMNG4D4DBKAWOY",
        "endringskode" : "NY",
        "sisteArbeidsgiverdag" : "2018-01-16",
        "tidsstempel" : "2023-10-16T12:40:20.9311",
        "totalbeløp" : 0,
        "nettoBeløp" : 0,
        "stønadsdager" : 0,
        "avstemmingsnøkkel" : null,
        "status" : null,
        "overføringstidspunkt" : null,
        "erSimulert" : false,
        "simuleringsResultat" : null
      },
      "fom" : "2018-01-01",
      "tom" : "2018-01-31",
      "stønadsdager" : 11,
      "tidsstempel" : "2023-10-16T12:40:20.931131",
      "status" : "IKKE_GODKJENT",
      "type" : "UTBETALING",
      "maksdato" : "2018-12-28",
      "forbrukteSykedager" : 11,
      "gjenståendeSykedager" : 237,
      "vurdering" : {
        "godkjent" : false,
        "ident" : "Ola Nordmann",
        "epost" : "ola.nordmann@nav.no",
        "tidspunkt" : "2023-10-16T12:40:20.932476",
        "automatiskBehandling" : true
      },
      "overføringstidspunkt" : null,
      "avstemmingsnøkkel" : null,
      "avsluttet" : null,
      "oppdatert" : "2023-10-16T12:40:20.932537"
    } ],
    "vedtaksperioder" : [ ],
    "forkastede" : [ {
      "vedtaksperiode" : {
        "sykdomstidslinje" : {
          "låstePerioder" : [ ],
          "periode" : {
            "fom" : "2018-01-01",
            "tom" : "2018-01-31"
          },
          "dager" : [ {
            "fom" : "2018-01-01",
            "tom" : "2018-01-31",
            "type" : "SYKEDAG",
            "kilde" : {
              "type" : "Søknad",
              "id" : "d306c782-aa46-472f-9702-1de0988fe620",
              "tidsstempel" : "2018-01-01T00:00:00"
            },
            "grad" : 100.0
          } ]
        },
        "id" : "2e4d7123-4fed-481d-bbbb-e72992449e02",
        "fom" : "2018-01-01",
        "tom" : "2018-01-31",
        "sykmeldingFom" : "2018-01-01",
        "sykmeldingTom" : "2018-01-31",
        "hendelseIder" : [ {
          "dokumentId" : "d306c782-aa46-472f-9702-1de0988fe620",
          "dokumenttype" : "Søknad"
        }, {
          "dokumentId" : "af2e11dc-38bc-4c03-b70d-b0ca46d621ad",
          "dokumenttype" : "InntektsmeldingInntekt"
        } ],
        "tilstand" : "TIL_INFOTRYGD",
        "generasjoner" : [ {
          "id" : "<! en random uuid !>",
          "tidsstempel" : "2023-10-16T12:40:20.922235",
          "tilstand" : "TIL_INFOTRYGD",
          "fom" : "2018-01-01",
          "tom" : "2018-01-31",
          "vedtakFattet" : null,
          "avsluttet" : "2023-10-16T12:40:20.932476",
          "endringer" : [ {
            "id" : "<! en random uuid !>",
            "tidsstempel" : "2023-10-16T12:40:20.922235",
            "sykmeldingsperiodeFom" : "2018-01-01",
            "sykmeldingsperiodeTom" : "2018-01-31",
            "fom" : "2018-01-01",
            "tom" : "2018-01-31",
            "utbetalingId" : null,
            "vilkårsgrunnlagId" : null,
            "sykdomstidslinje" : {
              "låstePerioder" : [ ],
              "periode" : {
                "fom" : "2018-01-01",
                "tom" : "2018-01-31"
              },
              "dager" : [ {
                "fom" : "2018-01-01",
                "tom" : "2018-01-31",
                "type" : "SYKEDAG",
                "kilde" : {
                  "type" : "Søknad",
                  "id" : "d306c782-aa46-472f-9702-1de0988fe620",
                  "tidsstempel" : "2018-01-01T00:00:00"
                },
                "grad" : 100.0
              } ]
            },
            "dokumentsporing" : {
              "dokumentId" : "d306c782-aa46-472f-9702-1de0988fe620",
              "dokumenttype" : "Søknad"
            }
          }, {
            "id" : "<! en random uuid !>",
            "tidsstempel" : "2023-10-16T12:40:20.924462",
            "sykmeldingsperiodeFom" : "2018-01-01",
            "sykmeldingsperiodeTom" : "2018-01-31",
            "fom" : "2018-01-01",
            "tom" : "2018-01-31",
            "utbetalingId" : null,
            "vilkårsgrunnlagId" : null,
            "sykdomstidslinje" : {
              "låstePerioder" : [ ],
              "periode" : {
                "fom" : "2018-01-01",
                "tom" : "2018-01-31"
              },
              "dager" : [ {
                "fom" : "2018-01-01",
                "tom" : "2018-01-31",
                "type" : "SYKEDAG",
                "kilde" : {
                  "type" : "Søknad",
                  "id" : "d306c782-aa46-472f-9702-1de0988fe620",
                  "tidsstempel" : "2018-01-01T00:00:00"
                },
                "grad" : 100.0
              } ]
            },
            "dokumentsporing" : {
              "dokumentId" : "af2e11dc-38bc-4c03-b70d-b0ca46d621ad",
              "dokumenttype" : "InntektsmeldingInntekt"
            }
          }, {
            "id" : "<! en random uuid !>",
            "tidsstempel" : "2023-10-16T12:40:20.931131",
            "sykmeldingsperiodeFom" : "2018-01-01",
            "sykmeldingsperiodeTom" : "2018-01-31",
            "fom" : "2018-01-01",
            "tom" : "2018-01-31",
            "utbetalingId" : "75ecc0f4-0399-4449-bbc7-dc971b3976ef",
            "vilkårsgrunnlagId" : "df7da73c-0dba-41a7-9c62-59102c98dd2f",
            "sykdomstidslinje" : {
              "låstePerioder" : [ ],
              "periode" : {
                "fom" : "2018-01-01",
                "tom" : "2018-01-31"
              },
              "dager" : [ {
                "fom" : "2018-01-01",
                "tom" : "2018-01-31",
                "type" : "SYKEDAG",
                "kilde" : {
                  "type" : "Søknad",
                  "id" : "d306c782-aa46-472f-9702-1de0988fe620",
                  "tidsstempel" : "2018-01-01T00:00:00"
                },
                "grad" : 100.0
              } ]
            },
            "dokumentsporing" : {
              "dokumentId" : "af2e11dc-38bc-4c03-b70d-b0ca46d621ad",
              "dokumenttype" : "InntektsmeldingInntekt"
            }
          } ]
        } ],
        "skjæringstidspunkt" : "2018-01-01",
        "opprettet" : "2023-10-16T12:40:20.921968",
        "oppdatert" : "2023-10-16T12:40:20.933335"
      }
    } ],
    "refusjonshistorikk" : [ {
      "meldingsreferanseId" : "af2e11dc-38bc-4c03-b70d-b0ca46d621ad",
      "førsteFraværsdag" : "2018-01-01",
      "arbeidsgiverperioder" : [ ],
      "beløp" : 31000.0,
      "sisteRefusjonsdag" : null,
      "endringerIRefusjon" : [ ],
      "tidsstempel" : "2023-10-16T12:40:20.924469"
    } ],
    "id" : "2b9243ec-a3fe-4bfe-a26c-19a241aac70b",
    "organisasjonsnummer" : "a1",
    "beregnetUtbetalingstidslinjer" : [ {
      "id" : "fc8a86b1-9257-4468-a819-ed3f13358211",
      "sykdomshistorikkElementId" : "652384e7-a26b-4470-bc58-05058b6e89c1",
      "vilkårsgrunnlagHistorikkInnslagId" : "749f0e17-deaa-4aa5-a976-1fa78233c436",
      "tidsstempel" : "2023-10-16T12:40:20.930983",
      "organisasjonsnummer" : "a1",
      "utbetalingstidslinje" : {
        "dager" : [ {
          "fom" : "2018-01-01",
          "tom" : "2018-01-16",
          "type" : "ArbeidsgiverperiodeDag",
          "grad" : 100.0,
          "totalGrad" : 100.0,
          "arbeidsgiverRefusjonsbeløp" : 1430.7692307692307,
          "grunnbeløpgrense" : 561804.0,
          "dekningsgrunnlag" : 1430.7692307692307,
          "aktuellDagsinntekt" : 1430.7692307692307,
          "arbeidsgiverbeløp" : 0.0,
          "personbeløp" : 0.0,
          "er6GBegrenset" : false
        }, {
          "fom" : "2018-01-17",
          "tom" : "2018-01-19",
          "type" : "NavDag",
          "grad" : 100.0,
          "totalGrad" : 100.0,
          "arbeidsgiverRefusjonsbeløp" : 1430.7692307692307,
          "grunnbeløpgrense" : 561804.0,
          "dekningsgrunnlag" : 1430.7692307692307,
          "aktuellDagsinntekt" : 1430.7692307692307,
          "arbeidsgiverbeløp" : 1431.0,
          "personbeløp" : 0.0,
          "er6GBegrenset" : false
        }, {
          "fom" : "2018-01-20",
          "tom" : "2018-01-21",
          "type" : "NavHelgDag",
          "grad" : 100.0,
          "totalGrad" : 100.0,
          "arbeidsgiverRefusjonsbeløp" : 0.0,
          "grunnbeløpgrense" : 561804.0,
          "dekningsgrunnlag" : 0.0,
          "aktuellDagsinntekt" : 0.0,
          "arbeidsgiverbeløp" : 0.0,
          "personbeløp" : 0.0,
          "er6GBegrenset" : false
        }, {
          "fom" : "2018-01-22",
          "tom" : "2018-01-26",
          "type" : "NavDag",
          "grad" : 100.0,
          "totalGrad" : 100.0,
          "arbeidsgiverRefusjonsbeløp" : 1430.7692307692307,
          "grunnbeløpgrense" : 561804.0,
          "dekningsgrunnlag" : 1430.7692307692307,
          "aktuellDagsinntekt" : 1430.7692307692307,
          "arbeidsgiverbeløp" : 1431.0,
          "personbeløp" : 0.0,
          "er6GBegrenset" : false
        }, {
          "fom" : "2018-01-27",
          "tom" : "2018-01-28",
          "type" : "NavHelgDag",
          "grad" : 100.0,
          "totalGrad" : 100.0,
          "arbeidsgiverRefusjonsbeløp" : 0.0,
          "grunnbeløpgrense" : 561804.0,
          "dekningsgrunnlag" : 0.0,
          "aktuellDagsinntekt" : 0.0,
          "arbeidsgiverbeløp" : 0.0,
          "personbeløp" : 0.0,
          "er6GBegrenset" : false
        }, {
          "fom" : "2018-01-29",
          "tom" : "2018-01-31",
          "type" : "NavDag",
          "grad" : 100.0,
          "totalGrad" : 100.0,
          "arbeidsgiverRefusjonsbeløp" : 1430.7692307692307,
          "grunnbeløpgrense" : 561804.0,
          "dekningsgrunnlag" : 1430.7692307692307,
          "aktuellDagsinntekt" : 1430.7692307692307,
          "arbeidsgiverbeløp" : 1431.0,
          "personbeløp" : 0.0,
          "er6GBegrenset" : false
        } ]
      }
    } ],
    "refusjonOpphører" : [ ],
    "feriepengeutbetalinger" : [ ]
  } ],
  "infotrygdhistorikk" : [ {
    "id" : "cc58df4f-07af-4b13-abcf-9c796243f777",
    "tidsstempel" : "2023-10-16T12:40:20.922652",
    "hendelseId" : "d41eedd3-f6e4-4127-9585-1ffdb32b5168",
    "ferieperioder" : [ ],
    "arbeidsgiverutbetalingsperioder" : [ ],
    "personutbetalingsperioder" : [ ],
    "inntekter" : [ ],
    "arbeidskategorikoder" : { },
    "oppdatert" : "2023-10-16T12:40:20.922612"
  } ],
  "vilkårsgrunnlagHistorikk" : [ {
    "id" : "36c18c4a-b6eb-4a81-a620-5829cf728930",
    "opprettet" : "2023-10-16T12:40:20.934278",
    "vilkårsgrunnlag" : [ ]
  }, {
    "id" : "749f0e17-deaa-4aa5-a976-1fa78233c436",
    "opprettet" : "2023-10-16T12:40:20.927279",
    "vilkårsgrunnlag" : [ {
      "skjæringstidspunkt" : "2018-01-01",
      "type" : "Vilkårsprøving",
      "sykepengegrunnlag" : {
        "sykepengegrunnlag" : 372000.0,
        "avviksprosent" : 0.0,
        "beregningsgrunnlag" : 372000.0,
        "totalOmregnetÅrsinntekt" : 372000.0,
        "sammenligningsgrunnlag" : {
          "sammenligningsgrunnlag" : 372000.0,
          "arbeidsgiverInntektsopplysninger" : [ {
            "orgnummer" : "a1",
            "skatteopplysninger" : [ {
              "hendelseId" : "667003fa-09c6-447c-9bdf-338580681fc2",
              "beløp" : 31000.0,
              "tidsstempel" : "2023-10-16T12:40:20.92637",
              "måned" : "2017-01",
              "type" : "LØNNSINNTEKT",
              "fordel" : "kontantytelse",
              "beskrivelse" : "fastloenn"
            }, {
              "hendelseId" : "667003fa-09c6-447c-9bdf-338580681fc2",
              "beløp" : 31000.0,
              "tidsstempel" : "2023-10-16T12:40:20.926372",
              "måned" : "2017-02",
              "type" : "LØNNSINNTEKT",
              "fordel" : "kontantytelse",
              "beskrivelse" : "fastloenn"
            }, {
              "hendelseId" : "667003fa-09c6-447c-9bdf-338580681fc2",
              "beløp" : 31000.0,
              "tidsstempel" : "2023-10-16T12:40:20.926373",
              "måned" : "2017-03",
              "type" : "LØNNSINNTEKT",
              "fordel" : "kontantytelse",
              "beskrivelse" : "fastloenn"
            }, {
              "hendelseId" : "667003fa-09c6-447c-9bdf-338580681fc2",
              "beløp" : 31000.0,
              "tidsstempel" : "2023-10-16T12:40:20.926374",
              "måned" : "2017-04",
              "type" : "LØNNSINNTEKT",
              "fordel" : "kontantytelse",
              "beskrivelse" : "fastloenn"
            }, {
              "hendelseId" : "667003fa-09c6-447c-9bdf-338580681fc2",
              "beløp" : 31000.0,
              "tidsstempel" : "2023-10-16T12:40:20.926374",
              "måned" : "2017-05",
              "type" : "LØNNSINNTEKT",
              "fordel" : "kontantytelse",
              "beskrivelse" : "fastloenn"
            }, {
              "hendelseId" : "667003fa-09c6-447c-9bdf-338580681fc2",
              "beløp" : 31000.0,
              "tidsstempel" : "2023-10-16T12:40:20.926375",
              "måned" : "2017-06",
              "type" : "LØNNSINNTEKT",
              "fordel" : "kontantytelse",
              "beskrivelse" : "fastloenn"
            }, {
              "hendelseId" : "667003fa-09c6-447c-9bdf-338580681fc2",
              "beløp" : 31000.0,
              "tidsstempel" : "2023-10-16T12:40:20.926376",
              "måned" : "2017-07",
              "type" : "LØNNSINNTEKT",
              "fordel" : "kontantytelse",
              "beskrivelse" : "fastloenn"
            }, {
              "hendelseId" : "667003fa-09c6-447c-9bdf-338580681fc2",
              "beløp" : 31000.0,
              "tidsstempel" : "2023-10-16T12:40:20.926377",
              "måned" : "2017-08",
              "type" : "LØNNSINNTEKT",
              "fordel" : "kontantytelse",
              "beskrivelse" : "fastloenn"
            }, {
              "hendelseId" : "667003fa-09c6-447c-9bdf-338580681fc2",
              "beløp" : 31000.0,
              "tidsstempel" : "2023-10-16T12:40:20.926378",
              "måned" : "2017-09",
              "type" : "LØNNSINNTEKT",
              "fordel" : "kontantytelse",
              "beskrivelse" : "fastloenn"
            }, {
              "hendelseId" : "667003fa-09c6-447c-9bdf-338580681fc2",
              "beløp" : 31000.0,
              "tidsstempel" : "2023-10-16T12:40:20.926378",
              "måned" : "2017-10",
              "type" : "LØNNSINNTEKT",
              "fordel" : "kontantytelse",
              "beskrivelse" : "fastloenn"
            }, {
              "hendelseId" : "667003fa-09c6-447c-9bdf-338580681fc2",
              "beløp" : 31000.0,
              "tidsstempel" : "2023-10-16T12:40:20.926379",
              "måned" : "2017-11",
              "type" : "LØNNSINNTEKT",
              "fordel" : "kontantytelse",
              "beskrivelse" : "fastloenn"
            }, {
              "hendelseId" : "667003fa-09c6-447c-9bdf-338580681fc2",
              "beløp" : 31000.0,
              "tidsstempel" : "2023-10-16T12:40:20.92638",
              "måned" : "2017-12",
              "type" : "LØNNSINNTEKT",
              "fordel" : "kontantytelse",
              "beskrivelse" : "fastloenn"
            } ]
          } ]
        },
        "grunnbeløp" : 561804.0,
        "arbeidsgiverInntektsopplysninger" : [ {
          "orgnummer" : "a1",
          "inntektsopplysning" : {
            "id" : "1c53609e-78e8-4ed6-a0f8-3d2610652fc1",
            "dato" : "2018-01-01",
            "hendelseId" : "af2e11dc-38bc-4c03-b70d-b0ca46d621ad",
            "beløp" : 31000.0,
            "kilde" : "INNTEKTSMELDING",
            "tidsstempel" : "2023-10-16T12:40:20.924462"
          },
          "refusjonsopplysninger" : [ {
            "meldingsreferanseId" : "af2e11dc-38bc-4c03-b70d-b0ca46d621ad",
            "fom" : "2018-01-01",
            "tom" : null,
            "beløp" : 31000.0
          } ]
        } ],
        "begrensning" : "ER_IKKE_6G_BEGRENSET",
        "deaktiverteArbeidsforhold" : [ ],
        "vurdertInfotrygd" : false,
        "minsteinntekt" : 46817.0,
        "oppfyllerMinsteinntektskrav" : true,
        "tilstand" : "FASTSATT_ETTER_HOVEDREGEL"
      },
      "opptjening" : {
        "arbeidsforhold" : [ {
          "orgnummer" : "a1",
          "ansattPerioder" : [ {
            "ansattFom" : "1970-01-01",
            "ansattTom" : null,
            "deaktivert" : false
          } ]
        } ],
        "opptjeningFom" : "1970-01-01",
        "opptjeningTom" : "2017-12-31"
      },
      "medlemskapstatus" : "JA",
      "vurdertOk" : true,
      "meldingsreferanseId" : "667003fa-09c6-447c-9bdf-338580681fc2",
      "vilkårsgrunnlagId" : "df7da73c-0dba-41a7-9c62-59102c98dd2f"
    } ]
  } ],
  "skjemaVersjon": 276
}