{
  "aktørId" : "42",
  "fødselsnummer" : "12029240045",
  "opprettet" : "2023-10-16T12:40:20.845284",
  "fødselsdato" : "1992-02-12",
  "dødsdato" : null,
  "arbeidsgivere" : [ {
    "inntektshistorikk" : [ {
      "id" : "867fc95c-d874-4fbe-971e-5fa940730356",
      "dato" : "2018-01-01",
      "hendelseId" : "59562cf9-49c5-4134-9473-603385052409",
      "beløp" : 31000.0,
      "tidsstempel" : "2023-10-16T12:40:20.847787"
    } ],
    "sykdomshistorikk" : [ {
      "id" : "530e3855-157e-40d6-86ac-248938a6a281",
      "hendelseId" : "02db80b3-5b2b-4948-b632-110f42c74396",
      "tidsstempel" : "2023-10-16T12:40:20.85705",
      "hendelseSykdomstidslinje" : {
        "låstePerioder" : [ ],
        "periode" : {
          "fom" : "2018-01-31",
          "tom" : "2018-01-31"
        },
        "dager" : [ {
          "dato" : "2018-01-31",
          "type" : "FERIEDAG",
          "kilde" : {
            "type" : "OverstyrTidslinje",
            "id" : "02db80b3-5b2b-4948-b632-110f42c74396",
            "tidsstempel" : "2023-10-16T12:40:20.856973"
          }
        } ]
      },
      "beregnetSykdomstidslinje" : {
        "låstePerioder" : [ ],
        "periode" : {
          "fom" : "2018-01-01",
          "tom" : "2018-01-31"
        },
        "dager" : [ {
          "fom" : "2018-01-01",
          "tom" : "2018-01-30",
          "type" : "SYKEDAG",
          "kilde" : {
            "type" : "Søknad",
            "id" : "1e436c9c-5a3a-4dea-a715-c2b23fa83b30",
            "tidsstempel" : "2018-01-01T00:00:00"
          },
          "grad" : 100.0
        }, {
          "dato" : "2018-01-31",
          "type" : "FERIEDAG",
          "kilde" : {
            "type" : "OverstyrTidslinje",
            "id" : "02db80b3-5b2b-4948-b632-110f42c74396",
            "tidsstempel" : "2023-10-16T12:40:20.856973"
          }
        } ]
      }
    }, {
      "id" : "806ccb21-6589-443f-8151-162d8b832b91",
      "hendelseId" : "1e436c9c-5a3a-4dea-a715-c2b23fa83b30",
      "tidsstempel" : "2023-10-16T12:40:20.845946",
      "hendelseSykdomstidslinje" : {
        "låstePerioder" : [ ],
        "periode" : {
          "fom" : "2018-01-01",
          "tom" : "2018-01-31"
        },
        "dager" : [ {
          "fom" : "2018-01-01",
          "tom" : "2018-01-31",
          "type" : "SYKEDAG",
          "kilde" : {
            "type" : "Søknad",
            "id" : "1e436c9c-5a3a-4dea-a715-c2b23fa83b30",
            "tidsstempel" : "2018-01-01T00:00:00"
          },
          "grad" : 100.0
        } ]
      },
      "beregnetSykdomstidslinje" : {
        "låstePerioder" : [ ],
        "periode" : {
          "fom" : "2018-01-01",
          "tom" : "2018-01-31"
        },
        "dager" : [ {
          "fom" : "2018-01-01",
          "tom" : "2018-01-31",
          "type" : "SYKEDAG",
          "kilde" : {
            "type" : "Søknad",
            "id" : "1e436c9c-5a3a-4dea-a715-c2b23fa83b30",
            "tidsstempel" : "2018-01-01T00:00:00"
          },
          "grad" : 100.0
        } ]
      }
    } ],
    "sykmeldingsperioder" : [ ],
    "utbetalinger" : [ {
      "id" : "e3a9878b-669a-4b0d-ab9c-2fdf3a84fd77",
      "korrelasjonsId" : "498c8e0a-d380-4e0f-91ca-e71953a41ce0",
      "beregningId" : "5cd51d1e-794b-4785-b110-f111884f0d08",
      "annulleringer" : [ ],
      "utbetalingstidslinje" : {
        "dager" : [ {
          "fom" : "2018-01-01",
          "tom" : "2018-01-16",
          "type" : "ArbeidsgiverperiodeDag",
          "grad" : 100.0,
          "totalGrad" : 100.0,
          "arbeidsgiverRefusjonsbeløp" : 1430.7692307692307,
          "grunnbeløpgrense" : 561804.0,
          "dekningsgrunnlag" : 1430.7692307692307,
          "aktuellDagsinntekt" : 1430.7692307692307,
          "arbeidsgiverbeløp" : 0.0,
          "personbeløp" : 0.0,
          "er6GBegrenset" : false
        }, {
          "fom" : "2018-01-17",
          "tom" : "2018-01-19",
          "type" : "NavDag",
          "grad" : 100.0,
          "totalGrad" : 100.0,
          "arbeidsgiverRefusjonsbeløp" : 1430.7692307692307,
          "grunnbeløpgrense" : 561804.0,
          "dekningsgrunnlag" : 1430.7692307692307,
          "aktuellDagsinntekt" : 1430.7692307692307,
          "arbeidsgiverbeløp" : 1431.0,
          "personbeløp" : 0.0,
          "er6GBegrenset" : false
        }, {
          "fom" : "2018-01-20",
          "tom" : "2018-01-21",
          "type" : "NavHelgDag",
          "grad" : 100.0,
          "totalGrad" : 100.0,
          "arbeidsgiverRefusjonsbeløp" : 0.0,
          "grunnbeløpgrense" : 561804.0,
          "dekningsgrunnlag" : 0.0,
          "aktuellDagsinntekt" : 0.0,
          "arbeidsgiverbeløp" : 0.0,
          "personbeløp" : 0.0,
          "er6GBegrenset" : false
        }, {
          "fom" : "2018-01-22",
          "tom" : "2018-01-26",
          "type" : "NavDag",
          "grad" : 100.0,
          "totalGrad" : 100.0,
          "arbeidsgiverRefusjonsbeløp" : 1430.7692307692307,
          "grunnbeløpgrense" : 561804.0,
          "dekningsgrunnlag" : 1430.7692307692307,
          "aktuellDagsinntekt" : 1430.7692307692307,
          "arbeidsgiverbeløp" : 1431.0,
          "personbeløp" : 0.0,
          "er6GBegrenset" : false
        }, {
          "fom" : "2018-01-27",
          "tom" : "2018-01-28",
          "type" : "NavHelgDag",
          "grad" : 100.0,
          "totalGrad" : 100.0,
          "arbeidsgiverRefusjonsbeløp" : 0.0,
          "grunnbeløpgrense" : 561804.0,
          "dekningsgrunnlag" : 0.0,
          "aktuellDagsinntekt" : 0.0,
          "arbeidsgiverbeløp" : 0.0,
          "personbeløp" : 0.0,
          "er6GBegrenset" : false
        }, {
          "fom" : "2018-01-29",
          "tom" : "2018-01-31",
          "type" : "NavDag",
          "grad" : 100.0,
          "totalGrad" : 100.0,
          "arbeidsgiverRefusjonsbeløp" : 1430.7692307692307,
          "grunnbeløpgrense" : 561804.0,
          "dekningsgrunnlag" : 1430.7692307692307,
          "aktuellDagsinntekt" : 1430.7692307692307,
          "arbeidsgiverbeløp" : 1431.0,
          "personbeløp" : 0.0,
          "er6GBegrenset" : false
        } ]
      },
      "arbeidsgiverOppdrag" : {
        "mottaker" : "a1",
        "fagområde" : "SPREF",
        "linjer" : [ {
          "fom" : "2018-01-17",
          "tom" : "2018-01-31",
          "satstype" : "DAG",
          "sats" : 1431,
          "grad" : 100,
          "stønadsdager" : 11,
          "totalbeløp" : 15741,
          "endringskode" : "NY",
          "delytelseId" : 1,
          "refDelytelseId" : null,
          "refFagsystemId" : null,
          "statuskode" : null,
          "datoStatusFom" : null,
          "klassekode" : "SPREFAG-IOP"
        } ],
        "fagsystemId" : "M3Y4C6TCINGC7NTGTLXUQRFSNU",
        "endringskode" : "NY",
        "sisteArbeidsgiverdag" : "2018-01-16",
        "tidsstempel" : "2023-10-16T12:40:20.853756",
        "totalbeløp" : 15741,
        "nettoBeløp" : 15741,
        "stønadsdager" : 11,
        "avstemmingsnøkkel" : "123456",
        "status" : "AKSEPTERT",
        "overføringstidspunkt" : "2023-10-16T12:40:20.856145",
        "erSimulert" : true,
        "simuleringsResultat" : {
          "totalbeløp" : 2000,
          "perioder" : [ {
            "fom" : "2018-01-17",
            "tom" : "2018-01-20",
            "utbetalinger" : [ {
              "forfallsdato" : "2018-01-21",
              "utbetalesTil" : {
                "id" : "a1",
                "navn" : "Org Orgesen AS"
              },
              "feilkonto" : false,
              "detaljer" : [ {
                "fom" : "2018-01-17",
                "tom" : "2018-01-20",
                "konto" : "81549300",
                "beløp" : 2000,
                "klassekode" : {
                  "kode" : "SPREFAG-IOP",
                  "beskrivelse" : "Sykepenger, Refusjon arbeidsgiver"
                },
                "uføregrad" : 100,
                "utbetalingstype" : "YTEL",
                "tilbakeføring" : false,
                "sats" : {
                  "sats" : 1000.0,
                  "antall" : 2,
                  "type" : "DAG"
                },
                "refunderesOrgnummer" : "a1"
              } ]
            } ]
          } ]
        }
      },
      "personOppdrag" : {
        "mottaker" : "12029240045",
        "fagområde" : "SP",
        "linjer" : [ ],
        "fagsystemId" : "APF7N7QD5JAWNDUSIZDUZ3RAJM",
        "endringskode" : "NY",
        "sisteArbeidsgiverdag" : "2018-01-16",
        "tidsstempel" : "2023-10-16T12:40:20.853762",
        "totalbeløp" : 0,
        "nettoBeløp" : 0,
        "stønadsdager" : 0,
        "avstemmingsnøkkel" : null,
        "status" : null,
        "overføringstidspunkt" : null,
        "erSimulert" : false,
        "simuleringsResultat" : null
      },
      "fom" : "2018-01-01",
      "tom" : "2018-01-31",
      "stønadsdager" : 11,
      "tidsstempel" : "2023-10-16T12:40:20.853795",
      "status" : "UTBETALT",
      "type" : "UTBETALING",
      "maksdato" : "2018-12-28",
      "forbrukteSykedager" : 11,
      "gjenståendeSykedager" : 237,
      "vurdering" : {
        "godkjent" : true,
        "ident" : "Ola Nordmann",
        "epost" : "ola.nordmann@nav.no",
        "tidspunkt" : "2023-10-16T12:40:20.85539",
        "automatiskBehandling" : true
      },
      "overføringstidspunkt" : "2023-10-16T12:40:20.856145",
      "avstemmingsnøkkel" : "123456",
      "avsluttet" : "2023-10-16T12:40:20.856224",
      "oppdatert" : "2023-10-16T12:40:20.856183"
    }, {
      "id" : "b7f01ba1-4cbc-473a-aed7-9dcd2517cfb2",
      "korrelasjonsId" : "498c8e0a-d380-4e0f-91ca-e71953a41ce0",
      "beregningId" : "9ade2f72-a74b-4425-9997-8e1bd3710cae",
      "annulleringer" : [ ],
      "utbetalingstidslinje" : {
        "dager" : [ {
          "fom" : "2018-01-01",
          "tom" : "2018-01-16",
          "type" : "ArbeidsgiverperiodeDag",
          "grad" : 100.0,
          "totalGrad" : 100.0,
          "arbeidsgiverRefusjonsbeløp" : 1430.7692307692307,
          "grunnbeløpgrense" : 561804.0,
          "dekningsgrunnlag" : 1430.7692307692307,
          "aktuellDagsinntekt" : 1430.7692307692307,
          "arbeidsgiverbeløp" : 0.0,
          "personbeløp" : 0.0,
          "er6GBegrenset" : false
        }, {
          "fom" : "2018-01-17",
          "tom" : "2018-01-19",
          "type" : "NavDag",
          "grad" : 100.0,
          "totalGrad" : 100.0,
          "arbeidsgiverRefusjonsbeløp" : 1430.7692307692307,
          "grunnbeløpgrense" : 561804.0,
          "dekningsgrunnlag" : 1430.7692307692307,
          "aktuellDagsinntekt" : 1430.7692307692307,
          "arbeidsgiverbeløp" : 1431.0,
          "personbeløp" : 0.0,
          "er6GBegrenset" : false
        }, {
          "fom" : "2018-01-20",
          "tom" : "2018-01-21",
          "type" : "NavHelgDag",
          "grad" : 100.0,
          "totalGrad" : 100.0,
          "arbeidsgiverRefusjonsbeløp" : 0.0,
          "grunnbeløpgrense" : 561804.0,
          "dekningsgrunnlag" : 0.0,
          "aktuellDagsinntekt" : 0.0,
          "arbeidsgiverbeløp" : 0.0,
          "personbeløp" : 0.0,
          "er6GBegrenset" : false
        }, {
          "fom" : "2018-01-22",
          "tom" : "2018-01-26",
          "type" : "NavDag",
          "grad" : 100.0,
          "totalGrad" : 100.0,
          "arbeidsgiverRefusjonsbeløp" : 1430.7692307692307,
          "grunnbeløpgrense" : 561804.0,
          "dekningsgrunnlag" : 1430.7692307692307,
          "aktuellDagsinntekt" : 1430.7692307692307,
          "arbeidsgiverbeløp" : 1431.0,
          "personbeløp" : 0.0,
          "er6GBegrenset" : false
        }, {
          "fom" : "2018-01-27",
          "tom" : "2018-01-28",
          "type" : "NavHelgDag",
          "grad" : 100.0,
          "totalGrad" : 100.0,
          "arbeidsgiverRefusjonsbeløp" : 0.0,
          "grunnbeløpgrense" : 561804.0,
          "dekningsgrunnlag" : 0.0,
          "aktuellDagsinntekt" : 0.0,
          "arbeidsgiverbeløp" : 0.0,
          "personbeløp" : 0.0,
          "er6GBegrenset" : false
        }, {
          "fom" : "2018-01-29",
          "tom" : "2018-01-30",
          "type" : "NavDag",
          "grad" : 100.0,
          "totalGrad" : 100.0,
          "arbeidsgiverRefusjonsbeløp" : 1430.7692307692307,
          "grunnbeløpgrense" : 561804.0,
          "dekningsgrunnlag" : 1430.7692307692307,
          "aktuellDagsinntekt" : 1430.7692307692307,
          "arbeidsgiverbeløp" : 1431.0,
          "personbeløp" : 0.0,
          "er6GBegrenset" : false
        }, {
          "dato" : "2018-01-31",
          "type" : "Fridag",
          "grad" : 0.0,
          "totalGrad" : 0.0,
          "arbeidsgiverRefusjonsbeløp" : 1430.7692307692307,
          "grunnbeløpgrense" : 561804.0,
          "dekningsgrunnlag" : 1430.7692307692307,
          "aktuellDagsinntekt" : 1430.7692307692307,
          "arbeidsgiverbeløp" : 0.0,
          "personbeløp" : 0.0,
          "er6GBegrenset" : false
        } ]
      },
      "arbeidsgiverOppdrag" : {
        "mottaker" : "a1",
        "fagområde" : "SPREF",
        "linjer" : [ {
          "fom" : "2018-01-17",
          "tom" : "2018-01-30",
          "satstype" : "DAG",
          "sats" : 1431,
          "grad" : 100,
          "stønadsdager" : 10,
          "totalbeløp" : 14310,
          "endringskode" : "ENDR",
          "delytelseId" : 1,
          "refDelytelseId" : null,
          "refFagsystemId" : null,
          "statuskode" : null,
          "datoStatusFom" : null,
          "klassekode" : "SPREFAG-IOP"
        } ],
        "fagsystemId" : "M3Y4C6TCINGC7NTGTLXUQRFSNU",
        "endringskode" : "ENDR",
        "sisteArbeidsgiverdag" : "2018-01-16",
        "tidsstempel" : "2023-10-16T12:40:20.863002",
        "totalbeløp" : 14310,
        "nettoBeløp" : -1431,
        "stønadsdager" : 10,
        "avstemmingsnøkkel" : null,
        "status" : null,
        "overføringstidspunkt" : null,
        "erSimulert" : true,
        "simuleringsResultat" : {
          "totalbeløp" : 2000,
          "perioder" : [ {
            "fom" : "2018-01-17",
            "tom" : "2018-01-20",
            "utbetalinger" : [ {
              "forfallsdato" : "2018-01-21",
              "utbetalesTil" : {
                "id" : "a1",
                "navn" : "Org Orgesen AS"
              },
              "feilkonto" : false,
              "detaljer" : [ {
                "fom" : "2018-01-17",
                "tom" : "2018-01-20",
                "konto" : "81549300",
                "beløp" : 2000,
                "klassekode" : {
                  "kode" : "SPREFAG-IOP",
                  "beskrivelse" : "Sykepenger, Refusjon arbeidsgiver"
                },
                "uføregrad" : 100,
                "utbetalingstype" : "YTEL",
                "tilbakeføring" : false,
                "sats" : {
                  "sats" : 1000.0,
                  "antall" : 2,
                  "type" : "DAG"
                },
                "refunderesOrgnummer" : "a1"
              } ]
            } ]
          } ]
        }
      },
      "personOppdrag" : {
        "mottaker" : "12029240045",
        "fagområde" : "SP",
        "linjer" : [ ],
        "fagsystemId" : "APF7N7QD5JAWNDUSIZDUZ3RAJM",
        "endringskode" : "NY",
        "sisteArbeidsgiverdag" : "2018-01-16",
        "tidsstempel" : "2023-10-16T12:40:20.863007",
        "totalbeløp" : 0,
        "nettoBeløp" : 0,
        "stønadsdager" : 0,
        "avstemmingsnøkkel" : null,
        "status" : null,
        "overføringstidspunkt" : null,
        "erSimulert" : false,
        "simuleringsResultat" : null
      },
      "fom" : "2018-01-01",
      "tom" : "2018-01-31",
      "stønadsdager" : 10,
      "tidsstempel" : "2023-10-16T12:40:20.86355",
      "status" : "IKKE_GODKJENT",
      "type" : "REVURDERING",
      "maksdato" : "2018-12-31",
      "forbrukteSykedager" : 10,
      "gjenståendeSykedager" : 238,
      "vurdering" : {
        "godkjent" : false,
        "ident" : "Ola Nordmann",
        "epost" : "ola.nordmann@nav.no",
        "tidspunkt" : "2023-10-16T12:40:20.866293",
        "automatiskBehandling" : true
      },
      "overføringstidspunkt" : null,
      "avstemmingsnøkkel" : null,
      "avsluttet" : null,
      "oppdatert" : "2023-10-16T12:40:20.866469"
    } ],
    "vedtaksperioder" : [ {
      "sykdomstidslinje" : {
        "låstePerioder" : [ ],
        "periode" : {
          "fom" : "2018-01-01",
          "tom" : "2018-01-31"
        },
        "dager" : [ {
          "fom" : "2018-01-01",
          "tom" : "2018-01-30",
          "type" : "SYKEDAG",
          "kilde" : {
            "type" : "Søknad",
            "id" : "1e436c9c-5a3a-4dea-a715-c2b23fa83b30",
            "tidsstempel" : "2018-01-01T00:00:00"
          },
          "grad" : 100.0
        }, {
          "dato" : "2018-01-31",
          "type" : "FERIEDAG",
          "kilde" : {
            "type" : "OverstyrTidslinje",
            "id" : "02db80b3-5b2b-4948-b632-110f42c74396",
            "tidsstempel" : "2023-10-16T12:40:20.856973"
          }
        } ]
      },
      "id" : "0ee32caf-9621-4f20-be6a-1cc303a37411",
      "fom" : "2018-01-01",
      "tom" : "2018-01-31",
      "sykmeldingFom" : "2018-01-01",
      "sykmeldingTom" : "2018-01-31",
      "hendelseIder" : [ {
        "dokumentId" : "1e436c9c-5a3a-4dea-a715-c2b23fa83b30",
        "dokumenttype" : "Søknad"
      }, {
        "dokumentId" : "59562cf9-49c5-4134-9473-603385052409",
        "dokumenttype" : "InntektsmeldingInntekt"
      }, {
        "dokumentId" : "02db80b3-5b2b-4948-b632-110f42c74396",
        "dokumenttype" : "OverstyrTidslinje"
      } ],
      "tilstand" : "AVVENTER_GODKJENNING_REVURDERING",
      "generasjoner" : [ {
        "id" : "<! en random uuid !>",
        "tidsstempel" : "2023-10-16T12:40:20.845946",
        "tilstand" : "VEDTAK_IVERKSATT",
        "fom" : "2018-01-01",
        "tom" : "2018-01-31",
        "vedtakFattet" : "2023-10-16T12:40:20.855390",
        "avsluttet" : "2023-10-16T12:40:20.856224",
        "endringer" : [ {
          "id" : "<! en random uuid !>",
          "tidsstempel" : "2023-10-16T12:40:20.845946",
          "sykmeldingsperiodeFom" : "2018-01-01",
          "sykmeldingsperiodeTom" : "2018-01-31",
          "fom" : "2018-01-01",
          "tom" : "2018-01-31",
          "utbetalingId" : null,
          "vilkårsgrunnlagId" : null,
          "sykdomstidslinje" : {
            "låstePerioder" : [ ],
            "periode" : {
              "fom" : "2018-01-01",
              "tom" : "2018-01-31"
            },
            "dager" : [ {
              "fom" : "2018-01-01",
              "tom" : "2018-01-31",
              "type" : "SYKEDAG",
              "kilde" : {
                "type" : "Søknad",
                "id" : "1e436c9c-5a3a-4dea-a715-c2b23fa83b30",
                "tidsstempel" : "2018-01-01T00:00:00"
              },
              "grad" : 100.0
            } ]
          },
          "dokumentsporing" : {
            "dokumentId" : "1e436c9c-5a3a-4dea-a715-c2b23fa83b30",
            "dokumenttype" : "Søknad"
          }
        }, {
          "id" : "<! en random uuid !>",
          "tidsstempel" : "2023-10-16T12:40:20.847787",
          "sykmeldingsperiodeFom" : "2018-01-01",
          "sykmeldingsperiodeTom" : "2018-01-31",
          "fom" : "2018-01-01",
          "tom" : "2018-01-31",
          "utbetalingId" : null,
          "vilkårsgrunnlagId" : null,
          "sykdomstidslinje" : {
            "låstePerioder" : [ ],
            "periode" : {
              "fom" : "2018-01-01",
              "tom" : "2018-01-31"
            },
            "dager" : [ {
              "fom" : "2018-01-01",
              "tom" : "2018-01-31",
              "type" : "SYKEDAG",
              "kilde" : {
                "type" : "Søknad",
                "id" : "1e436c9c-5a3a-4dea-a715-c2b23fa83b30",
                "tidsstempel" : "2018-01-01T00:00:00"
              },
              "grad" : 100.0
            } ]
          },
          "dokumentsporing" : {
            "dokumentId" : "59562cf9-49c5-4134-9473-603385052409",
            "dokumenttype" : "InntektsmeldingInntekt"
          }
        }, {
          "id" : "<! en random uuid !>",
          "tidsstempel" : "2023-10-16T12:40:20.853795",
          "sykmeldingsperiodeFom" : "2018-01-01",
          "sykmeldingsperiodeTom" : "2018-01-31",
          "fom" : "2018-01-01",
          "tom" : "2018-01-31",
          "utbetalingId" : "e3a9878b-669a-4b0d-ab9c-2fdf3a84fd77",
          "vilkårsgrunnlagId" : "4c21d811-34e8-4306-aadb-b6f1668e0ffc",
          "sykdomstidslinje" : {
            "låstePerioder" : [ ],
            "periode" : {
              "fom" : "2018-01-01",
              "tom" : "2018-01-31"
            },
            "dager" : [ {
              "fom" : "2018-01-01",
              "tom" : "2018-01-31",
              "type" : "SYKEDAG",
              "kilde" : {
                "type" : "Søknad",
                "id" : "1e436c9c-5a3a-4dea-a715-c2b23fa83b30",
                "tidsstempel" : "2018-01-01T00:00:00"
              },
              "grad" : 100.0
            } ]
          },
          "dokumentsporing" : {
            "dokumentId" : "59562cf9-49c5-4134-9473-603385052409",
            "dokumenttype" : "InntektsmeldingInntekt"
          }
        } ]
      }, {
        "id" : "<! en random uuid !>",
        "tidsstempel" : "2023-10-16T12:40:20.857050",
        "tilstand" : "REVURDERT_VEDTAK_AVVIST",
        "fom" : "2018-01-01",
        "tom" : "2018-01-31",
        "vedtakFattet" : null,
        "avsluttet" : null,
        "endringer" : [ {
          "id" : "<! en random uuid !>",
          "tidsstempel" : "2023-10-16T12:40:20.857050",
          "sykmeldingsperiodeFom" : "2018-01-01",
          "sykmeldingsperiodeTom" : "2018-01-31",
          "fom" : "2018-01-01",
          "tom" : "2018-01-31",
          "utbetalingId" : null,
          "vilkårsgrunnlagId" : null,
          "sykdomstidslinje" : {
            "låstePerioder" : [ ],
            "periode" : {
              "fom" : "2018-01-01",
              "tom" : "2018-01-31"
            },
            "dager" : [ {
              "fom" : "2018-01-01",
              "tom" : "2018-01-30",
              "type" : "SYKEDAG",
              "kilde" : {
                "type" : "Søknad",
                "id" : "1e436c9c-5a3a-4dea-a715-c2b23fa83b30",
                "tidsstempel" : "2018-01-01T00:00:00"
              },
              "grad" : 100.0
            }, {
              "dato" : "2018-01-31",
              "type" : "FERIEDAG",
              "kilde" : {
                "type" : "OverstyrTidslinje",
                "id" : "02db80b3-5b2b-4948-b632-110f42c74396",
                "tidsstempel" : "2023-10-16T12:40:20.856973"
              }
            } ]
          },
          "dokumentsporing" : {
            "dokumentId" : "02db80b3-5b2b-4948-b632-110f42c74396",
            "dokumenttype" : "OverstyrTidslinje"
          }
        }, {
          "id" : "<! en random uuid !>",
          "tidsstempel" : "2023-10-16T12:40:20.863550",
          "sykmeldingsperiodeFom" : "2018-01-01",
          "sykmeldingsperiodeTom" : "2018-01-31",
          "fom" : "2018-01-01",
          "tom" : "2018-01-31",
          "utbetalingId" : "b7f01ba1-4cbc-473a-aed7-9dcd2517cfb2",
          "vilkårsgrunnlagId" : "4c21d811-34e8-4306-aadb-b6f1668e0ffc",
          "sykdomstidslinje" : {
            "låstePerioder" : [ ],
            "periode" : {
              "fom" : "2018-01-01",
              "tom" : "2018-01-31"
            },
            "dager" : [ {
              "fom" : "2018-01-01",
              "tom" : "2018-01-30",
              "type" : "SYKEDAG",
              "kilde" : {
                "type" : "Søknad",
                "id" : "1e436c9c-5a3a-4dea-a715-c2b23fa83b30",
                "tidsstempel" : "2018-01-01T00:00:00"
              },
              "grad" : 100.0
            }, {
              "dato" : "2018-01-31",
              "type" : "FERIEDAG",
              "kilde" : {
                "type" : "OverstyrTidslinje",
                "id" : "02db80b3-5b2b-4948-b632-110f42c74396",
                "tidsstempel" : "2023-10-16T12:40:20.856973"
              }
            } ]
          },
          "dokumentsporing" : {
            "dokumentId" : "02db80b3-5b2b-4948-b632-110f42c74396",
            "dokumenttype" : "OverstyrTidslinje"
          }
        } ]
      } ],
      "skjæringstidspunkt" : "2018-01-01",
      "opprettet" : "2023-10-16T12:40:20.845884",
      "oppdatert" : "2023-10-16T12:40:20.865209"
    } ],
    "forkastede" : [ ],
    "refusjonshistorikk" : [ {
      "meldingsreferanseId" : "59562cf9-49c5-4134-9473-603385052409",
      "førsteFraværsdag" : "2018-01-01",
      "arbeidsgiverperioder" : [ ],
      "beløp" : 31000.0,
      "sisteRefusjonsdag" : null,
      "endringerIRefusjon" : [ ],
      "tidsstempel" : "2023-10-16T12:40:20.847794"
    } ],
    "id" : "df4c8085-15fd-4367-a011-a25c2d870696",
    "organisasjonsnummer" : "a1",
    "beregnetUtbetalingstidslinjer" : [ {
      "id" : "5cd51d1e-794b-4785-b110-f111884f0d08",
      "sykdomshistorikkElementId" : "806ccb21-6589-443f-8151-162d8b832b91",
      "vilkårsgrunnlagHistorikkInnslagId" : "e886fd1c-765a-45ad-b85a-864b8e944705",
      "tidsstempel" : "2023-10-16T12:40:20.853643",
      "organisasjonsnummer" : "a1",
      "utbetalingstidslinje" : {
        "dager" : [ {
          "fom" : "2018-01-01",
          "tom" : "2018-01-16",
          "type" : "ArbeidsgiverperiodeDag",
          "grad" : 100.0,
          "totalGrad" : 100.0,
          "arbeidsgiverRefusjonsbeløp" : 1430.7692307692307,
          "grunnbeløpgrense" : 561804.0,
          "dekningsgrunnlag" : 1430.7692307692307,
          "aktuellDagsinntekt" : 1430.7692307692307,
          "arbeidsgiverbeløp" : 0.0,
          "personbeløp" : 0.0,
          "er6GBegrenset" : false
        }, {
          "fom" : "2018-01-17",
          "tom" : "2018-01-19",
          "type" : "NavDag",
          "grad" : 100.0,
          "totalGrad" : 100.0,
          "arbeidsgiverRefusjonsbeløp" : 1430.7692307692307,
          "grunnbeløpgrense" : 561804.0,
          "dekningsgrunnlag" : 1430.7692307692307,
          "aktuellDagsinntekt" : 1430.7692307692307,
          "arbeidsgiverbeløp" : 1431.0,
          "personbeløp" : 0.0,
          "er6GBegrenset" : false
        }, {
          "fom" : "2018-01-20",
          "tom" : "2018-01-21",
          "type" : "NavHelgDag",
          "grad" : 100.0,
          "totalGrad" : 100.0,
          "arbeidsgiverRefusjonsbeløp" : 0.0,
          "grunnbeløpgrense" : 561804.0,
          "dekningsgrunnlag" : 0.0,
          "aktuellDagsinntekt" : 0.0,
          "arbeidsgiverbeløp" : 0.0,
          "personbeløp" : 0.0,
          "er6GBegrenset" : false
        }, {
          "fom" : "2018-01-22",
          "tom" : "2018-01-26",
          "type" : "NavDag",
          "grad" : 100.0,
          "totalGrad" : 100.0,
          "arbeidsgiverRefusjonsbeløp" : 1430.7692307692307,
          "grunnbeløpgrense" : 561804.0,
          "dekningsgrunnlag" : 1430.7692307692307,
          "aktuellDagsinntekt" : 1430.7692307692307,
          "arbeidsgiverbeløp" : 1431.0,
          "personbeløp" : 0.0,
          "er6GBegrenset" : false
        }, {
          "fom" : "2018-01-27",
          "tom" : "2018-01-28",
          "type" : "NavHelgDag",
          "grad" : 100.0,
          "totalGrad" : 100.0,
          "arbeidsgiverRefusjonsbeløp" : 0.0,
          "grunnbeløpgrense" : 561804.0,
          "dekningsgrunnlag" : 0.0,
          "aktuellDagsinntekt" : 0.0,
          "arbeidsgiverbeløp" : 0.0,
          "personbeløp" : 0.0,
          "er6GBegrenset" : false
        }, {
          "fom" : "2018-01-29",
          "tom" : "2018-01-30",
          "type" : "NavDag",
          "grad" : 100.0,
          "totalGrad" : 100.0,
          "arbeidsgiverRefusjonsbeløp" : 1430.7692307692307,
          "grunnbeløpgrense" : 561804.0,
          "dekningsgrunnlag" : 1430.7692307692307,
          "aktuellDagsinntekt" : 1430.7692307692307,
          "arbeidsgiverbeløp" : 1431.0,
          "personbeløp" : 0.0,
          "er6GBegrenset" : false
        }, {
          "dato" : "2018-01-31",
          "type" : "Fridag",
          "grad" : 0.0,
          "totalGrad" : 0.0,
          "arbeidsgiverRefusjonsbeløp" : 1430.7692307692307,
          "grunnbeløpgrense" : 561804.0,
          "dekningsgrunnlag" : 1430.7692307692307,
          "aktuellDagsinntekt" : 1430.7692307692307,
          "arbeidsgiverbeløp" : 0.0,
          "personbeløp" : 0.0,
          "er6GBegrenset" : false
        } ]
      }
    }, {
      "id" : "9ade2f72-a74b-4425-9997-8e1bd3710cae",
      "sykdomshistorikkElementId" : "530e3855-157e-40d6-86ac-248938a6a281",
      "vilkårsgrunnlagHistorikkInnslagId" : "e886fd1c-765a-45ad-b85a-864b8e944705",
      "tidsstempel" : "2023-10-16T12:40:20.862899",
      "organisasjonsnummer" : "a1",
      "utbetalingstidslinje" : {
        "dager" : [ {
          "fom" : "2018-01-01",
          "tom" : "2018-01-16",
          "type" : "ArbeidsgiverperiodeDag",
          "grad" : 100.0,
          "totalGrad" : 100.0,
          "arbeidsgiverRefusjonsbeløp" : 1430.7692307692307,
          "grunnbeløpgrense" : 561804.0,
          "dekningsgrunnlag" : 1430.7692307692307,
          "aktuellDagsinntekt" : 1430.7692307692307,
          "arbeidsgiverbeløp" : 0.0,
          "personbeløp" : 0.0,
          "er6GBegrenset" : false
        }, {
          "fom" : "2018-01-17",
          "tom" : "2018-01-19",
          "type" : "NavDag",
          "grad" : 100.0,
          "totalGrad" : 100.0,
          "arbeidsgiverRefusjonsbeløp" : 1430.7692307692307,
          "grunnbeløpgrense" : 561804.0,
          "dekningsgrunnlag" : 1430.7692307692307,
          "aktuellDagsinntekt" : 1430.7692307692307,
          "arbeidsgiverbeløp" : 1431.0,
          "personbeløp" : 0.0,
          "er6GBegrenset" : false
        }, {
          "fom" : "2018-01-20",
          "tom" : "2018-01-21",
          "type" : "NavHelgDag",
          "grad" : 100.0,
          "totalGrad" : 100.0,
          "arbeidsgiverRefusjonsbeløp" : 0.0,
          "grunnbeløpgrense" : 561804.0,
          "dekningsgrunnlag" : 0.0,
          "aktuellDagsinntekt" : 0.0,
          "arbeidsgiverbeløp" : 0.0,
          "personbeløp" : 0.0,
          "er6GBegrenset" : false
        }, {
          "fom" : "2018-01-22",
          "tom" : "2018-01-26",
          "type" : "NavDag",
          "grad" : 100.0,
          "totalGrad" : 100.0,
          "arbeidsgiverRefusjonsbeløp" : 1430.7692307692307,
          "grunnbeløpgrense" : 561804.0,
          "dekningsgrunnlag" : 1430.7692307692307,
          "aktuellDagsinntekt" : 1430.7692307692307,
          "arbeidsgiverbeløp" : 1431.0,
          "personbeløp" : 0.0,
          "er6GBegrenset" : false
        }, {
          "fom" : "2018-01-27",
          "tom" : "2018-01-28",
          "type" : "NavHelgDag",
          "grad" : 100.0,
          "totalGrad" : 100.0,
          "arbeidsgiverRefusjonsbeløp" : 0.0,
          "grunnbeløpgrense" : 561804.0,
          "dekningsgrunnlag" : 0.0,
          "aktuellDagsinntekt" : 0.0,
          "arbeidsgiverbeløp" : 0.0,
          "personbeløp" : 0.0,
          "er6GBegrenset" : false
        }, {
          "fom" : "2018-01-29",
          "tom" : "2018-01-30",
          "type" : "NavDag",
          "grad" : 100.0,
          "totalGrad" : 100.0,
          "arbeidsgiverRefusjonsbeløp" : 1430.7692307692307,
          "grunnbeløpgrense" : 561804.0,
          "dekningsgrunnlag" : 1430.7692307692307,
          "aktuellDagsinntekt" : 1430.7692307692307,
          "arbeidsgiverbeløp" : 1431.0,
          "personbeløp" : 0.0,
          "er6GBegrenset" : false
        }, {
          "dato" : "2018-01-31",
          "type" : "Fridag",
          "grad" : 0.0,
          "totalGrad" : 0.0,
          "arbeidsgiverRefusjonsbeløp" : 1430.7692307692307,
          "grunnbeløpgrense" : 561804.0,
          "dekningsgrunnlag" : 1430.7692307692307,
          "aktuellDagsinntekt" : 1430.7692307692307,
          "arbeidsgiverbeløp" : 0.0,
          "personbeløp" : 0.0,
          "er6GBegrenset" : false
        } ]
      }
    } ],
    "refusjonOpphører" : [ ],
    "feriepengeutbetalinger" : [ ]
  } ],
  "infotrygdhistorikk" : [ {
    "id" : "de8fa7b2-a8d9-44a3-918a-4123b52aec06",
    "tidsstempel" : "2023-10-16T12:40:20.846286",
    "hendelseId" : "c32e80bd-fa36-497c-b0e2-4c8ce70b5213",
    "ferieperioder" : [ ],
    "arbeidsgiverutbetalingsperioder" : [ ],
    "personutbetalingsperioder" : [ ],
    "inntekter" : [ ],
    "arbeidskategorikoder" : { },
    "oppdatert" : "2023-10-16T12:40:20.846279"
  } ],
  "vilkårsgrunnlagHistorikk" : [ {
    "id" : "e886fd1c-765a-45ad-b85a-864b8e944705",
    "opprettet" : "2023-10-16T12:40:20.850157",
    "vilkårsgrunnlag" : [ {
      "skjæringstidspunkt" : "2018-01-01",
      "type" : "Vilkårsprøving",
      "sykepengegrunnlag" : {
        "sykepengegrunnlag" : 372000.0,
        "avviksprosent" : 0.0,
        "beregningsgrunnlag" : 372000.0,
        "totalOmregnetÅrsinntekt" : 372000.0,
        "sammenligningsgrunnlag" : {
          "sammenligningsgrunnlag" : 372000.0,
          "arbeidsgiverInntektsopplysninger" : [ {
            "orgnummer" : "a1",
            "skatteopplysninger" : [ {
              "hendelseId" : "b81c0cf3-9e7f-4820-b855-dcf2f39b3934",
              "beløp" : 31000.0,
              "tidsstempel" : "2023-10-16T12:40:20.849498",
              "måned" : "2017-01",
              "type" : "LØNNSINNTEKT",
              "fordel" : "kontantytelse",
              "beskrivelse" : "fastloenn"
            }, {
              "hendelseId" : "b81c0cf3-9e7f-4820-b855-dcf2f39b3934",
              "beløp" : 31000.0,
              "tidsstempel" : "2023-10-16T12:40:20.849499",
              "måned" : "2017-02",
              "type" : "LØNNSINNTEKT",
              "fordel" : "kontantytelse",
              "beskrivelse" : "fastloenn"
            }, {
              "hendelseId" : "b81c0cf3-9e7f-4820-b855-dcf2f39b3934",
              "beløp" : 31000.0,
              "tidsstempel" : "2023-10-16T12:40:20.8495",
              "måned" : "2017-03",
              "type" : "LØNNSINNTEKT",
              "fordel" : "kontantytelse",
              "beskrivelse" : "fastloenn"
            }, {
              "hendelseId" : "b81c0cf3-9e7f-4820-b855-dcf2f39b3934",
              "beløp" : 31000.0,
              "tidsstempel" : "2023-10-16T12:40:20.849501",
              "måned" : "2017-04",
              "type" : "LØNNSINNTEKT",
              "fordel" : "kontantytelse",
              "beskrivelse" : "fastloenn"
            }, {
              "hendelseId" : "b81c0cf3-9e7f-4820-b855-dcf2f39b3934",
              "beløp" : 31000.0,
              "tidsstempel" : "2023-10-16T12:40:20.849502",
              "måned" : "2017-05",
              "type" : "LØNNSINNTEKT",
              "fordel" : "kontantytelse",
              "beskrivelse" : "fastloenn"
            }, {
              "hendelseId" : "b81c0cf3-9e7f-4820-b855-dcf2f39b3934",
              "beløp" : 31000.0,
              "tidsstempel" : "2023-10-16T12:40:20.849502",
              "måned" : "2017-06",
              "type" : "LØNNSINNTEKT",
              "fordel" : "kontantytelse",
              "beskrivelse" : "fastloenn"
            }, {
              "hendelseId" : "b81c0cf3-9e7f-4820-b855-dcf2f39b3934",
              "beløp" : 31000.0,
              "tidsstempel" : "2023-10-16T12:40:20.849503",
              "måned" : "2017-07",
              "type" : "LØNNSINNTEKT",
              "fordel" : "kontantytelse",
              "beskrivelse" : "fastloenn"
            }, {
              "hendelseId" : "b81c0cf3-9e7f-4820-b855-dcf2f39b3934",
              "beløp" : 31000.0,
              "tidsstempel" : "2023-10-16T12:40:20.849504",
              "måned" : "2017-08",
              "type" : "LØNNSINNTEKT",
              "fordel" : "kontantytelse",
              "beskrivelse" : "fastloenn"
            }, {
              "hendelseId" : "b81c0cf3-9e7f-4820-b855-dcf2f39b3934",
              "beløp" : 31000.0,
              "tidsstempel" : "2023-10-16T12:40:20.849505",
              "måned" : "2017-09",
              "type" : "LØNNSINNTEKT",
              "fordel" : "kontantytelse",
              "beskrivelse" : "fastloenn"
            }, {
              "hendelseId" : "b81c0cf3-9e7f-4820-b855-dcf2f39b3934",
              "beløp" : 31000.0,
              "tidsstempel" : "2023-10-16T12:40:20.849505",
              "måned" : "2017-10",
              "type" : "LØNNSINNTEKT",
              "fordel" : "kontantytelse",
              "beskrivelse" : "fastloenn"
            }, {
              "hendelseId" : "b81c0cf3-9e7f-4820-b855-dcf2f39b3934",
              "beløp" : 31000.0,
              "tidsstempel" : "2023-10-16T12:40:20.849506",
              "måned" : "2017-11",
              "type" : "LØNNSINNTEKT",
              "fordel" : "kontantytelse",
              "beskrivelse" : "fastloenn"
            }, {
              "hendelseId" : "b81c0cf3-9e7f-4820-b855-dcf2f39b3934",
              "beløp" : 31000.0,
              "tidsstempel" : "2023-10-16T12:40:20.849507",
              "måned" : "2017-12",
              "type" : "LØNNSINNTEKT",
              "fordel" : "kontantytelse",
              "beskrivelse" : "fastloenn"
            } ]
          } ]
        },
        "grunnbeløp" : 561804.0,
        "arbeidsgiverInntektsopplysninger" : [ {
          "orgnummer" : "a1",
          "inntektsopplysning" : {
            "id" : "867fc95c-d874-4fbe-971e-5fa940730356",
            "dato" : "2018-01-01",
            "hendelseId" : "59562cf9-49c5-4134-9473-603385052409",
            "beløp" : 31000.0,
            "kilde" : "INNTEKTSMELDING",
            "tidsstempel" : "2023-10-16T12:40:20.847787"
          },
          "refusjonsopplysninger" : [ {
            "meldingsreferanseId" : "59562cf9-49c5-4134-9473-603385052409",
            "fom" : "2018-01-01",
            "tom" : null,
            "beløp" : 31000.0
          } ]
        } ],
        "begrensning" : "ER_IKKE_6G_BEGRENSET",
        "deaktiverteArbeidsforhold" : [ ],
        "vurdertInfotrygd" : false,
        "minsteinntekt" : 46817.0,
        "oppfyllerMinsteinntektskrav" : true,
        "tilstand" : "FASTSATT_ETTER_HOVEDREGEL"
      },
      "opptjening" : {
        "arbeidsforhold" : [ {
          "orgnummer" : "a1",
          "ansattPerioder" : [ {
            "ansattFom" : "1970-01-01",
            "ansattTom" : null,
            "deaktivert" : false
          } ]
        } ],
        "opptjeningFom" : "1970-01-01",
        "opptjeningTom" : "2017-12-31"
      },
      "medlemskapstatus" : "JA",
      "vurdertOk" : true,
      "meldingsreferanseId" : "b81c0cf3-9e7f-4820-b855-dcf2f39b3934",
      "vilkårsgrunnlagId" : "4c21d811-34e8-4306-aadb-b6f1668e0ffc"
    } ]
  } ],
  "skjemaVersjon": 276
}