{
  "aktørId" : "42",
  "fødselsnummer" : "12029240045",
  "opprettet" : "2023-10-17T07:43:58.334568",
  "fødselsdato" : "1992-02-12",
  "dødsdato" : null,
  "arbeidsgivere" : [ {
    "inntektshistorikk" : [ {
      "id" : "7a83576a-6bc6-4c6f-b82e-4bfc004e89cc",
      "dato" : "2018-01-01",
      "hendelseId" : "e80d0e27-bd33-4445-848f-3cb3db29c2a1",
      "beløp" : 31000.0,
      "tidsstempel" : "2023-10-17T07:43:58.430204"
    } ],
    "sykdomshistorikk" : [ {
      "id" : "17c372b5-d70e-4004-b0fe-d0cf6a763f48",
      "hendelseId" : "71c0882b-f934-462a-ae90-6789cf76052c",
      "tidsstempel" : "2023-10-17T07:43:58.50217",
      "hendelseSykdomstidslinje" : {
        "låstePerioder" : [ ],
        "periode" : {
          "fom" : "2018-01-01",
          "tom" : "2018-01-31"
        },
        "dager" : [ {
          "fom" : "2018-01-01",
          "tom" : "2018-01-31",
          "type" : "SYKEDAG",
          "kilde" : {
            "type" : "Søknad",
            "id" : "71c0882b-f934-462a-ae90-6789cf76052c",
            "tidsstempel" : "2018-01-01T00:00:00"
          },
          "grad" : 80.0
        } ]
      },
      "beregnetSykdomstidslinje" : {
        "låstePerioder" : [ ],
        "periode" : {
          "fom" : "2018-01-01",
          "tom" : "2018-01-31"
        },
        "dager" : [ {
          "fom" : "2018-01-01",
          "tom" : "2018-01-31",
          "type" : "SYKEDAG",
          "kilde" : {
            "type" : "Søknad",
            "id" : "71c0882b-f934-462a-ae90-6789cf76052c",
            "tidsstempel" : "2018-01-01T00:00:00"
          },
          "grad" : 80.0
        } ]
      }
    }, {
      "id" : "4e99e85d-c86c-4997-9b2f-cc8e1a5620a2",
      "hendelseId" : "2622d709-e8a5-41d4-90bd-3701c03ecfe9",
      "tidsstempel" : "2023-10-17T07:43:58.396586",
      "hendelseSykdomstidslinje" : {
        "låstePerioder" : [ ],
        "periode" : {
          "fom" : "2018-01-01",
          "tom" : "2018-01-31"
        },
        "dager" : [ {
          "fom" : "2018-01-01",
          "tom" : "2018-01-31",
          "type" : "SYKEDAG",
          "kilde" : {
            "type" : "Søknad",
            "id" : "2622d709-e8a5-41d4-90bd-3701c03ecfe9",
            "tidsstempel" : "2018-01-01T00:00:00"
          },
          "grad" : 100.0
        } ]
      },
      "beregnetSykdomstidslinje" : {
        "låstePerioder" : [ ],
        "periode" : {
          "fom" : "2018-01-01",
          "tom" : "2018-01-31"
        },
        "dager" : [ {
          "fom" : "2018-01-01",
          "tom" : "2018-01-31",
          "type" : "SYKEDAG",
          "kilde" : {
            "type" : "Søknad",
            "id" : "2622d709-e8a5-41d4-90bd-3701c03ecfe9",
            "tidsstempel" : "2018-01-01T00:00:00"
          },
          "grad" : 100.0
        } ]
      }
    } ],
    "sykmeldingsperioder" : [ ],
    "utbetalinger" : [ {
      "id" : "06cf0980-4e04-40c7-ae15-18e92636646b",
      "korrelasjonsId" : "c29d70e4-d7dd-4ffe-b090-9d4df3cda603",
      "beregningId" : "32a6eb27-f41e-42f4-9ff6-de8b0755b5a1",
      "annulleringer" : [ ],
      "utbetalingstidslinje" : {
        "dager" : [ {
          "fom" : "2018-01-01",
          "tom" : "2018-01-16",
          "type" : "ArbeidsgiverperiodeDag",
          "grad" : 100.0,
          "totalGrad" : 100.0,
          "arbeidsgiverRefusjonsbeløp" : 1430.7692307692307,
          "grunnbeløpgrense" : 561804.0,
          "dekningsgrunnlag" : 1430.7692307692307,
          "aktuellDagsinntekt" : 1430.7692307692307,
          "arbeidsgiverbeløp" : 0.0,
          "personbeløp" : 0.0,
          "er6GBegrenset" : false
        }, {
          "fom" : "2018-01-17",
          "tom" : "2018-01-19",
          "type" : "NavDag",
          "grad" : 100.0,
          "totalGrad" : 100.0,
          "arbeidsgiverRefusjonsbeløp" : 1430.7692307692307,
          "grunnbeløpgrense" : 561804.0,
          "dekningsgrunnlag" : 1430.7692307692307,
          "aktuellDagsinntekt" : 1430.7692307692307,
          "arbeidsgiverbeløp" : 1431.0,
          "personbeløp" : 0.0,
          "er6GBegrenset" : false
        }, {
          "fom" : "2018-01-20",
          "tom" : "2018-01-21",
          "type" : "NavHelgDag",
          "grad" : 100.0,
          "totalGrad" : 100.0,
          "arbeidsgiverRefusjonsbeløp" : 0.0,
          "grunnbeløpgrense" : 561804.0,
          "dekningsgrunnlag" : 0.0,
          "aktuellDagsinntekt" : 0.0,
          "arbeidsgiverbeløp" : 0.0,
          "personbeløp" : 0.0,
          "er6GBegrenset" : false
        }, {
          "fom" : "2018-01-22",
          "tom" : "2018-01-26",
          "type" : "NavDag",
          "grad" : 100.0,
          "totalGrad" : 100.0,
          "arbeidsgiverRefusjonsbeløp" : 1430.7692307692307,
          "grunnbeløpgrense" : 561804.0,
          "dekningsgrunnlag" : 1430.7692307692307,
          "aktuellDagsinntekt" : 1430.7692307692307,
          "arbeidsgiverbeløp" : 1431.0,
          "personbeløp" : 0.0,
          "er6GBegrenset" : false
        }, {
          "fom" : "2018-01-27",
          "tom" : "2018-01-28",
          "type" : "NavHelgDag",
          "grad" : 100.0,
          "totalGrad" : 100.0,
          "arbeidsgiverRefusjonsbeløp" : 0.0,
          "grunnbeløpgrense" : 561804.0,
          "dekningsgrunnlag" : 0.0,
          "aktuellDagsinntekt" : 0.0,
          "arbeidsgiverbeløp" : 0.0,
          "personbeløp" : 0.0,
          "er6GBegrenset" : false
        }, {
          "fom" : "2018-01-29",
          "tom" : "2018-01-31",
          "type" : "NavDag",
          "grad" : 100.0,
          "totalGrad" : 100.0,
          "arbeidsgiverRefusjonsbeløp" : 1430.7692307692307,
          "grunnbeløpgrense" : 561804.0,
          "dekningsgrunnlag" : 1430.7692307692307,
          "aktuellDagsinntekt" : 1430.7692307692307,
          "arbeidsgiverbeløp" : 1431.0,
          "personbeløp" : 0.0,
          "er6GBegrenset" : false
        } ]
      },
      "arbeidsgiverOppdrag" : {
        "mottaker" : "a1",
        "fagområde" : "SPREF",
        "linjer" : [ {
          "fom" : "2018-01-17",
          "tom" : "2018-01-31",
          "satstype" : "DAG",
          "sats" : 1431,
          "grad" : 100,
          "stønadsdager" : 11,
          "totalbeløp" : 15741,
          "endringskode" : "NY",
          "delytelseId" : 1,
          "refDelytelseId" : null,
          "refFagsystemId" : null,
          "statuskode" : null,
          "datoStatusFom" : null,
          "klassekode" : "SPREFAG-IOP"
        } ],
        "fagsystemId" : "RRG4ONV3DZGJLNLCFFQTAKWFSY",
        "endringskode" : "NY",
        "sisteArbeidsgiverdag" : "2018-01-16",
        "tidsstempel" : "2023-10-17T07:43:58.486994",
        "totalbeløp" : 15741,
        "nettoBeløp" : 15741,
        "stønadsdager" : 11,
        "avstemmingsnøkkel" : null,
        "status" : null,
        "overføringstidspunkt" : null,
        "erSimulert" : true,
        "simuleringsResultat" : {
          "totalbeløp" : 2000,
          "perioder" : [ {
            "fom" : "2018-01-17",
            "tom" : "2018-01-20",
            "utbetalinger" : [ {
              "forfallsdato" : "2018-01-21",
              "utbetalesTil" : {
                "id" : "a1",
                "navn" : "Org Orgesen AS"
              },
              "feilkonto" : false,
              "detaljer" : [ {
                "fom" : "2018-01-17",
                "tom" : "2018-01-20",
                "konto" : "81549300",
                "beløp" : 2000,
                "klassekode" : {
                  "kode" : "SPREFAG-IOP",
                  "beskrivelse" : "Sykepenger, Refusjon arbeidsgiver"
                },
                "uføregrad" : 100,
                "utbetalingstype" : "YTEL",
                "tilbakeføring" : false,
                "sats" : {
                  "sats" : 1000.0,
                  "antall" : 2,
                  "type" : "DAG"
                },
                "refunderesOrgnummer" : "a1"
              } ]
            } ]
          } ]
        }
      },
      "personOppdrag" : {
        "mottaker" : "12029240045",
        "fagområde" : "SP",
        "linjer" : [ ],
        "fagsystemId" : "VGDPDXMDQJA4ZFPWYVUK7I7V3I",
        "endringskode" : "NY",
        "sisteArbeidsgiverdag" : "2018-01-16",
        "tidsstempel" : "2023-10-17T07:43:58.487033",
        "totalbeløp" : 0,
        "nettoBeløp" : 0,
        "stønadsdager" : 0,
        "avstemmingsnøkkel" : null,
        "status" : null,
        "overføringstidspunkt" : null,
        "erSimulert" : false,
        "simuleringsResultat" : null
      },
      "fom" : "2018-01-01",
      "tom" : "2018-01-31",
      "stønadsdager" : 11,
      "tidsstempel" : "2023-10-17T07:43:58.487742",
      "status" : "OVERFØRT",
      "type" : "UTBETALING",
      "maksdato" : "2018-12-28",
      "forbrukteSykedager" : 11,
      "gjenståendeSykedager" : 237,
      "vurdering" : {
        "godkjent" : true,
        "ident" : "Ola Nordmann",
        "epost" : "ola.nordmann@nav.no",
        "tidspunkt" : "2023-10-17T07:43:58.496986",
        "automatiskBehandling" : true
      },
      "overføringstidspunkt" : null,
      "avstemmingsnøkkel" : null,
      "avsluttet" : null,
      "oppdatert" : "2023-10-17T07:43:58.499519"
    } ],
    "vedtaksperioder" : [ {
      "sykdomstidslinje" : {
        "låstePerioder" : [ ],
        "periode" : {
          "fom" : "2018-01-01",
          "tom" : "2018-01-31"
        },
        "dager" : [ {
          "fom" : "2018-01-01",
          "tom" : "2018-01-31",
          "type" : "SYKEDAG",
          "kilde" : {
            "type" : "Søknad",
            "id" : "71c0882b-f934-462a-ae90-6789cf76052c",
            "tidsstempel" : "2018-01-01T00:00:00"
          },
          "grad" : 80.0
        } ]
      },
      "id" : "95def551-e8a6-4092-b32e-82b59eda14f3",
      "fom" : "2018-01-01",
      "tom" : "2018-01-31",
      "sykmeldingFom" : "2018-01-01",
      "sykmeldingTom" : "2018-01-31",
      "hendelseIder" : [ {
        "dokumentId" : "2622d709-e8a5-41d4-90bd-3701c03ecfe9",
        "dokumenttype" : "Søknad"
      }, {
        "dokumentId" : "e80d0e27-bd33-4445-848f-3cb3db29c2a1",
        "dokumenttype" : "InntektsmeldingInntekt"
      }, {
        "dokumentId" : "71c0882b-f934-462a-ae90-6789cf76052c",
        "dokumenttype" : "Søknad"
      } ],
      "tilstand" : "AVVENTER_REVURDERING",
      "generasjoner" : [ {
        "id" : "<! en random uuid !>",
        "tidsstempel" : "2023-10-17T07:43:58.396586",
        "tilstand" : "VEDTAK_FATTET",
        "fom" : "2018-01-01",
        "tom" : "2018-01-31",
        "vedtakFattet" : "2023-10-17T07:43:58.496986",
        "avsluttet" : null,
        "endringer" : [ {
          "id" : "<! en random uuid !>",
          "tidsstempel" : "2023-10-17T07:43:58.396586",
          "sykmeldingsperiodeFom" : "2018-01-01",
          "sykmeldingsperiodeTom" : "2018-01-31",
          "fom" : "2018-01-01",
          "tom" : "2018-01-31",
          "utbetalingId" : null,
          "vilkårsgrunnlagId" : null,
          "sykdomstidslinje" : {
            "låstePerioder" : [ ],
            "periode" : {
              "fom" : "2018-01-01",
              "tom" : "2018-01-31"
            },
            "dager" : [ {
              "fom" : "2018-01-01",
              "tom" : "2018-01-31",
              "type" : "SYKEDAG",
              "kilde" : {
                "type" : "Søknad",
                "id" : "2622d709-e8a5-41d4-90bd-3701c03ecfe9",
                "tidsstempel" : "2018-01-01T00:00:00"
              },
              "grad" : 100.0
            } ]
          },
          "dokumentsporing" : {
            "dokumentId" : "2622d709-e8a5-41d4-90bd-3701c03ecfe9",
            "dokumenttype" : "Søknad"
          }
        }, {
          "id" : "<! en random uuid !>",
          "tidsstempel" : "2023-10-17T07:43:58.430204",
          "sykmeldingsperiodeFom" : "2018-01-01",
          "sykmeldingsperiodeTom" : "2018-01-31",
          "fom" : "2018-01-01",
          "tom" : "2018-01-31",
          "utbetalingId" : null,
          "vilkårsgrunnlagId" : null,
          "sykdomstidslinje" : {
            "låstePerioder" : [ ],
            "periode" : {
              "fom" : "2018-01-01",
              "tom" : "2018-01-31"
            },
            "dager" : [ {
              "fom" : "2018-01-01",
              "tom" : "2018-01-31",
              "type" : "SYKEDAG",
              "kilde" : {
                "type" : "Søknad",
                "id" : "2622d709-e8a5-41d4-90bd-3701c03ecfe9",
                "tidsstempel" : "2018-01-01T00:00:00"
              },
              "grad" : 100.0
            } ]
          },
          "dokumentsporing" : {
            "dokumentId" : "e80d0e27-bd33-4445-848f-3cb3db29c2a1",
            "dokumenttype" : "InntektsmeldingInntekt"
          }
        }, {
          "id" : "<!en random uuid !>",
          "tidsstempel" : "2023-10-17T07:43:58.487742",
          "sykmeldingsperiodeFom" : "2018-01-01",
          "sykmeldingsperiodeTom" : "2018-01-31",
          "fom" : "2018-01-01",
          "tom" : "2018-01-31",
          "utbetalingId" : "06cf0980-4e04-40c7-ae15-18e92636646b",
          "vilkårsgrunnlagId" : "fbd2f25c-d135-4d5f-a1c1-4b03c631ac94",
          "sykdomstidslinje" : {
            "låstePerioder" : [ ],
            "periode" : {
              "fom" : "2018-01-01",
              "tom" : "2018-01-31"
            },
            "dager" : [ {
              "fom" : "2018-01-01",
              "tom" : "2018-01-31",
              "type" : "SYKEDAG",
              "kilde" : {
                "type" : "Søknad",
                "id" : "2622d709-e8a5-41d4-90bd-3701c03ecfe9",
                "tidsstempel" : "2018-01-01T00:00:00"
              },
              "grad" : 100.0
            } ]
          },
          "dokumentsporing" : {
            "dokumentId" : "e80d0e27-bd33-4445-848f-3cb3db29c2a1",
            "dokumenttype" : "InntektsmeldingInntekt"
          }
        } ]
      }, {
        "id" : "<! en random uuid !>",
        "tidsstempel" : "2023-10-17T07:43:58.502170",
        "tilstand" : "UBEREGNET_REVURDERING",
        "fom" : "2018-01-01",
        "tom" : "2018-01-31",
        "vedtakFattet" : null,
        "avsluttet" : null,
        "endringer" : [ {
          "id" : "<! en random uuid !>",
          "tidsstempel" : "2023-10-17T07:43:58.502170",
          "sykmeldingsperiodeFom" : "2018-01-01",
          "sykmeldingsperiodeTom" : "2018-01-31",
          "fom" : "2018-01-01",
          "tom" : "2018-01-31",
          "utbetalingId" : null,
          "vilkårsgrunnlagId" : null,
          "sykdomstidslinje" : {
            "låstePerioder" : [ ],
            "periode" : {
              "fom" : "2018-01-01",
              "tom" : "2018-01-31"
            },
            "dager" : [ {
              "fom" : "2018-01-01",
              "tom" : "2018-01-31",
              "type" : "SYKEDAG",
              "kilde" : {
                "type" : "Søknad",
                "id" : "71c0882b-f934-462a-ae90-6789cf76052c",
                "tidsstempel" : "2018-01-01T00:00:00"
              },
              "grad" : 80.0
            } ]
          },
          "dokumentsporing" : {
            "dokumentId" : "71c0882b-f934-462a-ae90-6789cf76052c",
            "dokumenttype" : "Søknad"
          }
        } ]
      } ],
      "skjæringstidspunkt" : "2018-01-01",
      "opprettet" : "2023-10-17T07:43:58.393847",
      "oppdatert" : "2023-10-17T07:43:58.504312"
    } ],
    "forkastede" : [ ],
    "refusjonshistorikk" : [ {
      "meldingsreferanseId" : "e80d0e27-bd33-4445-848f-3cb3db29c2a1",
      "førsteFraværsdag" : "2018-01-01",
      "arbeidsgiverperioder" : [ ],
      "beløp" : 31000.0,
      "sisteRefusjonsdag" : null,
      "endringerIRefusjon" : [ ],
      "tidsstempel" : "2023-10-17T07:43:58.430523"
    } ],
    "id" : "7e9c2ed2-7403-4ca2-b631-3716065b106d",
    "organisasjonsnummer" : "a1",
    "beregnetUtbetalingstidslinjer" : [ {
      "id" : "32a6eb27-f41e-42f4-9ff6-de8b0755b5a1",
      "sykdomshistorikkElementId" : "4e99e85d-c86c-4997-9b2f-cc8e1a5620a2",
      "vilkårsgrunnlagHistorikkInnslagId" : "4b3a2fe6-6539-46ac-86a3-aa4f8309b057",
      "tidsstempel" : "2023-10-17T07:43:58.481069",
      "organisasjonsnummer" : "a1",
      "utbetalingstidslinje" : {
        "dager" : [ {
          "fom" : "2018-01-01",
          "tom" : "2018-01-16",
          "type" : "ArbeidsgiverperiodeDag",
          "grad" : 100.0,
          "totalGrad" : 100.0,
          "arbeidsgiverRefusjonsbeløp" : 1430.7692307692307,
          "grunnbeløpgrense" : 561804.0,
          "dekningsgrunnlag" : 1430.7692307692307,
          "aktuellDagsinntekt" : 1430.7692307692307,
          "arbeidsgiverbeløp" : 0.0,
          "personbeløp" : 0.0,
          "er6GBegrenset" : false
        }, {
          "fom" : "2018-01-17",
          "tom" : "2018-01-19",
          "type" : "NavDag",
          "grad" : 100.0,
          "totalGrad" : 100.0,
          "arbeidsgiverRefusjonsbeløp" : 1430.7692307692307,
          "grunnbeløpgrense" : 561804.0,
          "dekningsgrunnlag" : 1430.7692307692307,
          "aktuellDagsinntekt" : 1430.7692307692307,
          "arbeidsgiverbeløp" : 1431.0,
          "personbeløp" : 0.0,
          "er6GBegrenset" : false
        }, {
          "fom" : "2018-01-20",
          "tom" : "2018-01-21",
          "type" : "NavHelgDag",
          "grad" : 100.0,
          "totalGrad" : 100.0,
          "arbeidsgiverRefusjonsbeløp" : 0.0,
          "grunnbeløpgrense" : 561804.0,
          "dekningsgrunnlag" : 0.0,
          "aktuellDagsinntekt" : 0.0,
          "arbeidsgiverbeløp" : 0.0,
          "personbeløp" : 0.0,
          "er6GBegrenset" : false
        }, {
          "fom" : "2018-01-22",
          "tom" : "2018-01-26",
          "type" : "NavDag",
          "grad" : 100.0,
          "totalGrad" : 100.0,
          "arbeidsgiverRefusjonsbeløp" : 1430.7692307692307,
          "grunnbeløpgrense" : 561804.0,
          "dekningsgrunnlag" : 1430.7692307692307,
          "aktuellDagsinntekt" : 1430.7692307692307,
          "arbeidsgiverbeløp" : 1431.0,
          "personbeløp" : 0.0,
          "er6GBegrenset" : false
        }, {
          "fom" : "2018-01-27",
          "tom" : "2018-01-28",
          "type" : "NavHelgDag",
          "grad" : 100.0,
          "totalGrad" : 100.0,
          "arbeidsgiverRefusjonsbeløp" : 0.0,
          "grunnbeløpgrense" : 561804.0,
          "dekningsgrunnlag" : 0.0,
          "aktuellDagsinntekt" : 0.0,
          "arbeidsgiverbeløp" : 0.0,
          "personbeløp" : 0.0,
          "er6GBegrenset" : false
        }, {
          "fom" : "2018-01-29",
          "tom" : "2018-01-31",
          "type" : "NavDag",
          "grad" : 100.0,
          "totalGrad" : 100.0,
          "arbeidsgiverRefusjonsbeløp" : 1430.7692307692307,
          "grunnbeløpgrense" : 561804.0,
          "dekningsgrunnlag" : 1430.7692307692307,
          "aktuellDagsinntekt" : 1430.7692307692307,
          "arbeidsgiverbeløp" : 1431.0,
          "personbeløp" : 0.0,
          "er6GBegrenset" : false
        } ]
      }
    } ],
    "refusjonOpphører" : [ ],
    "feriepengeutbetalinger" : [ ]
  } ],
  "infotrygdhistorikk" : [ {
    "id" : "58cc7c51-ce20-432d-89e3-1cd1e41a49db",
    "tidsstempel" : "2023-10-17T07:43:58.407917",
    "hendelseId" : "be3b2656-e1be-423e-847a-352d0e8feef9",
    "ferieperioder" : [ ],
    "arbeidsgiverutbetalingsperioder" : [ ],
    "personutbetalingsperioder" : [ ],
    "inntekter" : [ ],
    "arbeidskategorikoder" : { },
    "oppdatert" : "2023-10-17T07:43:58.407407"
  } ],
  "vilkårsgrunnlagHistorikk" : [ {
    "id" : "4b3a2fe6-6539-46ac-86a3-aa4f8309b057",
    "opprettet" : "2023-10-17T07:43:58.45276",
    "vilkårsgrunnlag" : [ {
      "skjæringstidspunkt" : "2018-01-01",
      "type" : "Vilkårsprøving",
      "sykepengegrunnlag" : {
        "sykepengegrunnlag" : 372000.0,
        "avviksprosent" : 0.0,
        "beregningsgrunnlag" : 372000.0,
        "totalOmregnetÅrsinntekt" : 372000.0,
        "sammenligningsgrunnlag" : {
          "sammenligningsgrunnlag" : 372000.0,
          "arbeidsgiverInntektsopplysninger" : [ {
            "orgnummer" : "a1",
            "skatteopplysninger" : [ {
              "hendelseId" : "ad60ee82-9f16-4f49-b649-4acd6b5761ba",
              "beløp" : 31000.0,
              "tidsstempel" : "2023-10-17T07:43:58.44412",
              "måned" : "2017-01",
              "type" : "LØNNSINNTEKT",
              "fordel" : "kontantytelse",
              "beskrivelse" : "fastloenn"
            }, {
              "hendelseId" : "ad60ee82-9f16-4f49-b649-4acd6b5761ba",
              "beløp" : 31000.0,
              "tidsstempel" : "2023-10-17T07:43:58.444136",
              "måned" : "2017-02",
              "type" : "LØNNSINNTEKT",
              "fordel" : "kontantytelse",
              "beskrivelse" : "fastloenn"
            }, {
              "hendelseId" : "ad60ee82-9f16-4f49-b649-4acd6b5761ba",
              "beløp" : 31000.0,
              "tidsstempel" : "2023-10-17T07:43:58.44414",
              "måned" : "2017-03",
              "type" : "LØNNSINNTEKT",
              "fordel" : "kontantytelse",
              "beskrivelse" : "fastloenn"
            }, {
              "hendelseId" : "ad60ee82-9f16-4f49-b649-4acd6b5761ba",
              "beløp" : 31000.0,
              "tidsstempel" : "2023-10-17T07:43:58.444144",
              "måned" : "2017-04",
              "type" : "LØNNSINNTEKT",
              "fordel" : "kontantytelse",
              "beskrivelse" : "fastloenn"
            }, {
              "hendelseId" : "ad60ee82-9f16-4f49-b649-4acd6b5761ba",
              "beløp" : 31000.0,
              "tidsstempel" : "2023-10-17T07:43:58.444146",
              "måned" : "2017-05",
              "type" : "LØNNSINNTEKT",
              "fordel" : "kontantytelse",
              "beskrivelse" : "fastloenn"
            }, {
              "hendelseId" : "ad60ee82-9f16-4f49-b649-4acd6b5761ba",
              "beløp" : 31000.0,
              "tidsstempel" : "2023-10-17T07:43:58.444149",
              "måned" : "2017-06",
              "type" : "LØNNSINNTEKT",
              "fordel" : "kontantytelse",
              "beskrivelse" : "fastloenn"
            }, {
              "hendelseId" : "ad60ee82-9f16-4f49-b649-4acd6b5761ba",
              "beløp" : 31000.0,
              "tidsstempel" : "2023-10-17T07:43:58.444151",
              "måned" : "2017-07",
              "type" : "LØNNSINNTEKT",
              "fordel" : "kontantytelse",
              "beskrivelse" : "fastloenn"
            }, {
              "hendelseId" : "ad60ee82-9f16-4f49-b649-4acd6b5761ba",
              "beløp" : 31000.0,
              "tidsstempel" : "2023-10-17T07:43:58.444154",
              "måned" : "2017-08",
              "type" : "LØNNSINNTEKT",
              "fordel" : "kontantytelse",
              "beskrivelse" : "fastloenn"
            }, {
              "hendelseId" : "ad60ee82-9f16-4f49-b649-4acd6b5761ba",
              "beløp" : 31000.0,
              "tidsstempel" : "2023-10-17T07:43:58.444156",
              "måned" : "2017-09",
              "type" : "LØNNSINNTEKT",
              "fordel" : "kontantytelse",
              "beskrivelse" : "fastloenn"
            }, {
              "hendelseId" : "ad60ee82-9f16-4f49-b649-4acd6b5761ba",
              "beløp" : 31000.0,
              "tidsstempel" : "2023-10-17T07:43:58.444159",
              "måned" : "2017-10",
              "type" : "LØNNSINNTEKT",
              "fordel" : "kontantytelse",
              "beskrivelse" : "fastloenn"
            }, {
              "hendelseId" : "ad60ee82-9f16-4f49-b649-4acd6b5761ba",
              "beløp" : 31000.0,
              "tidsstempel" : "2023-10-17T07:43:58.444162",
              "måned" : "2017-11",
              "type" : "LØNNSINNTEKT",
              "fordel" : "kontantytelse",
              "beskrivelse" : "fastloenn"
            }, {
              "hendelseId" : "ad60ee82-9f16-4f49-b649-4acd6b5761ba",
              "beløp" : 31000.0,
              "tidsstempel" : "2023-10-17T07:43:58.444164",
              "måned" : "2017-12",
              "type" : "LØNNSINNTEKT",
              "fordel" : "kontantytelse",
              "beskrivelse" : "fastloenn"
            } ]
          } ]
        },
        "grunnbeløp" : 561804.0,
        "arbeidsgiverInntektsopplysninger" : [ {
          "orgnummer" : "a1",
          "inntektsopplysning" : {
            "id" : "7a83576a-6bc6-4c6f-b82e-4bfc004e89cc",
            "dato" : "2018-01-01",
            "hendelseId" : "e80d0e27-bd33-4445-848f-3cb3db29c2a1",
            "beløp" : 31000.0,
            "kilde" : "INNTEKTSMELDING",
            "tidsstempel" : "2023-10-17T07:43:58.430204"
          },
          "refusjonsopplysninger" : [ {
            "meldingsreferanseId" : "e80d0e27-bd33-4445-848f-3cb3db29c2a1",
            "fom" : "2018-01-01",
            "tom" : null,
            "beløp" : 31000.0
          } ]
        } ],
        "begrensning" : "ER_IKKE_6G_BEGRENSET",
        "deaktiverteArbeidsforhold" : [ ],
        "vurdertInfotrygd" : false,
        "minsteinntekt" : 46817.0,
        "oppfyllerMinsteinntektskrav" : true,
        "tilstand" : "FASTSATT_ETTER_HOVEDREGEL"
      },
      "opptjening" : {
        "arbeidsforhold" : [ {
          "orgnummer" : "a1",
          "ansattPerioder" : [ {
            "ansattFom" : "1970-01-01",
            "ansattTom" : null,
            "deaktivert" : false
          } ]
        } ],
        "opptjeningFom" : "1970-01-01",
        "opptjeningTom" : "2017-12-31"
      },
      "medlemskapstatus" : "JA",
      "vurdertOk" : true,
      "meldingsreferanseId" : "ad60ee82-9f16-4f49-b649-4acd6b5761ba",
      "vilkårsgrunnlagId" : "fbd2f25c-d135-4d5f-a1c1-4b03c631ac94"
    } ]
  } ],
  "skjemaVersjon": 276
}