{
  "aktørId" : "42",
  "fødselsnummer" : "12029240045",
  "opprettet" : "2023-10-17T07:47:30.495239",
  "fødselsdato" : "1992-02-12",
  "dødsdato" : null,
  "arbeidsgivere" : [ {
    "inntektshistorikk" : [ {
      "id" : "41f61481-64cc-4275-b555-00108878e414",
      "dato" : "2018-01-01",
      "hendelseId" : "b91432eb-0468-4789-9aea-0210473852bd",
      "beløp" : 31000.0,
      "tidsstempel" : "2023-10-17T07:47:30.591333"
    } ],
    "sykdomshistorikk" : [ {
      "id" : "47fec6ec-5f09-4929-b56f-5a6960278204",
      "hendelseId" : "895f2367-8b9b-4edf-9d0b-643c878f7c97",
      "tidsstempel" : "2023-10-17T07:47:30.660682",
      "hendelseSykdomstidslinje" : {
        "låstePerioder" : [ ],
        "periode" : {
          "fom" : "2018-01-01",
          "tom" : "2018-01-31"
        },
        "dager" : [ {
          "fom" : "2018-01-01",
          "tom" : "2018-01-31",
          "type" : "FERIEDAG",
          "kilde" : {
            "type" : "Søknad",
            "id" : "895f2367-8b9b-4edf-9d0b-643c878f7c97",
            "tidsstempel" : "2018-01-01T00:00:00"
          }
        } ]
      },
      "beregnetSykdomstidslinje" : {
        "låstePerioder" : [ {
          "fom" : "2018-01-01",
          "tom" : "2018-01-31"
        } ],
        "periode" : {
          "fom" : "2018-01-01",
          "tom" : "2018-01-31"
        },
        "dager" : [ {
          "fom" : "2018-01-01",
          "tom" : "2018-01-31",
          "type" : "FERIEDAG",
          "kilde" : {
            "type" : "Søknad",
            "id" : "895f2367-8b9b-4edf-9d0b-643c878f7c97",
            "tidsstempel" : "2018-01-01T00:00:00"
          }
        } ]
      }
    }, {
      "id" : "f867d791-4faf-43bb-8d45-ddaffce89b57",
      "hendelseId" : "de8f8191-1123-471b-bc99-c6b257a3ad98",
      "tidsstempel" : "2023-10-17T07:47:30.55913",
      "hendelseSykdomstidslinje" : {
        "låstePerioder" : [ ],
        "periode" : {
          "fom" : "2018-01-01",
          "tom" : "2018-01-31"
        },
        "dager" : [ {
          "fom" : "2018-01-01",
          "tom" : "2018-01-31",
          "type" : "SYKEDAG",
          "kilde" : {
            "type" : "Søknad",
            "id" : "de8f8191-1123-471b-bc99-c6b257a3ad98",
            "tidsstempel" : "2018-01-01T00:00:00"
          },
          "grad" : 100.0
        } ]
      },
      "beregnetSykdomstidslinje" : {
        "låstePerioder" : [ ],
        "periode" : {
          "fom" : "2018-01-01",
          "tom" : "2018-01-31"
        },
        "dager" : [ {
          "fom" : "2018-01-01",
          "tom" : "2018-01-31",
          "type" : "SYKEDAG",
          "kilde" : {
            "type" : "Søknad",
            "id" : "de8f8191-1123-471b-bc99-c6b257a3ad98",
            "tidsstempel" : "2018-01-01T00:00:00"
          },
          "grad" : 100.0
        } ]
      }
    } ],
    "sykmeldingsperioder" : [ ],
    "utbetalinger" : [ {
      "id" : "42a826c9-812c-4755-932e-de980d5e3f3f",
      "korrelasjonsId" : "dfb1a7ff-42b1-432f-a46a-adc969b0147b",
      "beregningId" : "ce2a74d8-ed30-4998-b45a-f21dcb518526",
      "annulleringer" : [ ],
      "utbetalingstidslinje" : {
        "dager" : [ {
          "fom" : "2018-01-01",
          "tom" : "2018-01-16",
          "type" : "ArbeidsgiverperiodeDag",
          "grad" : 100.0,
          "totalGrad" : 100.0,
          "arbeidsgiverRefusjonsbeløp" : 1430.7692307692307,
          "grunnbeløpgrense" : 561804.0,
          "dekningsgrunnlag" : 1430.7692307692307,
          "aktuellDagsinntekt" : 1430.7692307692307,
          "arbeidsgiverbeløp" : 0.0,
          "personbeløp" : 0.0,
          "er6GBegrenset" : false
        }, {
          "fom" : "2018-01-17",
          "tom" : "2018-01-19",
          "type" : "NavDag",
          "grad" : 100.0,
          "totalGrad" : 100.0,
          "arbeidsgiverRefusjonsbeløp" : 1430.7692307692307,
          "grunnbeløpgrense" : 561804.0,
          "dekningsgrunnlag" : 1430.7692307692307,
          "aktuellDagsinntekt" : 1430.7692307692307,
          "arbeidsgiverbeløp" : 1431.0,
          "personbeløp" : 0.0,
          "er6GBegrenset" : false
        }, {
          "fom" : "2018-01-20",
          "tom" : "2018-01-21",
          "type" : "NavHelgDag",
          "grad" : 100.0,
          "totalGrad" : 100.0,
          "arbeidsgiverRefusjonsbeløp" : 0.0,
          "grunnbeløpgrense" : 561804.0,
          "dekningsgrunnlag" : 0.0,
          "aktuellDagsinntekt" : 0.0,
          "arbeidsgiverbeløp" : 0.0,
          "personbeløp" : 0.0,
          "er6GBegrenset" : false
        }, {
          "fom" : "2018-01-22",
          "tom" : "2018-01-26",
          "type" : "NavDag",
          "grad" : 100.0,
          "totalGrad" : 100.0,
          "arbeidsgiverRefusjonsbeløp" : 1430.7692307692307,
          "grunnbeløpgrense" : 561804.0,
          "dekningsgrunnlag" : 1430.7692307692307,
          "aktuellDagsinntekt" : 1430.7692307692307,
          "arbeidsgiverbeløp" : 1431.0,
          "personbeløp" : 0.0,
          "er6GBegrenset" : false
        }, {
          "fom" : "2018-01-27",
          "tom" : "2018-01-28",
          "type" : "NavHelgDag",
          "grad" : 100.0,
          "totalGrad" : 100.0,
          "arbeidsgiverRefusjonsbeløp" : 0.0,
          "grunnbeløpgrense" : 561804.0,
          "dekningsgrunnlag" : 0.0,
          "aktuellDagsinntekt" : 0.0,
          "arbeidsgiverbeløp" : 0.0,
          "personbeløp" : 0.0,
          "er6GBegrenset" : false
        }, {
          "fom" : "2018-01-29",
          "tom" : "2018-01-31",
          "type" : "NavDag",
          "grad" : 100.0,
          "totalGrad" : 100.0,
          "arbeidsgiverRefusjonsbeløp" : 1430.7692307692307,
          "grunnbeløpgrense" : 561804.0,
          "dekningsgrunnlag" : 1430.7692307692307,
          "aktuellDagsinntekt" : 1430.7692307692307,
          "arbeidsgiverbeløp" : 1431.0,
          "personbeløp" : 0.0,
          "er6GBegrenset" : false
        } ]
      },
      "arbeidsgiverOppdrag" : {
        "mottaker" : "a1",
        "fagområde" : "SPREF",
        "linjer" : [ {
          "fom" : "2018-01-17",
          "tom" : "2018-01-31",
          "satstype" : "DAG",
          "sats" : 1431,
          "grad" : 100,
          "stønadsdager" : 11,
          "totalbeløp" : 15741,
          "endringskode" : "NY",
          "delytelseId" : 1,
          "refDelytelseId" : null,
          "refFagsystemId" : null,
          "statuskode" : null,
          "datoStatusFom" : null,
          "klassekode" : "SPREFAG-IOP"
        } ],
        "fagsystemId" : "YV24TWAKMRHVDN22JZPMHQOF7I",
        "endringskode" : "NY",
        "sisteArbeidsgiverdag" : "2018-01-16",
        "tidsstempel" : "2023-10-17T07:47:30.647756",
        "totalbeløp" : 15741,
        "nettoBeløp" : 15741,
        "stønadsdager" : 11,
        "avstemmingsnøkkel" : null,
        "status" : null,
        "overføringstidspunkt" : null,
        "erSimulert" : true,
        "simuleringsResultat" : {
          "totalbeløp" : 2000,
          "perioder" : [ {
            "fom" : "2018-01-17",
            "tom" : "2018-01-20",
            "utbetalinger" : [ {
              "forfallsdato" : "2018-01-21",
              "utbetalesTil" : {
                "id" : "a1",
                "navn" : "Org Orgesen AS"
              },
              "feilkonto" : false,
              "detaljer" : [ {
                "fom" : "2018-01-17",
                "tom" : "2018-01-20",
                "konto" : "81549300",
                "beløp" : 2000,
                "klassekode" : {
                  "kode" : "SPREFAG-IOP",
                  "beskrivelse" : "Sykepenger, Refusjon arbeidsgiver"
                },
                "uføregrad" : 100,
                "utbetalingstype" : "YTEL",
                "tilbakeføring" : false,
                "sats" : {
                  "sats" : 1000.0,
                  "antall" : 2,
                  "type" : "DAG"
                },
                "refunderesOrgnummer" : "a1"
              } ]
            } ]
          } ]
        }
      },
      "personOppdrag" : {
        "mottaker" : "12029240045",
        "fagområde" : "SP",
        "linjer" : [ ],
        "fagsystemId" : "XVPOSIDRHZD6BE4TNFMXWSBUKQ",
        "endringskode" : "NY",
        "sisteArbeidsgiverdag" : "2018-01-16",
        "tidsstempel" : "2023-10-17T07:47:30.647793",
        "totalbeløp" : 0,
        "nettoBeløp" : 0,
        "stønadsdager" : 0,
        "avstemmingsnøkkel" : null,
        "status" : null,
        "overføringstidspunkt" : null,
        "erSimulert" : false,
        "simuleringsResultat" : null
      },
      "fom" : "2018-01-01",
      "tom" : "2018-01-31",
      "stønadsdager" : 11,
      "tidsstempel" : "2023-10-17T07:47:30.648485",
      "status" : "FORKASTET",
      "type" : "UTBETALING",
      "maksdato" : "2018-12-28",
      "forbrukteSykedager" : 11,
      "gjenståendeSykedager" : 237,
      "vurdering" : null,
      "overføringstidspunkt" : null,
      "avstemmingsnøkkel" : null,
      "avsluttet" : null,
      "oppdatert" : "2023-10-17T07:47:30.661604"
    } ],
    "vedtaksperioder" : [ {
      "sykdomstidslinje" : {
        "låstePerioder" : [ ],
        "periode" : {
          "fom" : "2018-01-01",
          "tom" : "2018-01-31"
        },
        "dager" : [ {
          "fom" : "2018-01-01",
          "tom" : "2018-01-31",
          "type" : "FERIEDAG",
          "kilde" : {
            "type" : "Søknad",
            "id" : "895f2367-8b9b-4edf-9d0b-643c878f7c97",
            "tidsstempel" : "2018-01-01T00:00:00"
          }
        } ]
      },
      "id" : "8fdf094e-00d7-458e-a6ca-d0f1627eeba7",
      "fom" : "2018-01-01",
      "tom" : "2018-01-31",
      "sykmeldingFom" : "2018-01-01",
      "sykmeldingTom" : "2018-01-31",
      "hendelseIder" : [ {
        "dokumentId" : "de8f8191-1123-471b-bc99-c6b257a3ad98",
        "dokumenttype" : "Søknad"
      }, {
        "dokumentId" : "b91432eb-0468-4789-9aea-0210473852bd",
        "dokumenttype" : "InntektsmeldingInntekt"
      }, {
        "dokumentId" : "895f2367-8b9b-4edf-9d0b-643c878f7c97",
        "dokumenttype" : "Søknad"
      } ],
      "tilstand" : "AVSLUTTET_UTEN_UTBETALING",
      "generasjoner" : [ {
        "id" : "<! en random uuid !>",
        "tidsstempel" : "2023-10-17T07:47:30.556254",
        "tilstand" : "AVSLUTTET_UTEN_VEDTAK",
        "fom" : "2018-01-01",
        "tom" : "2018-01-31",
        "vedtakFattet" : null,
        "avsluttet" : "2023-10-17T07:47:30.662161",
        "endringer" : [ {
          "id" : "<! en random uuid !>",
          "tidsstempel" : "2023-10-17T07:47:30.556254",
          "sykmeldingsperiodeFom" : "2018-01-01",
          "sykmeldingsperiodeTom" : "2018-01-31",
          "fom" : "2018-01-01",
          "tom" : "2018-01-31",
          "utbetalingId" : null,
          "vilkårsgrunnlagId" : null,
          "sykdomstidslinje" : {
            "låstePerioder" : [ ],
            "periode" : {
              "fom" : "2018-01-01",
              "tom" : "2018-01-31"
            },
            "dager" : [ {
              "fom" : "2018-01-01",
              "tom" : "2018-01-31",
              "type" : "SYKEDAG",
              "kilde" : {
                "type" : "Søknad",
                "id" : "de8f8191-1123-471b-bc99-c6b257a3ad98",
                "tidsstempel" : "2018-01-01T00:00:00"
              },
              "grad" : 100.0
            } ]
          },
          "dokumentsporing" : {
            "dokumentId" : "de8f8191-1123-471b-bc99-c6b257a3ad98",
            "dokumenttype" : "Søknad"
          }
        }, {
          "id" : "<! en random uuid !>",
          "tidsstempel" : "2023-10-17T07:47:30.591333",
          "sykmeldingsperiodeFom" : "2018-01-01",
          "sykmeldingsperiodeTom" : "2018-01-31",
          "fom" : "2018-01-01",
          "tom" : "2018-01-31",
          "utbetalingId" : null,
          "vilkårsgrunnlagId" : null,
          "sykdomstidslinje" : {
            "låstePerioder" : [ ],
            "periode" : {
              "fom" : "2018-01-01",
              "tom" : "2018-01-31"
            },
            "dager" : [ {
              "fom" : "2018-01-01",
              "tom" : "2018-01-31",
              "type" : "SYKEDAG",
              "kilde" : {
                "type" : "Søknad",
                "id" : "de8f8191-1123-471b-bc99-c6b257a3ad98",
                "tidsstempel" : "2018-01-01T00:00:00"
              },
              "grad" : 100.0
            } ]
          },
          "dokumentsporing" : {
            "dokumentId" : "b91432eb-0468-4789-9aea-0210473852bd",
            "dokumenttype" : "InntektsmeldingInntekt"
          }
        }, {
          "id" : "<! en random uuid !>",
          "tidsstempel" : "2023-10-17T07:47:30.648485",
          "sykmeldingsperiodeFom" : "2018-01-01",
          "sykmeldingsperiodeTom" : "2018-01-31",
          "fom" : "2018-01-01",
          "tom" : "2018-01-31",
          "utbetalingId" : "42a826c9-812c-4755-932e-de980d5e3f3f",
          "vilkårsgrunnlagId" : "134cf9b4-6146-49c5-81fb-44f490fb0369",
          "sykdomstidslinje" : {
            "låstePerioder" : [ ],
            "periode" : {
              "fom" : "2018-01-01",
              "tom" : "2018-01-31"
            },
            "dager" : [ {
              "fom" : "2018-01-01",
              "tom" : "2018-01-31",
              "type" : "SYKEDAG",
              "kilde" : {
                "type" : "Søknad",
                "id" : "de8f8191-1123-471b-bc99-c6b257a3ad98",
                "tidsstempel" : "2018-01-01T00:00:00"
              },
              "grad" : 100.0
            } ]
          },
          "dokumentsporing" : {
            "dokumentId" : "b91432eb-0468-4789-9aea-0210473852bd",
            "dokumenttype" : "InntektsmeldingInntekt"
          }
        }, {
          "id" : "<! en random uuid !>",
          "tidsstempel" : "2023-10-17T07:47:30.660682",
          "sykmeldingsperiodeFom" : "2018-01-01",
          "sykmeldingsperiodeTom" : "2018-01-31",
          "fom" : "2018-01-01",
          "tom" : "2018-01-31",
          "utbetalingId" : null,
          "vilkårsgrunnlagId" : null,
          "sykdomstidslinje" : {
            "låstePerioder" : [ ],
            "periode" : {
              "fom" : "2018-01-01",
              "tom" : "2018-01-31"
            },
            "dager" : [ {
              "fom" : "2018-01-01",
              "tom" : "2018-01-31",
              "type" : "FERIEDAG",
              "kilde" : {
                "type" : "Søknad",
                "id" : "895f2367-8b9b-4edf-9d0b-643c878f7c97",
                "tidsstempel" : "2018-01-01T00:00:00"
              }
            } ]
          },
          "dokumentsporing" : {
            "dokumentId" : "895f2367-8b9b-4edf-9d0b-643c878f7c97",
            "dokumenttype" : "Søknad"
          }
        } ]
      } ],
      "skjæringstidspunkt" : "2018-01-01",
      "opprettet" : "2023-10-17T07:47:30.556254",
      "oppdatert" : "2023-10-17T07:47:30.662161"
    } ],
    "forkastede" : [ ],
    "refusjonshistorikk" : [ {
      "meldingsreferanseId" : "b91432eb-0468-4789-9aea-0210473852bd",
      "førsteFraværsdag" : "2018-01-01",
      "arbeidsgiverperioder" : [ ],
      "beløp" : 31000.0,
      "sisteRefusjonsdag" : null,
      "endringerIRefusjon" : [ ],
      "tidsstempel" : "2023-10-17T07:47:30.591721"
    } ],
    "id" : "2307c4a8-a5a5-4a17-a3fa-e7bcd92211f9",
    "organisasjonsnummer" : "a1",
    "beregnetUtbetalingstidslinjer" : [ {
      "id" : "ce2a74d8-ed30-4998-b45a-f21dcb518526",
      "sykdomshistorikkElementId" : "f867d791-4faf-43bb-8d45-ddaffce89b57",
      "vilkårsgrunnlagHistorikkInnslagId" : "024d74f4-e6ea-4d40-814a-a4e1f8c74232",
      "tidsstempel" : "2023-10-17T07:47:30.64152",
      "organisasjonsnummer" : "a1",
      "utbetalingstidslinje" : {
        "dager" : [ {
          "fom" : "2018-01-01",
          "tom" : "2018-01-16",
          "type" : "ArbeidsgiverperiodeDag",
          "grad" : 100.0,
          "totalGrad" : 100.0,
          "arbeidsgiverRefusjonsbeløp" : 1430.7692307692307,
          "grunnbeløpgrense" : 561804.0,
          "dekningsgrunnlag" : 1430.7692307692307,
          "aktuellDagsinntekt" : 1430.7692307692307,
          "arbeidsgiverbeløp" : 0.0,
          "personbeløp" : 0.0,
          "er6GBegrenset" : false
        }, {
          "fom" : "2018-01-17",
          "tom" : "2018-01-19",
          "type" : "NavDag",
          "grad" : 100.0,
          "totalGrad" : 100.0,
          "arbeidsgiverRefusjonsbeløp" : 1430.7692307692307,
          "grunnbeløpgrense" : 561804.0,
          "dekningsgrunnlag" : 1430.7692307692307,
          "aktuellDagsinntekt" : 1430.7692307692307,
          "arbeidsgiverbeløp" : 1431.0,
          "personbeløp" : 0.0,
          "er6GBegrenset" : false
        }, {
          "fom" : "2018-01-20",
          "tom" : "2018-01-21",
          "type" : "NavHelgDag",
          "grad" : 100.0,
          "totalGrad" : 100.0,
          "arbeidsgiverRefusjonsbeløp" : 0.0,
          "grunnbeløpgrense" : 561804.0,
          "dekningsgrunnlag" : 0.0,
          "aktuellDagsinntekt" : 0.0,
          "arbeidsgiverbeløp" : 0.0,
          "personbeløp" : 0.0,
          "er6GBegrenset" : false
        }, {
          "fom" : "2018-01-22",
          "tom" : "2018-01-26",
          "type" : "NavDag",
          "grad" : 100.0,
          "totalGrad" : 100.0,
          "arbeidsgiverRefusjonsbeløp" : 1430.7692307692307,
          "grunnbeløpgrense" : 561804.0,
          "dekningsgrunnlag" : 1430.7692307692307,
          "aktuellDagsinntekt" : 1430.7692307692307,
          "arbeidsgiverbeløp" : 1431.0,
          "personbeløp" : 0.0,
          "er6GBegrenset" : false
        }, {
          "fom" : "2018-01-27",
          "tom" : "2018-01-28",
          "type" : "NavHelgDag",
          "grad" : 100.0,
          "totalGrad" : 100.0,
          "arbeidsgiverRefusjonsbeløp" : 0.0,
          "grunnbeløpgrense" : 561804.0,
          "dekningsgrunnlag" : 0.0,
          "aktuellDagsinntekt" : 0.0,
          "arbeidsgiverbeløp" : 0.0,
          "personbeløp" : 0.0,
          "er6GBegrenset" : false
        }, {
          "fom" : "2018-01-29",
          "tom" : "2018-01-31",
          "type" : "NavDag",
          "grad" : 100.0,
          "totalGrad" : 100.0,
          "arbeidsgiverRefusjonsbeløp" : 1430.7692307692307,
          "grunnbeløpgrense" : 561804.0,
          "dekningsgrunnlag" : 1430.7692307692307,
          "aktuellDagsinntekt" : 1430.7692307692307,
          "arbeidsgiverbeløp" : 1431.0,
          "personbeløp" : 0.0,
          "er6GBegrenset" : false
        } ]
      }
    } ],
    "refusjonOpphører" : [ ],
    "feriepengeutbetalinger" : [ ]
  } ],
  "infotrygdhistorikk" : [ {
    "id" : "e61a1623-8c4a-40a3-b333-bc223198ac1f",
    "tidsstempel" : "2023-10-17T07:47:30.569267",
    "hendelseId" : "d763934d-7c52-447f-9104-b0df26975a21",
    "ferieperioder" : [ ],
    "arbeidsgiverutbetalingsperioder" : [ ],
    "personutbetalingsperioder" : [ ],
    "inntekter" : [ ],
    "arbeidskategorikoder" : { },
    "oppdatert" : "2023-10-17T07:47:30.568723"
  } ],
  "vilkårsgrunnlagHistorikk" : [ {
    "id" : "024d74f4-e6ea-4d40-814a-a4e1f8c74232",
    "opprettet" : "2023-10-17T07:47:30.614069",
    "vilkårsgrunnlag" : [ {
      "skjæringstidspunkt" : "2018-01-01",
      "type" : "Vilkårsprøving",
      "sykepengegrunnlag" : {
        "sykepengegrunnlag" : 372000.0,
        "avviksprosent" : 0.0,
        "beregningsgrunnlag" : 372000.0,
        "totalOmregnetÅrsinntekt" : 372000.0,
        "sammenligningsgrunnlag" : {
          "sammenligningsgrunnlag" : 372000.0,
          "arbeidsgiverInntektsopplysninger" : [ {
            "orgnummer" : "a1",
            "skatteopplysninger" : [ {
              "hendelseId" : "88db765b-624c-4847-b407-20e6fc0e3b3b",
              "beløp" : 31000.0,
              "tidsstempel" : "2023-10-17T07:47:30.604576",
              "måned" : "2017-01",
              "type" : "LØNNSINNTEKT",
              "fordel" : "kontantytelse",
              "beskrivelse" : "fastloenn"
            }, {
              "hendelseId" : "88db765b-624c-4847-b407-20e6fc0e3b3b",
              "beløp" : 31000.0,
              "tidsstempel" : "2023-10-17T07:47:30.604596",
              "måned" : "2017-02",
              "type" : "LØNNSINNTEKT",
              "fordel" : "kontantytelse",
              "beskrivelse" : "fastloenn"
            }, {
              "hendelseId" : "88db765b-624c-4847-b407-20e6fc0e3b3b",
              "beløp" : 31000.0,
              "tidsstempel" : "2023-10-17T07:47:30.6046",
              "måned" : "2017-03",
              "type" : "LØNNSINNTEKT",
              "fordel" : "kontantytelse",
              "beskrivelse" : "fastloenn"
            }, {
              "hendelseId" : "88db765b-624c-4847-b407-20e6fc0e3b3b",
              "beløp" : 31000.0,
              "tidsstempel" : "2023-10-17T07:47:30.604603",
              "måned" : "2017-04",
              "type" : "LØNNSINNTEKT",
              "fordel" : "kontantytelse",
              "beskrivelse" : "fastloenn"
            }, {
              "hendelseId" : "88db765b-624c-4847-b407-20e6fc0e3b3b",
              "beløp" : 31000.0,
              "tidsstempel" : "2023-10-17T07:47:30.604606",
              "måned" : "2017-05",
              "type" : "LØNNSINNTEKT",
              "fordel" : "kontantytelse",
              "beskrivelse" : "fastloenn"
            }, {
              "hendelseId" : "88db765b-624c-4847-b407-20e6fc0e3b3b",
              "beløp" : 31000.0,
              "tidsstempel" : "2023-10-17T07:47:30.604608",
              "måned" : "2017-06",
              "type" : "LØNNSINNTEKT",
              "fordel" : "kontantytelse",
              "beskrivelse" : "fastloenn"
            }, {
              "hendelseId" : "88db765b-624c-4847-b407-20e6fc0e3b3b",
              "beløp" : 31000.0,
              "tidsstempel" : "2023-10-17T07:47:30.604611",
              "måned" : "2017-07",
              "type" : "LØNNSINNTEKT",
              "fordel" : "kontantytelse",
              "beskrivelse" : "fastloenn"
            }, {
              "hendelseId" : "88db765b-624c-4847-b407-20e6fc0e3b3b",
              "beløp" : 31000.0,
              "tidsstempel" : "2023-10-17T07:47:30.604613",
              "måned" : "2017-08",
              "type" : "LØNNSINNTEKT",
              "fordel" : "kontantytelse",
              "beskrivelse" : "fastloenn"
            }, {
              "hendelseId" : "88db765b-624c-4847-b407-20e6fc0e3b3b",
              "beløp" : 31000.0,
              "tidsstempel" : "2023-10-17T07:47:30.604616",
              "måned" : "2017-09",
              "type" : "LØNNSINNTEKT",
              "fordel" : "kontantytelse",
              "beskrivelse" : "fastloenn"
            }, {
              "hendelseId" : "88db765b-624c-4847-b407-20e6fc0e3b3b",
              "beløp" : 31000.0,
              "tidsstempel" : "2023-10-17T07:47:30.604618",
              "måned" : "2017-10",
              "type" : "LØNNSINNTEKT",
              "fordel" : "kontantytelse",
              "beskrivelse" : "fastloenn"
            }, {
              "hendelseId" : "88db765b-624c-4847-b407-20e6fc0e3b3b",
              "beløp" : 31000.0,
              "tidsstempel" : "2023-10-17T07:47:30.604621",
              "måned" : "2017-11",
              "type" : "LØNNSINNTEKT",
              "fordel" : "kontantytelse",
              "beskrivelse" : "fastloenn"
            }, {
              "hendelseId" : "88db765b-624c-4847-b407-20e6fc0e3b3b",
              "beløp" : 31000.0,
              "tidsstempel" : "2023-10-17T07:47:30.604623",
              "måned" : "2017-12",
              "type" : "LØNNSINNTEKT",
              "fordel" : "kontantytelse",
              "beskrivelse" : "fastloenn"
            } ]
          } ]
        },
        "grunnbeløp" : 561804.0,
        "arbeidsgiverInntektsopplysninger" : [ {
          "orgnummer" : "a1",
          "inntektsopplysning" : {
            "id" : "41f61481-64cc-4275-b555-00108878e414",
            "dato" : "2018-01-01",
            "hendelseId" : "b91432eb-0468-4789-9aea-0210473852bd",
            "beløp" : 31000.0,
            "kilde" : "INNTEKTSMELDING",
            "tidsstempel" : "2023-10-17T07:47:30.591333"
          },
          "refusjonsopplysninger" : [ {
            "meldingsreferanseId" : "b91432eb-0468-4789-9aea-0210473852bd",
            "fom" : "2018-01-01",
            "tom" : null,
            "beløp" : 31000.0
          } ]
        } ],
        "begrensning" : "ER_IKKE_6G_BEGRENSET",
        "deaktiverteArbeidsforhold" : [ ],
        "vurdertInfotrygd" : false,
        "minsteinntekt" : 46817.0,
        "oppfyllerMinsteinntektskrav" : true,
        "tilstand" : "FASTSATT_ETTER_HOVEDREGEL"
      },
      "opptjening" : {
        "arbeidsforhold" : [ {
          "orgnummer" : "a1",
          "ansattPerioder" : [ {
            "ansattFom" : "1970-01-01",
            "ansattTom" : null,
            "deaktivert" : false
          } ]
        } ],
        "opptjeningFom" : "1970-01-01",
        "opptjeningTom" : "2017-12-31"
      },
      "medlemskapstatus" : "JA",
      "vurdertOk" : true,
      "meldingsreferanseId" : "88db765b-624c-4847-b407-20e6fc0e3b3b",
      "vilkårsgrunnlagId" : "134cf9b4-6146-49c5-81fb-44f490fb0369"
    } ]
  } ],
  "skjemaVersjon": 276
}