{
  "aktørId" : "42",
  "fødselsnummer" : "12029240045",
  "opprettet" : "2023-10-17T20:14:20.943354",
  "fødselsdato" : "1992-02-12",
  "dødsdato" : null,
  "arbeidsgivere" : [ {
    "inntektshistorikk" : [ {
      "id" : "a26ae4c4-e929-422b-9b4a-e6267a79257f",
      "dato" : "2018-01-01",
      "hendelseId" : "59afb23f-6eb9-4c7b-9116-9cea0a9b73d6",
      "beløp" : 31000.0,
      "tidsstempel" : "2023-10-17T20:14:20.94552"
    } ],
    "sykdomshistorikk" : [ {
      "id" : "b4b988f5-2615-4cb1-bff8-d729f17baa13",
      "hendelseId" : null,
      "tidsstempel" : "2023-10-17T20:14:20.950826",
      "hendelseSykdomstidslinje" : {
        "låstePerioder" : [ ],
        "periode" : null,
        "dager" : [ ]
      },
      "beregnetSykdomstidslinje" : {
        "låstePerioder" : [ ],
        "periode" : null,
        "dager" : [ ]
      }
    }, {
      "id" : "8f7a3bcb-c11d-4a85-b34e-be974fa7c9e9",
      "hendelseId" : "d3472847-670d-4b0b-badf-15b9610db5c3",
      "tidsstempel" : "2023-10-17T20:14:20.94412",
      "hendelseSykdomstidslinje" : {
        "låstePerioder" : [ ],
        "periode" : {
          "fom" : "2018-01-01",
          "tom" : "2018-01-31"
        },
        "dager" : [ {
          "fom" : "2018-01-01",
          "tom" : "2018-01-31",
          "type" : "SYKEDAG",
          "kilde" : {
            "type" : "Søknad",
            "id" : "d3472847-670d-4b0b-badf-15b9610db5c3",
            "tidsstempel" : "2018-01-01T00:00:00"
          },
          "grad" : 100.0
        } ]
      },
      "beregnetSykdomstidslinje" : {
        "låstePerioder" : [ ],
        "periode" : {
          "fom" : "2018-01-01",
          "tom" : "2018-01-31"
        },
        "dager" : [ {
          "fom" : "2018-01-01",
          "tom" : "2018-01-31",
          "type" : "SYKEDAG",
          "kilde" : {
            "type" : "Søknad",
            "id" : "d3472847-670d-4b0b-badf-15b9610db5c3",
            "tidsstempel" : "2018-01-01T00:00:00"
          },
          "grad" : 100.0
        } ]
      }
    } ],
    "sykmeldingsperioder" : [ ],
    "utbetalinger" : [ {
      "id" : "eabbc602-f32f-4cf9-96e4-e8e79c1ab91b",
      "korrelasjonsId" : "9b1161ba-0693-47e6-9cbb-8aa0873e35d0",
      "beregningId" : "8b5d917f-9760-4e80-bf3b-6be7665c2b5c",
      "annulleringer" : [ ],
      "utbetalingstidslinje" : {
        "dager" : [ {
          "fom" : "2018-01-01",
          "tom" : "2018-01-16",
          "type" : "ArbeidsgiverperiodeDag",
          "grad" : 100.0,
          "totalGrad" : 100.0,
          "arbeidsgiverRefusjonsbeløp" : 1430.7692307692307,
          "grunnbeløpgrense" : 561804.0,
          "dekningsgrunnlag" : 1430.7692307692307,
          "aktuellDagsinntekt" : 1430.7692307692307,
          "arbeidsgiverbeløp" : 0.0,
          "personbeløp" : 0.0,
          "er6GBegrenset" : false
        }, {
          "fom" : "2018-01-17",
          "tom" : "2018-01-19",
          "type" : "NavDag",
          "grad" : 100.0,
          "totalGrad" : 100.0,
          "arbeidsgiverRefusjonsbeløp" : 1430.7692307692307,
          "grunnbeløpgrense" : 561804.0,
          "dekningsgrunnlag" : 1430.7692307692307,
          "aktuellDagsinntekt" : 1430.7692307692307,
          "arbeidsgiverbeløp" : 1431.0,
          "personbeløp" : 0.0,
          "er6GBegrenset" : false
        }, {
          "fom" : "2018-01-20",
          "tom" : "2018-01-21",
          "type" : "NavHelgDag",
          "grad" : 100.0,
          "totalGrad" : 100.0,
          "arbeidsgiverRefusjonsbeløp" : 0.0,
          "grunnbeløpgrense" : 561804.0,
          "dekningsgrunnlag" : 0.0,
          "aktuellDagsinntekt" : 0.0,
          "arbeidsgiverbeløp" : 0.0,
          "personbeløp" : 0.0,
          "er6GBegrenset" : false
        }, {
          "fom" : "2018-01-22",
          "tom" : "2018-01-26",
          "type" : "NavDag",
          "grad" : 100.0,
          "totalGrad" : 100.0,
          "arbeidsgiverRefusjonsbeløp" : 1430.7692307692307,
          "grunnbeløpgrense" : 561804.0,
          "dekningsgrunnlag" : 1430.7692307692307,
          "aktuellDagsinntekt" : 1430.7692307692307,
          "arbeidsgiverbeløp" : 1431.0,
          "personbeløp" : 0.0,
          "er6GBegrenset" : false
        }, {
          "fom" : "2018-01-27",
          "tom" : "2018-01-28",
          "type" : "NavHelgDag",
          "grad" : 100.0,
          "totalGrad" : 100.0,
          "arbeidsgiverRefusjonsbeløp" : 0.0,
          "grunnbeløpgrense" : 561804.0,
          "dekningsgrunnlag" : 0.0,
          "aktuellDagsinntekt" : 0.0,
          "arbeidsgiverbeløp" : 0.0,
          "personbeløp" : 0.0,
          "er6GBegrenset" : false
        }, {
          "fom" : "2018-01-29",
          "tom" : "2018-01-31",
          "type" : "NavDag",
          "grad" : 100.0,
          "totalGrad" : 100.0,
          "arbeidsgiverRefusjonsbeløp" : 1430.7692307692307,
          "grunnbeløpgrense" : 561804.0,
          "dekningsgrunnlag" : 1430.7692307692307,
          "aktuellDagsinntekt" : 1430.7692307692307,
          "arbeidsgiverbeløp" : 1431.0,
          "personbeløp" : 0.0,
          "er6GBegrenset" : false
        } ]
      },
      "arbeidsgiverOppdrag" : {
        "mottaker" : "a1",
        "fagområde" : "SPREF",
        "linjer" : [ {
          "fom" : "2018-01-17",
          "tom" : "2018-01-31",
          "satstype" : "DAG",
          "sats" : 1431,
          "grad" : 100,
          "stønadsdager" : 11,
          "totalbeløp" : 15741,
          "endringskode" : "NY",
          "delytelseId" : 1,
          "refDelytelseId" : null,
          "refFagsystemId" : null,
          "statuskode" : null,
          "datoStatusFom" : null,
          "klassekode" : "SPREFAG-IOP"
        } ],
        "fagsystemId" : "EVZDYLGHK5EVPE2EZWNX3HU6LU",
        "endringskode" : "NY",
        "sisteArbeidsgiverdag" : "2018-01-16",
        "tidsstempel" : "2023-10-17T20:14:20.949737",
        "totalbeløp" : 15741,
        "nettoBeløp" : 15741,
        "stønadsdager" : 11,
        "avstemmingsnøkkel" : null,
        "status" : null,
        "overføringstidspunkt" : null,
        "erSimulert" : true,
        "simuleringsResultat" : {
          "totalbeløp" : 2000,
          "perioder" : [ {
            "fom" : "2018-01-17",
            "tom" : "2018-01-20",
            "utbetalinger" : [ {
              "forfallsdato" : "2018-01-21",
              "utbetalesTil" : {
                "id" : "a1",
                "navn" : "Org Orgesen AS"
              },
              "feilkonto" : false,
              "detaljer" : [ {
                "fom" : "2018-01-17",
                "tom" : "2018-01-20",
                "konto" : "81549300",
                "beløp" : 2000,
                "klassekode" : {
                  "kode" : "SPREFAG-IOP",
                  "beskrivelse" : "Sykepenger, Refusjon arbeidsgiver"
                },
                "uføregrad" : 100,
                "utbetalingstype" : "YTEL",
                "tilbakeføring" : false,
                "sats" : {
                  "sats" : 1000.0,
                  "antall" : 2,
                  "type" : "DAG"
                },
                "refunderesOrgnummer" : "a1"
              } ]
            } ]
          } ]
        }
      },
      "personOppdrag" : {
        "mottaker" : "12029240045",
        "fagområde" : "SP",
        "linjer" : [ ],
        "fagsystemId" : "7QJ5KVD4HVBMVAN7XXPY45PONI",
        "endringskode" : "NY",
        "sisteArbeidsgiverdag" : "2018-01-16",
        "tidsstempel" : "2023-10-17T20:14:20.949742",
        "totalbeløp" : 0,
        "nettoBeløp" : 0,
        "stønadsdager" : 0,
        "avstemmingsnøkkel" : null,
        "status" : null,
        "overføringstidspunkt" : null,
        "erSimulert" : false,
        "simuleringsResultat" : null
      },
      "fom" : "2018-01-01",
      "tom" : "2018-01-31",
      "stønadsdager" : 11,
      "tidsstempel" : "2023-10-17T20:14:20.94977",
      "status" : "FORKASTET",
      "type" : "UTBETALING",
      "maksdato" : "2018-12-28",
      "forbrukteSykedager" : 11,
      "gjenståendeSykedager" : 237,
      "vurdering" : null,
      "overføringstidspunkt" : null,
      "avstemmingsnøkkel" : null,
      "avsluttet" : null,
      "oppdatert" : "2023-10-17T20:14:20.95072"
    } ],
    "vedtaksperioder" : [ ],
    "forkastede" : [ {
      "vedtaksperiode" : {
        "sykdomstidslinje" : {
          "låstePerioder" : [ ],
          "periode" : {
            "fom" : "2018-01-01",
            "tom" : "2018-01-31"
          },
          "dager" : [ {
            "fom" : "2018-01-01",
            "tom" : "2018-01-31",
            "type" : "SYKEDAG",
            "kilde" : {
              "type" : "Søknad",
              "id" : "d3472847-670d-4b0b-badf-15b9610db5c3",
              "tidsstempel" : "2018-01-01T00:00:00"
            },
            "grad" : 100.0
          } ]
        },
        "id" : "45a5315e-f1e2-4472-972b-7dbc888c2c86",
        "fom" : "2018-01-01",
        "tom" : "2018-01-31",
        "sykmeldingFom" : "2018-01-01",
        "sykmeldingTom" : "2018-01-31",
        "hendelseIder" : [ {
          "dokumentId" : "d3472847-670d-4b0b-badf-15b9610db5c3",
          "dokumenttype" : "Søknad"
        }, {
          "dokumentId" : "59afb23f-6eb9-4c7b-9116-9cea0a9b73d6",
          "dokumenttype" : "InntektsmeldingInntekt"
        } ],
        "tilstand" : "TIL_INFOTRYGD",
        "generasjoner" : [ {
          "id" : "<! random uuid !>",
          "tidsstempel" : "2023-10-17T20:14:20.944073",
          "tilstand" : "TIL_INFOTRYGD",
          "fom" : "2018-01-01",
          "tom" : "2018-01-31",
          "vedtakFattet" : null,
          "avsluttet" : "2023-10-17T20:14:20.950788",
          "endringer" : [ {
            "id" : "<! random uuid !>",
            "tidsstempel" : "2023-10-17T20:14:20.944073",
            "sykmeldingsperiodeFom" : "2018-01-01",
            "sykmeldingsperiodeTom" : "2018-01-31",
            "fom" : "2018-01-01",
            "tom" : "2018-01-31",
            "utbetalingId" : null,
            "vilkårsgrunnlagId" : null,
            "sykdomstidslinje" : {
              "låstePerioder" : [ ],
              "periode" : {
                "fom" : "2018-01-01",
                "tom" : "2018-01-31"
              },
              "dager" : [ {
                "fom" : "2018-01-01",
                "tom" : "2018-01-31",
                "type" : "SYKEDAG",
                "kilde" : {
                  "type" : "Søknad",
                  "id" : "d3472847-670d-4b0b-badf-15b9610db5c3",
                  "tidsstempel" : "2018-01-01T00:00:00"
                },
                "grad" : 100.0
              } ]
            },
            "dokumentsporing" : {
              "dokumentId" : "d3472847-670d-4b0b-badf-15b9610db5c3",
              "dokumenttype" : "Søknad"
            }
          }, {
            "id" : "<! random uuid !>",
            "tidsstempel" : "2023-10-17T20:14:20.945520",
            "sykmeldingsperiodeFom" : "2018-01-01",
            "sykmeldingsperiodeTom" : "2018-01-31",
            "fom" : "2018-01-01",
            "tom" : "2018-01-31",
            "utbetalingId" : null,
            "vilkårsgrunnlagId" : null,
            "sykdomstidslinje" : {
              "låstePerioder" : [ ],
              "periode" : {
                "fom" : "2018-01-01",
                "tom" : "2018-01-31"
              },
              "dager" : [ {
                "fom" : "2018-01-01",
                "tom" : "2018-01-31",
                "type" : "SYKEDAG",
                "kilde" : {
                  "type" : "Søknad",
                  "id" : "d3472847-670d-4b0b-badf-15b9610db5c3",
                  "tidsstempel" : "2018-01-01T00:00:00"
                },
                "grad" : 100.0
              } ]
            },
            "dokumentsporing" : {
              "dokumentId" : "59afb23f-6eb9-4c7b-9116-9cea0a9b73d6",
              "dokumenttype" : "InntektsmeldingInntekt"
            }
          }, {
            "id" : "<! random uuid !>",
            "tidsstempel" : "2023-10-17T20:14:20.949770",
            "sykmeldingsperiodeFom" : "2018-01-01",
            "sykmeldingsperiodeTom" : "2018-01-31",
            "fom" : "2018-01-01",
            "tom" : "2018-01-31",
            "utbetalingId" : "eabbc602-f32f-4cf9-96e4-e8e79c1ab91b",
            "vilkårsgrunnlagId" : "5f0ad8e1-e5c9-47c9-9c6a-e7013dab9732",
            "sykdomstidslinje" : {
              "låstePerioder" : [ ],
              "periode" : {
                "fom" : "2018-01-01",
                "tom" : "2018-01-31"
              },
              "dager" : [ {
                "fom" : "2018-01-01",
                "tom" : "2018-01-31",
                "type" : "SYKEDAG",
                "kilde" : {
                  "type" : "Søknad",
                  "id" : "d3472847-670d-4b0b-badf-15b9610db5c3",
                  "tidsstempel" : "2018-01-01T00:00:00"
                },
                "grad" : 100.0
              } ]
            },
            "dokumentsporing" : {
              "dokumentId" : "59afb23f-6eb9-4c7b-9116-9cea0a9b73d6",
              "dokumenttype" : "InntektsmeldingInntekt"
            }
          } ]
        } ],
        "skjæringstidspunkt" : "2018-01-01",
        "opprettet" : "2023-10-17T20:14:20.944073",
        "oppdatert" : "2023-10-17T20:14:20.950788"
      }
    } ],
    "refusjonshistorikk" : [ {
      "meldingsreferanseId" : "59afb23f-6eb9-4c7b-9116-9cea0a9b73d6",
      "førsteFraværsdag" : "2018-01-01",
      "arbeidsgiverperioder" : [ ],
      "beløp" : 31000.0,
      "sisteRefusjonsdag" : null,
      "endringerIRefusjon" : [ ],
      "tidsstempel" : "2023-10-17T20:14:20.945524"
    } ],
    "id" : "6b89659f-e267-4ee1-b8fe-5b73e76ca514",
    "organisasjonsnummer" : "a1",
    "beregnetUtbetalingstidslinjer" : [ {
      "id" : "8b5d917f-9760-4e80-bf3b-6be7665c2b5c",
      "sykdomshistorikkElementId" : "8f7a3bcb-c11d-4a85-b34e-be974fa7c9e9",
      "vilkårsgrunnlagHistorikkInnslagId" : "577b634e-378d-42a8-bc87-0acd3541f60c",
      "tidsstempel" : "2023-10-17T20:14:20.949647",
      "organisasjonsnummer" : "a1",
      "utbetalingstidslinje" : {
        "dager" : [ {
          "fom" : "2018-01-01",
          "tom" : "2018-01-16",
          "type" : "ArbeidsgiverperiodeDag",
          "grad" : 100.0,
          "totalGrad" : 100.0,
          "arbeidsgiverRefusjonsbeløp" : 1430.7692307692307,
          "grunnbeløpgrense" : 561804.0,
          "dekningsgrunnlag" : 1430.7692307692307,
          "aktuellDagsinntekt" : 1430.7692307692307,
          "arbeidsgiverbeløp" : 0.0,
          "personbeløp" : 0.0,
          "er6GBegrenset" : false
        }, {
          "fom" : "2018-01-17",
          "tom" : "2018-01-19",
          "type" : "NavDag",
          "grad" : 100.0,
          "totalGrad" : 100.0,
          "arbeidsgiverRefusjonsbeløp" : 1430.7692307692307,
          "grunnbeløpgrense" : 561804.0,
          "dekningsgrunnlag" : 1430.7692307692307,
          "aktuellDagsinntekt" : 1430.7692307692307,
          "arbeidsgiverbeløp" : 1431.0,
          "personbeløp" : 0.0,
          "er6GBegrenset" : false
        }, {
          "fom" : "2018-01-20",
          "tom" : "2018-01-21",
          "type" : "NavHelgDag",
          "grad" : 100.0,
          "totalGrad" : 100.0,
          "arbeidsgiverRefusjonsbeløp" : 0.0,
          "grunnbeløpgrense" : 561804.0,
          "dekningsgrunnlag" : 0.0,
          "aktuellDagsinntekt" : 0.0,
          "arbeidsgiverbeløp" : 0.0,
          "personbeløp" : 0.0,
          "er6GBegrenset" : false
        }, {
          "fom" : "2018-01-22",
          "tom" : "2018-01-26",
          "type" : "NavDag",
          "grad" : 100.0,
          "totalGrad" : 100.0,
          "arbeidsgiverRefusjonsbeløp" : 1430.7692307692307,
          "grunnbeløpgrense" : 561804.0,
          "dekningsgrunnlag" : 1430.7692307692307,
          "aktuellDagsinntekt" : 1430.7692307692307,
          "arbeidsgiverbeløp" : 1431.0,
          "personbeløp" : 0.0,
          "er6GBegrenset" : false
        }, {
          "fom" : "2018-01-27",
          "tom" : "2018-01-28",
          "type" : "NavHelgDag",
          "grad" : 100.0,
          "totalGrad" : 100.0,
          "arbeidsgiverRefusjonsbeløp" : 0.0,
          "grunnbeløpgrense" : 561804.0,
          "dekningsgrunnlag" : 0.0,
          "aktuellDagsinntekt" : 0.0,
          "arbeidsgiverbeløp" : 0.0,
          "personbeløp" : 0.0,
          "er6GBegrenset" : false
        }, {
          "fom" : "2018-01-29",
          "tom" : "2018-01-31",
          "type" : "NavDag",
          "grad" : 100.0,
          "totalGrad" : 100.0,
          "arbeidsgiverRefusjonsbeløp" : 1430.7692307692307,
          "grunnbeløpgrense" : 561804.0,
          "dekningsgrunnlag" : 1430.7692307692307,
          "aktuellDagsinntekt" : 1430.7692307692307,
          "arbeidsgiverbeløp" : 1431.0,
          "personbeløp" : 0.0,
          "er6GBegrenset" : false
        } ]
      }
    } ],
    "refusjonOpphører" : [ ],
    "feriepengeutbetalinger" : [ ]
  } ],
  "infotrygdhistorikk" : [ {
    "id" : "b8f859d3-7a69-451a-9112-345586895b90",
    "tidsstempel" : "2023-10-17T20:14:20.944433",
    "hendelseId" : "7ce50ab5-e808-4fa4-afcf-05eee6b7f627",
    "ferieperioder" : [ ],
    "arbeidsgiverutbetalingsperioder" : [ ],
    "personutbetalingsperioder" : [ ],
    "inntekter" : [ ],
    "arbeidskategorikoder" : { },
    "oppdatert" : "2023-10-17T20:14:20.944429"
  } ],
  "vilkårsgrunnlagHistorikk" : [ {
    "id" : "aa79a1e2-004c-4a67-b936-26126daf0ceb",
    "opprettet" : "2023-10-17T20:14:20.951548",
    "vilkårsgrunnlag" : [ ]
  }, {
    "id" : "577b634e-378d-42a8-bc87-0acd3541f60c",
    "opprettet" : "2023-10-17T20:14:20.947258",
    "vilkårsgrunnlag" : [ {
      "skjæringstidspunkt" : "2018-01-01",
      "type" : "Vilkårsprøving",
      "sykepengegrunnlag" : {
        "sykepengegrunnlag" : 372000.0,
        "avviksprosent" : 0.0,
        "beregningsgrunnlag" : 372000.0,
        "totalOmregnetÅrsinntekt" : 372000.0,
        "sammenligningsgrunnlag" : {
          "sammenligningsgrunnlag" : 372000.0,
          "arbeidsgiverInntektsopplysninger" : [ {
            "orgnummer" : "a1",
            "skatteopplysninger" : [ {
              "hendelseId" : "b7835566-b333-47d8-9d19-5635f91aa420",
              "beløp" : 31000.0,
              "tidsstempel" : "2023-10-17T20:14:20.946843",
              "måned" : "2017-01",
              "type" : "LØNNSINNTEKT",
              "fordel" : "kontantytelse",
              "beskrivelse" : "fastloenn"
            }, {
              "hendelseId" : "b7835566-b333-47d8-9d19-5635f91aa420",
              "beløp" : 31000.0,
              "tidsstempel" : "2023-10-17T20:14:20.946844",
              "måned" : "2017-02",
              "type" : "LØNNSINNTEKT",
              "fordel" : "kontantytelse",
              "beskrivelse" : "fastloenn"
            }, {
              "hendelseId" : "b7835566-b333-47d8-9d19-5635f91aa420",
              "beløp" : 31000.0,
              "tidsstempel" : "2023-10-17T20:14:20.946845",
              "måned" : "2017-03",
              "type" : "LØNNSINNTEKT",
              "fordel" : "kontantytelse",
              "beskrivelse" : "fastloenn"
            }, {
              "hendelseId" : "b7835566-b333-47d8-9d19-5635f91aa420",
              "beløp" : 31000.0,
              "tidsstempel" : "2023-10-17T20:14:20.946845",
              "måned" : "2017-04",
              "type" : "LØNNSINNTEKT",
              "fordel" : "kontantytelse",
              "beskrivelse" : "fastloenn"
            }, {
              "hendelseId" : "b7835566-b333-47d8-9d19-5635f91aa420",
              "beløp" : 31000.0,
              "tidsstempel" : "2023-10-17T20:14:20.946846",
              "måned" : "2017-05",
              "type" : "LØNNSINNTEKT",
              "fordel" : "kontantytelse",
              "beskrivelse" : "fastloenn"
            }, {
              "hendelseId" : "b7835566-b333-47d8-9d19-5635f91aa420",
              "beløp" : 31000.0,
              "tidsstempel" : "2023-10-17T20:14:20.946847",
              "måned" : "2017-06",
              "type" : "LØNNSINNTEKT",
              "fordel" : "kontantytelse",
              "beskrivelse" : "fastloenn"
            }, {
              "hendelseId" : "b7835566-b333-47d8-9d19-5635f91aa420",
              "beløp" : 31000.0,
              "tidsstempel" : "2023-10-17T20:14:20.946848",
              "måned" : "2017-07",
              "type" : "LØNNSINNTEKT",
              "fordel" : "kontantytelse",
              "beskrivelse" : "fastloenn"
            }, {
              "hendelseId" : "b7835566-b333-47d8-9d19-5635f91aa420",
              "beløp" : 31000.0,
              "tidsstempel" : "2023-10-17T20:14:20.946848",
              "måned" : "2017-08",
              "type" : "LØNNSINNTEKT",
              "fordel" : "kontantytelse",
              "beskrivelse" : "fastloenn"
            }, {
              "hendelseId" : "b7835566-b333-47d8-9d19-5635f91aa420",
              "beløp" : 31000.0,
              "tidsstempel" : "2023-10-17T20:14:20.946849",
              "måned" : "2017-09",
              "type" : "LØNNSINNTEKT",
              "fordel" : "kontantytelse",
              "beskrivelse" : "fastloenn"
            }, {
              "hendelseId" : "b7835566-b333-47d8-9d19-5635f91aa420",
              "beløp" : 31000.0,
              "tidsstempel" : "2023-10-17T20:14:20.946849",
              "måned" : "2017-10",
              "type" : "LØNNSINNTEKT",
              "fordel" : "kontantytelse",
              "beskrivelse" : "fastloenn"
            }, {
              "hendelseId" : "b7835566-b333-47d8-9d19-5635f91aa420",
              "beløp" : 31000.0,
              "tidsstempel" : "2023-10-17T20:14:20.94685",
              "måned" : "2017-11",
              "type" : "LØNNSINNTEKT",
              "fordel" : "kontantytelse",
              "beskrivelse" : "fastloenn"
            }, {
              "hendelseId" : "b7835566-b333-47d8-9d19-5635f91aa420",
              "beløp" : 31000.0,
              "tidsstempel" : "2023-10-17T20:14:20.946851",
              "måned" : "2017-12",
              "type" : "LØNNSINNTEKT",
              "fordel" : "kontantytelse",
              "beskrivelse" : "fastloenn"
            } ]
          } ]
        },
        "grunnbeløp" : 561804.0,
        "arbeidsgiverInntektsopplysninger" : [ {
          "orgnummer" : "a1",
          "inntektsopplysning" : {
            "id" : "a26ae4c4-e929-422b-9b4a-e6267a79257f",
            "dato" : "2018-01-01",
            "hendelseId" : "59afb23f-6eb9-4c7b-9116-9cea0a9b73d6",
            "beløp" : 31000.0,
            "kilde" : "INNTEKTSMELDING",
            "tidsstempel" : "2023-10-17T20:14:20.94552"
          },
          "refusjonsopplysninger" : [ {
            "meldingsreferanseId" : "59afb23f-6eb9-4c7b-9116-9cea0a9b73d6",
            "fom" : "2018-01-01",
            "tom" : null,
            "beløp" : 31000.0
          } ]
        } ],
        "begrensning" : "ER_IKKE_6G_BEGRENSET",
        "deaktiverteArbeidsforhold" : [ ],
        "vurdertInfotrygd" : false,
        "minsteinntekt" : 46817.0,
        "oppfyllerMinsteinntektskrav" : true,
        "tilstand" : "FASTSATT_ETTER_HOVEDREGEL"
      },
      "opptjening" : {
        "arbeidsforhold" : [ {
          "orgnummer" : "a1",
          "ansattPerioder" : [ {
            "ansattFom" : "1970-01-01",
            "ansattTom" : null,
            "deaktivert" : false
          } ]
        } ],
        "opptjeningFom" : "1970-01-01",
        "opptjeningTom" : "2017-12-31"
      },
      "medlemskapstatus" : "JA",
      "vurdertOk" : true,
      "meldingsreferanseId" : "b7835566-b333-47d8-9d19-5635f91aa420",
      "vilkårsgrunnlagId" : "5f0ad8e1-e5c9-47c9-9c6a-e7013dab9732"
    } ]
  } ],
  "skjemaVersjon": 276
}