{
  "aktørId" : "42",
  "fødselsnummer" : "12029240045",
  "opprettet" : "2023-10-17T20:14:20.892807",
  "fødselsdato" : "1992-02-12",
  "dødsdato" : null,
  "arbeidsgivere" : [ {
    "inntektshistorikk" : [ {
      "id" : "7fb60b21-a197-4189-8d89-67d0cefbff5e",
      "dato" : "2018-01-01",
      "hendelseId" : "31bfba77-09ff-46e4-b03b-288c2c6acf63",
      "beløp" : 31000.0,
      "tidsstempel" : "2023-10-17T20:14:20.895279"
    } ],
    "sykdomshistorikk" : [ {
      "id" : "a731b512-106c-422f-a3c2-64bfd347616e",
      "hendelseId" : "eb1f0ed0-e6c1-4637-91ad-43dd150a2885",
      "tidsstempel" : "2023-10-17T20:14:20.904907",
      "hendelseSykdomstidslinje" : {
        "låstePerioder" : [ ],
        "periode" : {
          "fom" : "2018-03-01",
          "tom" : "2018-03-31"
        },
        "dager" : [ {
          "fom" : "2018-03-01",
          "tom" : "2018-03-31",
          "type" : "SYKEDAG",
          "kilde" : {
            "type" : "Søknad",
            "id" : "eb1f0ed0-e6c1-4637-91ad-43dd150a2885",
            "tidsstempel" : "2018-03-01T00:00:00"
          },
          "grad" : 90.0
        } ]
      },
      "beregnetSykdomstidslinje" : {
        "låstePerioder" : [ ],
        "periode" : {
          "fom" : "2018-01-01",
          "tom" : "2018-03-31"
        },
        "dager" : [ {
          "fom" : "2018-01-01",
          "tom" : "2018-01-31",
          "type" : "SYKEDAG",
          "kilde" : {
            "type" : "Søknad",
            "id" : "4da0f895-e4e0-4807-8524-bd33b1de7979",
            "tidsstempel" : "2018-01-01T00:00:00"
          },
          "grad" : 100.0
        }, {
          "fom" : "2018-03-01",
          "tom" : "2018-03-31",
          "type" : "SYKEDAG",
          "kilde" : {
            "type" : "Søknad",
            "id" : "eb1f0ed0-e6c1-4637-91ad-43dd150a2885",
            "tidsstempel" : "2018-03-01T00:00:00"
          },
          "grad" : 90.0
        } ]
      }
    }, {
      "id" : "d8c4a102-828c-4568-83e7-2fc5c5a6c658",
      "hendelseId" : "6bb0b824-7496-491b-869d-58629e327f85",
      "tidsstempel" : "2023-10-17T20:14:20.90152",
      "hendelseSykdomstidslinje" : {
        "låstePerioder" : [ ],
        "periode" : {
          "fom" : "2018-03-01",
          "tom" : "2018-03-31"
        },
        "dager" : [ {
          "fom" : "2018-03-01",
          "tom" : "2018-03-31",
          "type" : "SYKEDAG",
          "kilde" : {
            "type" : "Søknad",
            "id" : "6bb0b824-7496-491b-869d-58629e327f85",
            "tidsstempel" : "2018-03-01T00:00:00"
          },
          "grad" : 100.0
        } ]
      },
      "beregnetSykdomstidslinje" : {
        "låstePerioder" : [ ],
        "periode" : {
          "fom" : "2018-01-01",
          "tom" : "2018-03-31"
        },
        "dager" : [ {
          "fom" : "2018-01-01",
          "tom" : "2018-01-31",
          "type" : "SYKEDAG",
          "kilde" : {
            "type" : "Søknad",
            "id" : "4da0f895-e4e0-4807-8524-bd33b1de7979",
            "tidsstempel" : "2018-01-01T00:00:00"
          },
          "grad" : 100.0
        }, {
          "fom" : "2018-03-01",
          "tom" : "2018-03-31",
          "type" : "SYKEDAG",
          "kilde" : {
            "type" : "Søknad",
            "id" : "6bb0b824-7496-491b-869d-58629e327f85",
            "tidsstempel" : "2018-03-01T00:00:00"
          },
          "grad" : 100.0
        } ]
      }
    }, {
      "id" : "9736b5b3-f684-4dfd-b10f-4979ca00e706",
      "hendelseId" : "4da0f895-e4e0-4807-8524-bd33b1de7979",
      "tidsstempel" : "2023-10-17T20:14:20.893608",
      "hendelseSykdomstidslinje" : {
        "låstePerioder" : [ ],
        "periode" : {
          "fom" : "2018-01-01",
          "tom" : "2018-01-31"
        },
        "dager" : [ {
          "fom" : "2018-01-01",
          "tom" : "2018-01-31",
          "type" : "SYKEDAG",
          "kilde" : {
            "type" : "Søknad",
            "id" : "4da0f895-e4e0-4807-8524-bd33b1de7979",
            "tidsstempel" : "2018-01-01T00:00:00"
          },
          "grad" : 100.0
        } ]
      },
      "beregnetSykdomstidslinje" : {
        "låstePerioder" : [ ],
        "periode" : {
          "fom" : "2018-01-01",
          "tom" : "2018-01-31"
        },
        "dager" : [ {
          "fom" : "2018-01-01",
          "tom" : "2018-01-31",
          "type" : "SYKEDAG",
          "kilde" : {
            "type" : "Søknad",
            "id" : "4da0f895-e4e0-4807-8524-bd33b1de7979",
            "tidsstempel" : "2018-01-01T00:00:00"
          },
          "grad" : 100.0
        } ]
      }
    } ],
    "sykmeldingsperioder" : [ ],
    "utbetalinger" : [ {
      "id" : "3e6bfb3c-c13e-436d-a506-3fa3b58ff370",
      "korrelasjonsId" : "525e7544-9095-4831-b94d-40b063c3672b",
      "beregningId" : "ad88c6db-495d-4eb7-9c27-a54e41b93924",
      "annulleringer" : [ ],
      "utbetalingstidslinje" : {
        "dager" : [ {
          "fom" : "2018-01-01",
          "tom" : "2018-01-16",
          "type" : "ArbeidsgiverperiodeDag",
          "grad" : 100.0,
          "totalGrad" : 100.0,
          "arbeidsgiverRefusjonsbeløp" : 1430.7692307692307,
          "grunnbeløpgrense" : 561804.0,
          "dekningsgrunnlag" : 1430.7692307692307,
          "aktuellDagsinntekt" : 1430.7692307692307,
          "arbeidsgiverbeløp" : 0.0,
          "personbeløp" : 0.0,
          "er6GBegrenset" : false
        }, {
          "fom" : "2018-01-17",
          "tom" : "2018-01-19",
          "type" : "NavDag",
          "grad" : 100.0,
          "totalGrad" : 100.0,
          "arbeidsgiverRefusjonsbeløp" : 1430.7692307692307,
          "grunnbeløpgrense" : 561804.0,
          "dekningsgrunnlag" : 1430.7692307692307,
          "aktuellDagsinntekt" : 1430.7692307692307,
          "arbeidsgiverbeløp" : 1431.0,
          "personbeløp" : 0.0,
          "er6GBegrenset" : false
        }, {
          "fom" : "2018-01-20",
          "tom" : "2018-01-21",
          "type" : "NavHelgDag",
          "grad" : 100.0,
          "totalGrad" : 100.0,
          "arbeidsgiverRefusjonsbeløp" : 0.0,
          "grunnbeløpgrense" : 561804.0,
          "dekningsgrunnlag" : 0.0,
          "aktuellDagsinntekt" : 0.0,
          "arbeidsgiverbeløp" : 0.0,
          "personbeløp" : 0.0,
          "er6GBegrenset" : false
        }, {
          "fom" : "2018-01-22",
          "tom" : "2018-01-26",
          "type" : "NavDag",
          "grad" : 100.0,
          "totalGrad" : 100.0,
          "arbeidsgiverRefusjonsbeløp" : 1430.7692307692307,
          "grunnbeløpgrense" : 561804.0,
          "dekningsgrunnlag" : 1430.7692307692307,
          "aktuellDagsinntekt" : 1430.7692307692307,
          "arbeidsgiverbeløp" : 1431.0,
          "personbeløp" : 0.0,
          "er6GBegrenset" : false
        }, {
          "fom" : "2018-01-27",
          "tom" : "2018-01-28",
          "type" : "NavHelgDag",
          "grad" : 100.0,
          "totalGrad" : 100.0,
          "arbeidsgiverRefusjonsbeløp" : 0.0,
          "grunnbeløpgrense" : 561804.0,
          "dekningsgrunnlag" : 0.0,
          "aktuellDagsinntekt" : 0.0,
          "arbeidsgiverbeløp" : 0.0,
          "personbeløp" : 0.0,
          "er6GBegrenset" : false
        }, {
          "fom" : "2018-01-29",
          "tom" : "2018-01-31",
          "type" : "NavDag",
          "grad" : 100.0,
          "totalGrad" : 100.0,
          "arbeidsgiverRefusjonsbeløp" : 1430.7692307692307,
          "grunnbeløpgrense" : 561804.0,
          "dekningsgrunnlag" : 1430.7692307692307,
          "aktuellDagsinntekt" : 1430.7692307692307,
          "arbeidsgiverbeløp" : 1431.0,
          "personbeløp" : 0.0,
          "er6GBegrenset" : false
        } ]
      },
      "arbeidsgiverOppdrag" : {
        "mottaker" : "a1",
        "fagområde" : "SPREF",
        "linjer" : [ {
          "fom" : "2018-01-17",
          "tom" : "2018-01-31",
          "satstype" : "DAG",
          "sats" : 1431,
          "grad" : 100,
          "stønadsdager" : 11,
          "totalbeløp" : 15741,
          "endringskode" : "NY",
          "delytelseId" : 1,
          "refDelytelseId" : null,
          "refFagsystemId" : null,
          "statuskode" : null,
          "datoStatusFom" : null,
          "klassekode" : "SPREFAG-IOP"
        } ],
        "fagsystemId" : "W2AVBWX5EVF4DHAKJGKLEQBRGU",
        "endringskode" : "NY",
        "sisteArbeidsgiverdag" : "2018-01-16",
        "tidsstempel" : "2023-10-17T20:14:20.900135",
        "totalbeløp" : 15741,
        "nettoBeløp" : 15741,
        "stønadsdager" : 11,
        "avstemmingsnøkkel" : null,
        "status" : null,
        "overføringstidspunkt" : null,
        "erSimulert" : true,
        "simuleringsResultat" : {
          "totalbeløp" : 2000,
          "perioder" : [ {
            "fom" : "2018-01-17",
            "tom" : "2018-01-20",
            "utbetalinger" : [ {
              "forfallsdato" : "2018-01-21",
              "utbetalesTil" : {
                "id" : "a1",
                "navn" : "Org Orgesen AS"
              },
              "feilkonto" : false,
              "detaljer" : [ {
                "fom" : "2018-01-17",
                "tom" : "2018-01-20",
                "konto" : "81549300",
                "beløp" : 2000,
                "klassekode" : {
                  "kode" : "SPREFAG-IOP",
                  "beskrivelse" : "Sykepenger, Refusjon arbeidsgiver"
                },
                "uføregrad" : 100,
                "utbetalingstype" : "YTEL",
                "tilbakeføring" : false,
                "sats" : {
                  "sats" : 1000.0,
                  "antall" : 2,
                  "type" : "DAG"
                },
                "refunderesOrgnummer" : "a1"
              } ]
            } ]
          } ]
        }
      },
      "personOppdrag" : {
        "mottaker" : "12029240045",
        "fagområde" : "SP",
        "linjer" : [ ],
        "fagsystemId" : "NYEMO3Q7FNB3LPHH6UILZJOPPM",
        "endringskode" : "NY",
        "sisteArbeidsgiverdag" : "2018-01-16",
        "tidsstempel" : "2023-10-17T20:14:20.900139",
        "totalbeløp" : 0,
        "nettoBeløp" : 0,
        "stønadsdager" : 0,
        "avstemmingsnøkkel" : null,
        "status" : null,
        "overføringstidspunkt" : null,
        "erSimulert" : false,
        "simuleringsResultat" : null
      },
      "fom" : "2018-01-01",
      "tom" : "2018-01-31",
      "stønadsdager" : 11,
      "tidsstempel" : "2023-10-17T20:14:20.90017",
      "status" : "IKKE_UTBETALT",
      "type" : "UTBETALING",
      "maksdato" : "2018-12-28",
      "forbrukteSykedager" : 11,
      "gjenståendeSykedager" : 237,
      "vurdering" : null,
      "overføringstidspunkt" : null,
      "avstemmingsnøkkel" : null,
      "avsluttet" : null,
      "oppdatert" : "2023-10-17T20:14:20.900179"
    } ],
    "vedtaksperioder" : [ {
      "sykdomstidslinje" : {
        "låstePerioder" : [ ],
        "periode" : {
          "fom" : "2018-01-01",
          "tom" : "2018-01-31"
        },
        "dager" : [ {
          "fom" : "2018-01-01",
          "tom" : "2018-01-31",
          "type" : "SYKEDAG",
          "kilde" : {
            "type" : "Søknad",
            "id" : "4da0f895-e4e0-4807-8524-bd33b1de7979",
            "tidsstempel" : "2018-01-01T00:00:00"
          },
          "grad" : 100.0
        } ]
      },
      "id" : "b7300702-fb3d-489f-8233-d476173a3b1f",
      "fom" : "2018-01-01",
      "tom" : "2018-01-31",
      "sykmeldingFom" : "2018-01-01",
      "sykmeldingTom" : "2018-01-31",
      "hendelseIder" : [ {
        "dokumentId" : "4da0f895-e4e0-4807-8524-bd33b1de7979",
        "dokumenttype" : "Søknad"
      }, {
        "dokumentId" : "31bfba77-09ff-46e4-b03b-288c2c6acf63",
        "dokumenttype" : "InntektsmeldingInntekt"
      } ],
      "tilstand" : "AVVENTER_GODKJENNING",
      "generasjoner" : [ {
        "id" : "<! en random uuid !>",
        "tidsstempel" : "2023-10-17T20:14:20.893608",
        "tilstand" : "BEREGNET",
        "fom" : "2018-01-01",
        "tom" : "2018-01-31",
        "vedtakFattet" : null,
        "avsluttet" : null,
        "endringer" : [ {
          "id" : "<! en random uuid !>",
          "tidsstempel" : "2023-10-17T20:14:20.893608",
          "sykmeldingsperiodeFom" : "2018-01-01",
          "sykmeldingsperiodeTom" : "2018-01-31",
          "fom" : "2018-01-01",
          "tom" : "2018-01-31",
          "utbetalingId" : null,
          "vilkårsgrunnlagId" : null,
          "sykdomstidslinje" : {
            "låstePerioder" : [ ],
            "periode" : {
              "fom" : "2018-01-01",
              "tom" : "2018-01-31"
            },
            "dager" : [ {
              "fom" : "2018-01-01",
              "tom" : "2018-01-31",
              "type" : "SYKEDAG",
              "kilde" : {
                "type" : "Søknad",
                "id" : "4da0f895-e4e0-4807-8524-bd33b1de7979",
                "tidsstempel" : "2018-01-01T00:00:00"
              },
              "grad" : 100.0
            } ]
          },
          "dokumentsporing" : {
            "dokumentId" : "4da0f895-e4e0-4807-8524-bd33b1de7979",
            "dokumenttype" : "Søknad"
          }
        }, {
          "id" : "<! en random uuid !>",
          "tidsstempel" : "2023-10-17T20:14:20.895279",
          "sykmeldingsperiodeFom" : "2018-01-01",
          "sykmeldingsperiodeTom" : "2018-01-31",
          "fom" : "2018-01-01",
          "tom" : "2018-01-31",
          "utbetalingId" : null,
          "vilkårsgrunnlagId" : null,
          "sykdomstidslinje" : {
            "låstePerioder" : [ ],
            "periode" : {
              "fom" : "2018-01-01",
              "tom" : "2018-01-31"
            },
            "dager" : [ {
              "fom" : "2018-01-01",
              "tom" : "2018-01-31",
              "type" : "SYKEDAG",
              "kilde" : {
                "type" : "Søknad",
                "id" : "4da0f895-e4e0-4807-8524-bd33b1de7979",
                "tidsstempel" : "2018-01-01T00:00:00"
              },
              "grad" : 100.0
            } ]
          },
          "dokumentsporing" : {
            "dokumentId" : "31bfba77-09ff-46e4-b03b-288c2c6acf63",
            "dokumenttype" : "InntektsmeldingInntekt"
          }
        }, {
          "id" : "<! en random uuid !>",
          "tidsstempel" : "2023-10-17T20:14:20.900170",
          "sykmeldingsperiodeFom" : "2018-01-01",
          "sykmeldingsperiodeTom" : "2018-01-31",
          "fom" : "2018-01-01",
          "tom" : "2018-01-31",
          "utbetalingId" : "3e6bfb3c-c13e-436d-a506-3fa3b58ff370",
          "vilkårsgrunnlagId" : "4754049e-2acb-4186-9be2-6d783775d42f",
          "sykdomstidslinje" : {
            "låstePerioder" : [ ],
            "periode" : {
              "fom" : "2018-01-01",
              "tom" : "2018-01-31"
            },
            "dager" : [ {
              "fom" : "2018-01-01",
              "tom" : "2018-01-31",
              "type" : "SYKEDAG",
              "kilde" : {
                "type" : "Søknad",
                "id" : "4da0f895-e4e0-4807-8524-bd33b1de7979",
                "tidsstempel" : "2018-01-01T00:00:00"
              },
              "grad" : 100.0
            } ]
          },
          "dokumentsporing" : {
            "dokumentId" : "31bfba77-09ff-46e4-b03b-288c2c6acf63",
            "dokumenttype" : "InntektsmeldingInntekt"
          }
        } ]
      } ],
      "skjæringstidspunkt" : "2018-01-01",
      "opprettet" : "2023-10-17T20:14:20.893513",
      "oppdatert" : "2023-10-17T20:14:20.900867"
    }, {
      "sykdomstidslinje" : {
        "låstePerioder" : [ ],
        "periode" : {
          "fom" : "2018-03-01",
          "tom" : "2018-03-31"
        },
        "dager" : [ {
          "fom" : "2018-03-01",
          "tom" : "2018-03-31",
          "type" : "SYKEDAG",
          "kilde" : {
            "type" : "Søknad",
            "id" : "eb1f0ed0-e6c1-4637-91ad-43dd150a2885",
            "tidsstempel" : "2018-03-01T00:00:00"
          },
          "grad" : 90.0
        } ]
      },
      "id" : "e27b2e91-389f-4c91-a144-7449c86e9625",
      "fom" : "2018-03-01",
      "tom" : "2018-03-31",
      "sykmeldingFom" : "2018-03-01",
      "sykmeldingTom" : "2018-03-31",
      "hendelseIder" : [ {
        "dokumentId" : "6bb0b824-7496-491b-869d-58629e327f85",
        "dokumenttype" : "Søknad"
      }, {
        "dokumentId" : "eb1f0ed0-e6c1-4637-91ad-43dd150a2885",
        "dokumenttype" : "Søknad"
      } ],
      "tilstand" : "AVVENTER_INNTEKTSMELDING",
      "generasjoner" : [ {
        "id" : "<! en random uuid !>",
        "tidsstempel" : "2023-10-17T20:14:20.901414",
        "tilstand" : "UBEREGNET",
        "fom" : "2018-03-01",
        "tom" : "2018-03-31",
        "vedtakFattet" : null,
        "avsluttet" : null,
        "endringer" : [ {
          "id" : "<! en random uuid !>",
          "tidsstempel" : "2023-10-17T20:14:20.901414",
          "sykmeldingsperiodeFom" : "2018-03-01",
          "sykmeldingsperiodeTom" : "2018-03-31",
          "fom" : "2018-03-01",
          "tom" : "2018-03-31",
          "utbetalingId" : null,
          "vilkårsgrunnlagId" : null,
          "sykdomstidslinje" : {
            "låstePerioder" : [ ],
            "periode" : {
              "fom" : "2018-03-01",
              "tom" : "2018-03-31"
            },
            "dager" : [ {
              "fom" : "2018-03-01",
              "tom" : "2018-03-31",
              "type" : "SYKEDAG",
              "kilde" : {
                "type" : "Søknad",
                "id" : "6bb0b824-7496-491b-869d-58629e327f85",
                "tidsstempel" : "2018-03-01T00:00:00"
              },
              "grad" : 100.0
            } ]
          },
          "dokumentsporing" : {
            "dokumentId" : "6bb0b824-7496-491b-869d-58629e327f85",
            "dokumenttype" : "Søknad"
          }
        }, {
          "id" : "<! en random uuid !>",
          "tidsstempel" : "2023-10-17T20:14:20.904907",
          "sykmeldingsperiodeFom" : "2018-03-01",
          "sykmeldingsperiodeTom" : "2018-03-31",
          "fom" : "2018-03-01",
          "tom" : "2018-03-31",
          "utbetalingId" : null,
          "vilkårsgrunnlagId" : null,
          "sykdomstidslinje" : {
            "låstePerioder" : [ ],
            "periode" : {
              "fom" : "2018-03-01",
              "tom" : "2018-03-31"
            },
            "dager" : [ {
              "fom" : "2018-03-01",
              "tom" : "2018-03-31",
              "type" : "SYKEDAG",
              "kilde" : {
                "type" : "Søknad",
                "id" : "eb1f0ed0-e6c1-4637-91ad-43dd150a2885",
                "tidsstempel" : "2018-03-01T00:00:00"
              },
              "grad" : 90.0
            } ]
          },
          "dokumentsporing" : {
            "dokumentId" : "eb1f0ed0-e6c1-4637-91ad-43dd150a2885",
            "dokumenttype" : "Søknad"
          }
        } ]
      } ],
      "skjæringstidspunkt" : "2018-03-01",
      "opprettet" : "2023-10-17T20:14:20.901414",
      "oppdatert" : "2023-10-17T20:14:20.901987"
    } ],
    "forkastede" : [ ],
    "refusjonshistorikk" : [ {
      "meldingsreferanseId" : "31bfba77-09ff-46e4-b03b-288c2c6acf63",
      "førsteFraværsdag" : "2018-01-01",
      "arbeidsgiverperioder" : [ ],
      "beløp" : 31000.0,
      "sisteRefusjonsdag" : null,
      "endringerIRefusjon" : [ ],
      "tidsstempel" : "2023-10-17T20:14:20.895286"
    } ],
    "id" : "294ad1da-fbd4-42ba-90e2-c27137965df4",
    "organisasjonsnummer" : "a1",
    "beregnetUtbetalingstidslinjer" : [ {
      "id" : "ad88c6db-495d-4eb7-9c27-a54e41b93924",
      "sykdomshistorikkElementId" : "9736b5b3-f684-4dfd-b10f-4979ca00e706",
      "vilkårsgrunnlagHistorikkInnslagId" : "23d5f4bb-7516-4f50-9cfc-3a1dac37b9f9",
      "tidsstempel" : "2023-10-17T20:14:20.90005",
      "organisasjonsnummer" : "a1",
      "utbetalingstidslinje" : {
        "dager" : [ {
          "fom" : "2018-01-01",
          "tom" : "2018-01-16",
          "type" : "ArbeidsgiverperiodeDag",
          "grad" : 100.0,
          "totalGrad" : 100.0,
          "arbeidsgiverRefusjonsbeløp" : 1430.7692307692307,
          "grunnbeløpgrense" : 561804.0,
          "dekningsgrunnlag" : 1430.7692307692307,
          "aktuellDagsinntekt" : 1430.7692307692307,
          "arbeidsgiverbeløp" : 0.0,
          "personbeløp" : 0.0,
          "er6GBegrenset" : false
        }, {
          "fom" : "2018-01-17",
          "tom" : "2018-01-19",
          "type" : "NavDag",
          "grad" : 100.0,
          "totalGrad" : 100.0,
          "arbeidsgiverRefusjonsbeløp" : 1430.7692307692307,
          "grunnbeløpgrense" : 561804.0,
          "dekningsgrunnlag" : 1430.7692307692307,
          "aktuellDagsinntekt" : 1430.7692307692307,
          "arbeidsgiverbeløp" : 1431.0,
          "personbeløp" : 0.0,
          "er6GBegrenset" : false
        }, {
          "fom" : "2018-01-20",
          "tom" : "2018-01-21",
          "type" : "NavHelgDag",
          "grad" : 100.0,
          "totalGrad" : 100.0,
          "arbeidsgiverRefusjonsbeløp" : 0.0,
          "grunnbeløpgrense" : 561804.0,
          "dekningsgrunnlag" : 0.0,
          "aktuellDagsinntekt" : 0.0,
          "arbeidsgiverbeløp" : 0.0,
          "personbeløp" : 0.0,
          "er6GBegrenset" : false
        }, {
          "fom" : "2018-01-22",
          "tom" : "2018-01-26",
          "type" : "NavDag",
          "grad" : 100.0,
          "totalGrad" : 100.0,
          "arbeidsgiverRefusjonsbeløp" : 1430.7692307692307,
          "grunnbeløpgrense" : 561804.0,
          "dekningsgrunnlag" : 1430.7692307692307,
          "aktuellDagsinntekt" : 1430.7692307692307,
          "arbeidsgiverbeløp" : 1431.0,
          "personbeløp" : 0.0,
          "er6GBegrenset" : false
        }, {
          "fom" : "2018-01-27",
          "tom" : "2018-01-28",
          "type" : "NavHelgDag",
          "grad" : 100.0,
          "totalGrad" : 100.0,
          "arbeidsgiverRefusjonsbeløp" : 0.0,
          "grunnbeløpgrense" : 561804.0,
          "dekningsgrunnlag" : 0.0,
          "aktuellDagsinntekt" : 0.0,
          "arbeidsgiverbeløp" : 0.0,
          "personbeløp" : 0.0,
          "er6GBegrenset" : false
        }, {
          "fom" : "2018-01-29",
          "tom" : "2018-01-31",
          "type" : "NavDag",
          "grad" : 100.0,
          "totalGrad" : 100.0,
          "arbeidsgiverRefusjonsbeløp" : 1430.7692307692307,
          "grunnbeløpgrense" : 561804.0,
          "dekningsgrunnlag" : 1430.7692307692307,
          "aktuellDagsinntekt" : 1430.7692307692307,
          "arbeidsgiverbeløp" : 1431.0,
          "personbeløp" : 0.0,
          "er6GBegrenset" : false
        } ]
      }
    } ],
    "refusjonOpphører" : [ ],
    "feriepengeutbetalinger" : [ ]
  } ],
  "infotrygdhistorikk" : [ {
    "id" : "7a20e94a-5459-454b-ae8f-44001e015407",
    "tidsstempel" : "2023-10-17T20:14:20.894071",
    "hendelseId" : "692da443-1613-41c9-808d-fc919b0ff232",
    "ferieperioder" : [ ],
    "arbeidsgiverutbetalingsperioder" : [ ],
    "personutbetalingsperioder" : [ ],
    "inntekter" : [ ],
    "arbeidskategorikoder" : { },
    "oppdatert" : "2023-10-17T20:14:20.894066"
  } ],
  "vilkårsgrunnlagHistorikk" : [ {
    "id" : "23d5f4bb-7516-4f50-9cfc-3a1dac37b9f9",
    "opprettet" : "2023-10-17T20:14:20.897136",
    "vilkårsgrunnlag" : [ {
      "skjæringstidspunkt" : "2018-01-01",
      "type" : "Vilkårsprøving",
      "sykepengegrunnlag" : {
        "sykepengegrunnlag" : 372000.0,
        "avviksprosent" : 0.0,
        "beregningsgrunnlag" : 372000.0,
        "totalOmregnetÅrsinntekt" : 372000.0,
        "sammenligningsgrunnlag" : {
          "sammenligningsgrunnlag" : 372000.0,
          "arbeidsgiverInntektsopplysninger" : [ {
            "orgnummer" : "a1",
            "skatteopplysninger" : [ {
              "hendelseId" : "fb4c9796-f52f-480b-afbf-2b879f98e348",
              "beløp" : 31000.0,
              "tidsstempel" : "2023-10-17T20:14:20.896701",
              "måned" : "2017-01",
              "type" : "LØNNSINNTEKT",
              "fordel" : "kontantytelse",
              "beskrivelse" : "fastloenn"
            }, {
              "hendelseId" : "fb4c9796-f52f-480b-afbf-2b879f98e348",
              "beløp" : 31000.0,
              "tidsstempel" : "2023-10-17T20:14:20.896702",
              "måned" : "2017-02",
              "type" : "LØNNSINNTEKT",
              "fordel" : "kontantytelse",
              "beskrivelse" : "fastloenn"
            }, {
              "hendelseId" : "fb4c9796-f52f-480b-afbf-2b879f98e348",
              "beløp" : 31000.0,
              "tidsstempel" : "2023-10-17T20:14:20.896703",
              "måned" : "2017-03",
              "type" : "LØNNSINNTEKT",
              "fordel" : "kontantytelse",
              "beskrivelse" : "fastloenn"
            }, {
              "hendelseId" : "fb4c9796-f52f-480b-afbf-2b879f98e348",
              "beløp" : 31000.0,
              "tidsstempel" : "2023-10-17T20:14:20.896704",
              "måned" : "2017-04",
              "type" : "LØNNSINNTEKT",
              "fordel" : "kontantytelse",
              "beskrivelse" : "fastloenn"
            }, {
              "hendelseId" : "fb4c9796-f52f-480b-afbf-2b879f98e348",
              "beløp" : 31000.0,
              "tidsstempel" : "2023-10-17T20:14:20.896705",
              "måned" : "2017-05",
              "type" : "LØNNSINNTEKT",
              "fordel" : "kontantytelse",
              "beskrivelse" : "fastloenn"
            }, {
              "hendelseId" : "fb4c9796-f52f-480b-afbf-2b879f98e348",
              "beløp" : 31000.0,
              "tidsstempel" : "2023-10-17T20:14:20.896705",
              "måned" : "2017-06",
              "type" : "LØNNSINNTEKT",
              "fordel" : "kontantytelse",
              "beskrivelse" : "fastloenn"
            }, {
              "hendelseId" : "fb4c9796-f52f-480b-afbf-2b879f98e348",
              "beløp" : 31000.0,
              "tidsstempel" : "2023-10-17T20:14:20.896706",
              "måned" : "2017-07",
              "type" : "LØNNSINNTEKT",
              "fordel" : "kontantytelse",
              "beskrivelse" : "fastloenn"
            }, {
              "hendelseId" : "fb4c9796-f52f-480b-afbf-2b879f98e348",
              "beløp" : 31000.0,
              "tidsstempel" : "2023-10-17T20:14:20.896707",
              "måned" : "2017-08",
              "type" : "LØNNSINNTEKT",
              "fordel" : "kontantytelse",
              "beskrivelse" : "fastloenn"
            }, {
              "hendelseId" : "fb4c9796-f52f-480b-afbf-2b879f98e348",
              "beløp" : 31000.0,
              "tidsstempel" : "2023-10-17T20:14:20.896709",
              "måned" : "2017-09",
              "type" : "LØNNSINNTEKT",
              "fordel" : "kontantytelse",
              "beskrivelse" : "fastloenn"
            }, {
              "hendelseId" : "fb4c9796-f52f-480b-afbf-2b879f98e348",
              "beløp" : 31000.0,
              "tidsstempel" : "2023-10-17T20:14:20.89671",
              "måned" : "2017-10",
              "type" : "LØNNSINNTEKT",
              "fordel" : "kontantytelse",
              "beskrivelse" : "fastloenn"
            }, {
              "hendelseId" : "fb4c9796-f52f-480b-afbf-2b879f98e348",
              "beløp" : 31000.0,
              "tidsstempel" : "2023-10-17T20:14:20.896711",
              "måned" : "2017-11",
              "type" : "LØNNSINNTEKT",
              "fordel" : "kontantytelse",
              "beskrivelse" : "fastloenn"
            }, {
              "hendelseId" : "fb4c9796-f52f-480b-afbf-2b879f98e348",
              "beløp" : 31000.0,
              "tidsstempel" : "2023-10-17T20:14:20.896711",
              "måned" : "2017-12",
              "type" : "LØNNSINNTEKT",
              "fordel" : "kontantytelse",
              "beskrivelse" : "fastloenn"
            } ]
          } ]
        },
        "grunnbeløp" : 561804.0,
        "arbeidsgiverInntektsopplysninger" : [ {
          "orgnummer" : "a1",
          "inntektsopplysning" : {
            "id" : "7fb60b21-a197-4189-8d89-67d0cefbff5e",
            "dato" : "2018-01-01",
            "hendelseId" : "31bfba77-09ff-46e4-b03b-288c2c6acf63",
            "beløp" : 31000.0,
            "kilde" : "INNTEKTSMELDING",
            "tidsstempel" : "2023-10-17T20:14:20.895279"
          },
          "refusjonsopplysninger" : [ {
            "meldingsreferanseId" : "31bfba77-09ff-46e4-b03b-288c2c6acf63",
            "fom" : "2018-01-01",
            "tom" : null,
            "beløp" : 31000.0
          } ]
        } ],
        "begrensning" : "ER_IKKE_6G_BEGRENSET",
        "deaktiverteArbeidsforhold" : [ ],
        "vurdertInfotrygd" : false,
        "minsteinntekt" : 46817.0,
        "oppfyllerMinsteinntektskrav" : true,
        "tilstand" : "FASTSATT_ETTER_HOVEDREGEL"
      },
      "opptjening" : {
        "arbeidsforhold" : [ {
          "orgnummer" : "a1",
          "ansattPerioder" : [ {
            "ansattFom" : "1970-01-01",
            "ansattTom" : null,
            "deaktivert" : false
          } ]
        } ],
        "opptjeningFom" : "1970-01-01",
        "opptjeningTom" : "2017-12-31"
      },
      "medlemskapstatus" : "JA",
      "vurdertOk" : true,
      "meldingsreferanseId" : "fb4c9796-f52f-480b-afbf-2b879f98e348",
      "vilkårsgrunnlagId" : "4754049e-2acb-4186-9be2-6d783775d42f"
    } ]
  } ],
  "skjemaVersjon": 276
}